<html>
<body>
<pre>
<h1>µVision Build Log</h1>
<h2>Tool Versions:</h2>
IDE-Version: ¦ÌVision V5.14.0.0
Copyright (C) 2015 ARM Ltd and ARM Germany GmbH. All rights reserved.
License Information: Cancer Chen, SZU, LIC=AK19U-SHWV3-ULYCE-5T3RV-M13V7-M0PR6
 
Tool Versions:
Toolchain:       MDK-ARM Professional  Version: 5.14.0.0
Toolchain Path:  D:\Keil_v5\ARM\ARMCC\Bin
C Compiler:      Armcc.exe V5.05 update 1 (build 106)
Assembler:       Armasm.exe V5.05 update 1 (build 106)
Linker/Locator:  ArmLink.exe V5.05 update 1 (build 106)
Library Manager: ArmAr.exe V5.05 update 1 (build 106)
Hex Converter:   FromElf.exe V5.05 update 1 (build 106)
CPU DLL:         SARMCM3.DLL V5.14.0.0
Dialog DLL:      DCM.DLL V1.13.1.0
Target DLL:      Segger\JL2CM3.dll V2.99.13.0
Dialog DLL:      TCM.DLL V1.14.4.0
 
<h2>Project:</h2>
F:\RP19³å°¡£¡\Code_RM2019\CC_Code_ENGINEER\CC_ENGINEER_V9.0_»¨ÀïºúÉÚ°æ\Project\project.uvprojx
Project File Date:  05/11/2019

<h2>Output:</h2>
Build target 'Cancer_Engineer'
compiling misc.c...
compiling stm32f4xx_gpio.c...
compiling stm32f4xx_rcc.c...
compiling stm32f4xx_tim.c...
compiling stm32f4xx_usart.c...
assembling startup_stm32f40xx.s...
compiling system_stm32f4xx.c...
compiling stm32f4xx_can.c...
compiling stm32f4xx_dma.c...
compiling stm32f4xx_exti.c...
compiling stm32f4xx_flash.c...
compiling stm32f4xx_spi.c...
compiling stm32f4xx_adc.c...
compiling stm32f4xx_syscfg.c...
compiling stm32f4xx_dbgmcu.c...
compiling stm32f4xx_it.c...
compiling main.c...
compiling system.c...
compiling nvic.c...
compiling gpio.c...
compiling can.c...
compiling uart.c...
compiling dma.c...
compiling tim.c...
compiling lifter.c...
compiling assist_wheel.c...
compiling bomb_claw.c...
compiling trailer.c...
compiling dutched.c...
compiling servo.c...
compiling omron.c...
compiling relay.c...
compiling led.c...
compiling chassis.c...
compiling climb_tube.c...
compiling get_bomb.c...
compiling feed_bomb.c...
compiling rescue.c...
compiling sys_check.c...
compiling modeswitch.c...
compiling inv_mpu_dmp_motion_driver.c...
compiling inv_mpu.c...
compiling mpu6050_iic.c...
compiling mpu6050_driver.c...
compiling mpu6050_temp.c...
compiling keyboard.c...
compiling remote_ctrl.c...
compiling roboremo.c...
compiling ano_tc.c...
compiling vision.c...
compiling judgement.c...
compiling my_math.c...
compiling pidckz.c...
compiling ramp.c...
linking...
Program Size: Code=88982 RO-data=5146 RW-data=848 ZI-data=5584  
".\Objects\project.axf" - 0 Error(s), 0 Warning(s).

<h2>Collection of Component include folders:</h2>
  F:\RP19³å°¡£¡\Code_RM2019\CC_Code_ENGINEER\CC_ENGINEER_V9.0_»¨ÀïºúÉÚ°æ\Project\RTE
  D:\Keil_v5\ARM\PACK\Keil\STM32F4xx_DFP\1.0.8\Device\Include

<h2>Collection of Component Files used:</h2>
</pre>
</body>
</html>
