<!doctype html public "-//w3c//dtd html 4.0 transitional//en">
<html><head>
<title>Static Call Graph - [Project\Project.axf]</title></head>
<body><HR>
<H1>Static Call Graph for image Project\Project.axf</H1><HR>
<BR><P>#&#060CALLGRAPH&#062# ARM Linker, 5050106: Last Updated: Sun Feb 10 22:40:19 2019
<BR><P>
<H3>Maximum Stack Usage =        360 bytes + Unknown(Cycles, Untraceable Function Pointers)</H3><H3>
Call chain for Maximum Stack Depth:</H3>
main &rArr; loop &rArr; mpu_get_data &rArr; mpu_dmp_get_data &rArr; dmp_read_fifo &rArr; mpu_read_fifo_stream &rArr; MPU_Read_Len &rArr; IIC_Read_Byte &rArr; IIC_NAck &rArr; delay_us &rArr; micros
<P>
<H3>
Mutually Recursive functions
</H3> <LI><a href="#[1d]">ADC_IRQHandler</a>&nbsp;&nbsp;&nbsp;&rArr;&nbsp;&nbsp;&nbsp;<a href="#[1d]">ADC_IRQHandler</a><BR>
 <LI><a href="#[5]">BusFault_Handler</a>&nbsp;&nbsp;&nbsp;&rArr;&nbsp;&nbsp;&nbsp;<a href="#[5]">BusFault_Handler</a><BR>
 <LI><a href="#[3]">HardFault_Handler</a>&nbsp;&nbsp;&nbsp;&rArr;&nbsp;&nbsp;&nbsp;<a href="#[3]">HardFault_Handler</a><BR>
 <LI><a href="#[4]">MemManage_Handler</a>&nbsp;&nbsp;&nbsp;&rArr;&nbsp;&nbsp;&nbsp;<a href="#[4]">MemManage_Handler</a><BR>
 <LI><a href="#[6]">UsageFault_Handler</a>&nbsp;&nbsp;&nbsp;&rArr;&nbsp;&nbsp;&nbsp;<a href="#[6]">UsageFault_Handler</a><BR>
 <LI><a href="#[ae]">_Error_Handler</a>&nbsp;&nbsp;&nbsp;&rArr;&nbsp;&nbsp;&nbsp;<a href="#[ae]">_Error_Handler</a><BR>
</UL>
<P>
<H3>
Function Pointers
</H3><UL>
 <LI><a href="#[1d]">ADC_IRQHandler</a> from startup_stm32f407xx.o(.text) referenced from startup_stm32f407xx.o(RESET)
 <LI><a href="#[5]">BusFault_Handler</a> from stm32f4xx_it.o(i.BusFault_Handler) referenced from startup_stm32f407xx.o(RESET)
 <LI><a href="#[1f]">CAN1_RX0_IRQHandler</a> from stm32f4xx_it.o(i.CAN1_RX0_IRQHandler) referenced from startup_stm32f407xx.o(RESET)
 <LI><a href="#[20]">CAN1_RX1_IRQHandler</a> from startup_stm32f407xx.o(.text) referenced from startup_stm32f407xx.o(RESET)
 <LI><a href="#[21]">CAN1_SCE_IRQHandler</a> from startup_stm32f407xx.o(.text) referenced from startup_stm32f407xx.o(RESET)
 <LI><a href="#[1e]">CAN1_TX_IRQHandler</a> from stm32f4xx_it.o(i.CAN1_TX_IRQHandler) referenced from startup_stm32f407xx.o(RESET)
 <LI><a href="#[4b]">CAN2_RX0_IRQHandler</a> from stm32f4xx_it.o(i.CAN2_RX0_IRQHandler) referenced from startup_stm32f407xx.o(RESET)
 <LI><a href="#[4c]">CAN2_RX1_IRQHandler</a> from startup_stm32f407xx.o(.text) referenced from startup_stm32f407xx.o(RESET)
 <LI><a href="#[4d]">CAN2_SCE_IRQHandler</a> from startup_stm32f407xx.o(.text) referenced from startup_stm32f407xx.o(RESET)
 <LI><a href="#[4a]">CAN2_TX_IRQHandler</a> from stm32f4xx_it.o(i.CAN2_TX_IRQHandler) referenced from startup_stm32f407xx.o(RESET)
 <LI><a href="#[59]">DCMI_IRQHandler</a> from startup_stm32f407xx.o(.text) referenced from startup_stm32f407xx.o(RESET)
 <LI><a href="#[16]">DMA1_Stream0_IRQHandler</a> from stm32f4xx_it.o(i.DMA1_Stream0_IRQHandler) referenced from startup_stm32f407xx.o(RESET)
 <LI><a href="#[17]">DMA1_Stream1_IRQHandler</a> from startup_stm32f407xx.o(.text) referenced from startup_stm32f407xx.o(RESET)
 <LI><a href="#[18]">DMA1_Stream2_IRQHandler</a> from startup_stm32f407xx.o(.text) referenced from startup_stm32f407xx.o(RESET)
 <LI><a href="#[19]">DMA1_Stream3_IRQHandler</a> from startup_stm32f407xx.o(.text) referenced from startup_stm32f407xx.o(RESET)
 <LI><a href="#[1a]">DMA1_Stream4_IRQHandler</a> from startup_stm32f407xx.o(.text) referenced from startup_stm32f407xx.o(RESET)
 <LI><a href="#[1b]">DMA1_Stream5_IRQHandler</a> from stm32f4xx_it.o(i.DMA1_Stream5_IRQHandler) referenced from startup_stm32f407xx.o(RESET)
 <LI><a href="#[1c]">DMA1_Stream6_IRQHandler</a> from startup_stm32f407xx.o(.text) referenced from startup_stm32f407xx.o(RESET)
 <LI><a href="#[3a]">DMA1_Stream7_IRQHandler</a> from startup_stm32f407xx.o(.text) referenced from startup_stm32f407xx.o(RESET)
 <LI><a href="#[43]">DMA2_Stream0_IRQHandler</a> from startup_stm32f407xx.o(.text) referenced from startup_stm32f407xx.o(RESET)
 <LI><a href="#[44]">DMA2_Stream1_IRQHandler</a> from startup_stm32f407xx.o(.text) referenced from startup_stm32f407xx.o(RESET)
 <LI><a href="#[45]">DMA2_Stream2_IRQHandler</a> from startup_stm32f407xx.o(.text) referenced from startup_stm32f407xx.o(RESET)
 <LI><a href="#[46]">DMA2_Stream3_IRQHandler</a> from startup_stm32f407xx.o(.text) referenced from startup_stm32f407xx.o(RESET)
 <LI><a href="#[47]">DMA2_Stream4_IRQHandler</a> from startup_stm32f407xx.o(.text) referenced from startup_stm32f407xx.o(RESET)
 <LI><a href="#[4f]">DMA2_Stream5_IRQHandler</a> from startup_stm32f407xx.o(.text) referenced from startup_stm32f407xx.o(RESET)
 <LI><a href="#[50]">DMA2_Stream6_IRQHandler</a> from startup_stm32f407xx.o(.text) referenced from startup_stm32f407xx.o(RESET)
 <LI><a href="#[51]">DMA2_Stream7_IRQHandler</a> from startup_stm32f407xx.o(.text) referenced from startup_stm32f407xx.o(RESET)
 <LI><a href="#[8]">DebugMon_Handler</a> from stm32f4xx_it.o(i.DebugMon_Handler) referenced from startup_stm32f407xx.o(RESET)
 <LI><a href="#[48]">ETH_IRQHandler</a> from startup_stm32f407xx.o(.text) referenced from startup_stm32f407xx.o(RESET)
 <LI><a href="#[49]">ETH_WKUP_IRQHandler</a> from startup_stm32f407xx.o(.text) referenced from startup_stm32f407xx.o(RESET)
 <LI><a href="#[11]">EXTI0_IRQHandler</a> from startup_stm32f407xx.o(.text) referenced from startup_stm32f407xx.o(RESET)
 <LI><a href="#[33]">EXTI15_10_IRQHandler</a> from startup_stm32f407xx.o(.text) referenced from startup_stm32f407xx.o(RESET)
 <LI><a href="#[12]">EXTI1_IRQHandler</a> from startup_stm32f407xx.o(.text) referenced from startup_stm32f407xx.o(RESET)
 <LI><a href="#[13]">EXTI2_IRQHandler</a> from startup_stm32f407xx.o(.text) referenced from startup_stm32f407xx.o(RESET)
 <LI><a href="#[14]">EXTI3_IRQHandler</a> from startup_stm32f407xx.o(.text) referenced from startup_stm32f407xx.o(RESET)
 <LI><a href="#[15]">EXTI4_IRQHandler</a> from startup_stm32f407xx.o(.text) referenced from startup_stm32f407xx.o(RESET)
 <LI><a href="#[22]">EXTI9_5_IRQHandler</a> from startup_stm32f407xx.o(.text) referenced from startup_stm32f407xx.o(RESET)
 <LI><a href="#[f]">FLASH_IRQHandler</a> from startup_stm32f407xx.o(.text) referenced from startup_stm32f407xx.o(RESET)
 <LI><a href="#[3b]">FMC_IRQHandler</a> from startup_stm32f407xx.o(.text) referenced from startup_stm32f407xx.o(RESET)
 <LI><a href="#[5b]">FPU_IRQHandler</a> from startup_stm32f407xx.o(.text) referenced from startup_stm32f407xx.o(RESET)
 <LI><a href="#[5a]">HASH_RNG_IRQHandler</a> from startup_stm32f407xx.o(.text) referenced from startup_stm32f407xx.o(RESET)
 <LI><a href="#[3]">HardFault_Handler</a> from stm32f4xx_it.o(i.HardFault_Handler) referenced from startup_stm32f407xx.o(RESET)
 <LI><a href="#[2b]">I2C1_ER_IRQHandler</a> from startup_stm32f407xx.o(.text) referenced from startup_stm32f407xx.o(RESET)
 <LI><a href="#[2a]">I2C1_EV_IRQHandler</a> from startup_stm32f407xx.o(.text) referenced from startup_stm32f407xx.o(RESET)
 <LI><a href="#[2d]">I2C2_ER_IRQHandler</a> from startup_stm32f407xx.o(.text) referenced from startup_stm32f407xx.o(RESET)
 <LI><a href="#[2c]">I2C2_EV_IRQHandler</a> from startup_stm32f407xx.o(.text) referenced from startup_stm32f407xx.o(RESET)
 <LI><a href="#[54]">I2C3_ER_IRQHandler</a> from startup_stm32f407xx.o(.text) referenced from startup_stm32f407xx.o(RESET)
 <LI><a href="#[53]">I2C3_EV_IRQHandler</a> from startup_stm32f407xx.o(.text) referenced from startup_stm32f407xx.o(RESET)
 <LI><a href="#[4]">MemManage_Handler</a> from stm32f4xx_it.o(i.MemManage_Handler) referenced from startup_stm32f407xx.o(RESET)
 <LI><a href="#[2]">NMI_Handler</a> from stm32f4xx_it.o(i.NMI_Handler) referenced from startup_stm32f407xx.o(RESET)
 <LI><a href="#[4e]">OTG_FS_IRQHandler</a> from startup_stm32f407xx.o(.text) referenced from startup_stm32f407xx.o(RESET)
 <LI><a href="#[35]">OTG_FS_WKUP_IRQHandler</a> from startup_stm32f407xx.o(.text) referenced from startup_stm32f407xx.o(RESET)
 <LI><a href="#[56]">OTG_HS_EP1_IN_IRQHandler</a> from startup_stm32f407xx.o(.text) referenced from startup_stm32f407xx.o(RESET)
 <LI><a href="#[55]">OTG_HS_EP1_OUT_IRQHandler</a> from startup_stm32f407xx.o(.text) referenced from startup_stm32f407xx.o(RESET)
 <LI><a href="#[58]">OTG_HS_IRQHandler</a> from startup_stm32f407xx.o(.text) referenced from startup_stm32f407xx.o(RESET)
 <LI><a href="#[57]">OTG_HS_WKUP_IRQHandler</a> from startup_stm32f407xx.o(.text) referenced from startup_stm32f407xx.o(RESET)
 <LI><a href="#[c]">PVD_IRQHandler</a> from startup_stm32f407xx.o(.text) referenced from startup_stm32f407xx.o(RESET)
 <LI><a href="#[9]">PendSV_Handler</a> from stm32f4xx_it.o(i.PendSV_Handler) referenced from startup_stm32f407xx.o(RESET)
 <LI><a href="#[10]">RCC_IRQHandler</a> from startup_stm32f407xx.o(.text) referenced from startup_stm32f407xx.o(RESET)
 <LI><a href="#[34]">RTC_Alarm_IRQHandler</a> from startup_stm32f407xx.o(.text) referenced from startup_stm32f407xx.o(RESET)
 <LI><a href="#[e]">RTC_WKUP_IRQHandler</a> from startup_stm32f407xx.o(.text) referenced from startup_stm32f407xx.o(RESET)
 <LI><a href="#[1]">Reset_Handler</a> from startup_stm32f407xx.o(.text) referenced from startup_stm32f407xx.o(RESET)
 <LI><a href="#[3c]">SDIO_IRQHandler</a> from startup_stm32f407xx.o(.text) referenced from startup_stm32f407xx.o(RESET)
 <LI><a href="#[2e]">SPI1_IRQHandler</a> from startup_stm32f407xx.o(.text) referenced from startup_stm32f407xx.o(RESET)
 <LI><a href="#[2f]">SPI2_IRQHandler</a> from startup_stm32f407xx.o(.text) referenced from startup_stm32f407xx.o(RESET)
 <LI><a href="#[3e]">SPI3_IRQHandler</a> from startup_stm32f407xx.o(.text) referenced from startup_stm32f407xx.o(RESET)
 <LI><a href="#[7]">SVC_Handler</a> from stm32f4xx_it.o(i.SVC_Handler) referenced from startup_stm32f407xx.o(RESET)
 <LI><a href="#[a]">SysTick_Handler</a> from stm32f4xx_it.o(i.SysTick_Handler) referenced from startup_stm32f407xx.o(RESET)
 <LI><a href="#[5d]">SystemInit</a> from system_stm32f4xx.o(i.SystemInit) referenced from startup_stm32f407xx.o(.text)
 <LI><a href="#[d]">TAMP_STAMP_IRQHandler</a> from startup_stm32f407xx.o(.text) referenced from startup_stm32f407xx.o(RESET)
 <LI><a href="#[23]">TIM1_BRK_TIM9_IRQHandler</a> from startup_stm32f407xx.o(.text) referenced from startup_stm32f407xx.o(RESET)
 <LI><a href="#[26]">TIM1_CC_IRQHandler</a> from startup_stm32f407xx.o(.text) referenced from startup_stm32f407xx.o(RESET)
 <LI><a href="#[25]">TIM1_TRG_COM_TIM11_IRQHandler</a> from startup_stm32f407xx.o(.text) referenced from startup_stm32f407xx.o(RESET)
 <LI><a href="#[24]">TIM1_UP_TIM10_IRQHandler</a> from startup_stm32f407xx.o(.text) referenced from startup_stm32f407xx.o(RESET)
 <LI><a href="#[27]">TIM2_IRQHandler</a> from startup_stm32f407xx.o(.text) referenced from startup_stm32f407xx.o(RESET)
 <LI><a href="#[28]">TIM3_IRQHandler</a> from startup_stm32f407xx.o(.text) referenced from startup_stm32f407xx.o(RESET)
 <LI><a href="#[29]">TIM4_IRQHandler</a> from startup_stm32f407xx.o(.text) referenced from startup_stm32f407xx.o(RESET)
 <LI><a href="#[3d]">TIM5_IRQHandler</a> from startup_stm32f407xx.o(.text) referenced from startup_stm32f407xx.o(RESET)
 <LI><a href="#[41]">TIM6_DAC_IRQHandler</a> from startup_stm32f407xx.o(.text) referenced from startup_stm32f407xx.o(RESET)
 <LI><a href="#[42]">TIM7_IRQHandler</a> from startup_stm32f407xx.o(.text) referenced from startup_stm32f407xx.o(RESET)
 <LI><a href="#[36]">TIM8_BRK_TIM12_IRQHandler</a> from startup_stm32f407xx.o(.text) referenced from startup_stm32f407xx.o(RESET)
 <LI><a href="#[39]">TIM8_CC_IRQHandler</a> from startup_stm32f407xx.o(.text) referenced from startup_stm32f407xx.o(RESET)
 <LI><a href="#[38]">TIM8_TRG_COM_TIM14_IRQHandler</a> from startup_stm32f407xx.o(.text) referenced from startup_stm32f407xx.o(RESET)
 <LI><a href="#[37]">TIM8_UP_TIM13_IRQHandler</a> from startup_stm32f407xx.o(.text) referenced from startup_stm32f407xx.o(RESET)
 <LI><a href="#[3f]">UART4_IRQHandler</a> from startup_stm32f407xx.o(.text) referenced from startup_stm32f407xx.o(RESET)
 <LI><a href="#[40]">UART5_IRQHandler</a> from stm32f4xx_it.o(i.UART5_IRQHandler) referenced from startup_stm32f407xx.o(RESET)
 <LI><a href="#[5f]">UART_DMAAbortOnError</a> from stm32f4xx_hal_uart.o(i.UART_DMAAbortOnError) referenced from stm32f4xx_hal_uart.o(i.HAL_UART_IRQHandler)
 <LI><a href="#[30]">USART1_IRQHandler</a> from startup_stm32f407xx.o(.text) referenced from startup_stm32f407xx.o(RESET)
 <LI><a href="#[31]">USART2_IRQHandler</a> from stm32f4xx_it.o(i.USART2_IRQHandler) referenced from startup_stm32f407xx.o(RESET)
 <LI><a href="#[32]">USART3_IRQHandler</a> from startup_stm32f407xx.o(.text) referenced from startup_stm32f407xx.o(RESET)
 <LI><a href="#[52]">USART6_IRQHandler</a> from startup_stm32f407xx.o(.text) referenced from startup_stm32f407xx.o(RESET)
 <LI><a href="#[6]">UsageFault_Handler</a> from stm32f4xx_it.o(i.UsageFault_Handler) referenced from startup_stm32f407xx.o(RESET)
 <LI><a href="#[b]">WWDG_IRQHandler</a> from startup_stm32f407xx.o(.text) referenced from startup_stm32f407xx.o(RESET)
 <LI><a href="#[5e]">__main</a> from entry.o(.ARM.Collect$$$$00000000) referenced from startup_stm32f407xx.o(.text)
 <LI><a href="#[5c]">main</a> from main.o(i.main) referenced from entry9a.o(.ARM.Collect$$$$0000000B)
 <LI><a href="#[61]">ramp_calc</a> from my_ramp.o(i.ramp_calc) referenced 3 times from my_ramp.o(.data)
 <LI><a href="#[63]">ramp_dutched_calc</a> from my_ramp.o(i.ramp_dutched_calc) referenced 3 times from my_ramp.o(.data)
 <LI><a href="#[60]">ramp_init</a> from my_ramp.o(i.ramp_init) referenced 3 times from my_ramp.o(.data)
 <LI><a href="#[62]">ramp_kb_calc</a> from my_ramp.o(i.ramp_kb_calc) referenced 3 times from my_ramp.o(.data)
</UL>
<P>
<H3>
Global Symbols
</H3>
<P><STRONG><a name="[5e]"></a>__main</STRONG> (Thumb, 0 bytes, Stack size unknown bytes, entry.o(.ARM.Collect$$$$00000000))
<BR>[Address Reference Count : 1]<UL><LI> startup_stm32f407xx.o(.text)
</UL>
<P><STRONG><a name="[143]"></a>_main_stk</STRONG> (Thumb, 0 bytes, Stack size unknown bytes, entry2.o(.ARM.Collect$$$$00000001))

<P><STRONG><a name="[64]"></a>_main_scatterload</STRONG> (Thumb, 0 bytes, Stack size unknown bytes, entry5.o(.ARM.Collect$$$$00000004))
<BR><BR>[Calls]<UL><LI><a href="#[65]">&gt;&gt;</a>&nbsp;&nbsp;&nbsp;__scatterload
</UL>

<P><STRONG><a name="[78]"></a>__main_after_scatterload</STRONG> (Thumb, 0 bytes, Stack size unknown bytes, entry5.o(.ARM.Collect$$$$00000004))
<BR><BR>[Called By]<UL><LI><a href="#[65]">&gt;&gt;</a>&nbsp;&nbsp;&nbsp;__scatterload
</UL>

<P><STRONG><a name="[144]"></a>_main_clock</STRONG> (Thumb, 0 bytes, Stack size unknown bytes, entry7b.o(.ARM.Collect$$$$00000008))

<P><STRONG><a name="[145]"></a>_main_cpp_init</STRONG> (Thumb, 0 bytes, Stack size unknown bytes, entry8b.o(.ARM.Collect$$$$0000000A))

<P><STRONG><a name="[146]"></a>_main_init</STRONG> (Thumb, 0 bytes, Stack size unknown bytes, entry9a.o(.ARM.Collect$$$$0000000B))

<P><STRONG><a name="[147]"></a>__rt_final_cpp</STRONG> (Thumb, 0 bytes, Stack size unknown bytes, entry10a.o(.ARM.Collect$$$$0000000D))

<P><STRONG><a name="[148]"></a>__rt_final_exit</STRONG> (Thumb, 0 bytes, Stack size unknown bytes, entry11a.o(.ARM.Collect$$$$0000000F))

<P><STRONG><a name="[1]"></a>Reset_Handler</STRONG> (Thumb, 8 bytes, Stack size 0 bytes, startup_stm32f407xx.o(.text))
<BR>[Address Reference Count : 1]<UL><LI> startup_stm32f407xx.o(RESET)
</UL>
<P><STRONG><a name="[1d]"></a>ADC_IRQHandler</STRONG> (Thumb, 0 bytes, Stack size 0 bytes, startup_stm32f407xx.o(.text))
<BR><BR>[Calls]<UL><LI><a href="#[1d]">&gt;&gt;</a>&nbsp;&nbsp;&nbsp;ADC_IRQHandler
</UL>
<BR>[Called By]<UL><LI><a href="#[1d]">&gt;&gt;</a>&nbsp;&nbsp;&nbsp;ADC_IRQHandler
</UL>
<BR>[Address Reference Count : 1]<UL><LI> startup_stm32f407xx.o(RESET)
</UL>
<P><STRONG><a name="[20]"></a>CAN1_RX1_IRQHandler</STRONG> (Thumb, 0 bytes, Stack size 0 bytes, startup_stm32f407xx.o(.text))
<BR>[Address Reference Count : 1]<UL><LI> startup_stm32f407xx.o(RESET)
</UL>
<P><STRONG><a name="[21]"></a>CAN1_SCE_IRQHandler</STRONG> (Thumb, 0 bytes, Stack size 0 bytes, startup_stm32f407xx.o(.text))
<BR>[Address Reference Count : 1]<UL><LI> startup_stm32f407xx.o(RESET)
</UL>
<P><STRONG><a name="[4c]"></a>CAN2_RX1_IRQHandler</STRONG> (Thumb, 0 bytes, Stack size 0 bytes, startup_stm32f407xx.o(.text))
<BR>[Address Reference Count : 1]<UL><LI> startup_stm32f407xx.o(RESET)
</UL>
<P><STRONG><a name="[4d]"></a>CAN2_SCE_IRQHandler</STRONG> (Thumb, 0 bytes, Stack size 0 bytes, startup_stm32f407xx.o(.text))
<BR>[Address Reference Count : 1]<UL><LI> startup_stm32f407xx.o(RESET)
</UL>
<P><STRONG><a name="[59]"></a>DCMI_IRQHandler</STRONG> (Thumb, 0 bytes, Stack size 0 bytes, startup_stm32f407xx.o(.text))
<BR>[Address Reference Count : 1]<UL><LI> startup_stm32f407xx.o(RESET)
</UL>
<P><STRONG><a name="[17]"></a>DMA1_Stream1_IRQHandler</STRONG> (Thumb, 0 bytes, Stack size 0 bytes, startup_stm32f407xx.o(.text))
<BR>[Address Reference Count : 1]<UL><LI> startup_stm32f407xx.o(RESET)
</UL>
<P><STRONG><a name="[18]"></a>DMA1_Stream2_IRQHandler</STRONG> (Thumb, 0 bytes, Stack size 0 bytes, startup_stm32f407xx.o(.text))
<BR>[Address Reference Count : 1]<UL><LI> startup_stm32f407xx.o(RESET)
</UL>
<P><STRONG><a name="[19]"></a>DMA1_Stream3_IRQHandler</STRONG> (Thumb, 0 bytes, Stack size 0 bytes, startup_stm32f407xx.o(.text))
<BR>[Address Reference Count : 1]<UL><LI> startup_stm32f407xx.o(RESET)
</UL>
<P><STRONG><a name="[1a]"></a>DMA1_Stream4_IRQHandler</STRONG> (Thumb, 0 bytes, Stack size 0 bytes, startup_stm32f407xx.o(.text))
<BR>[Address Reference Count : 1]<UL><LI> startup_stm32f407xx.o(RESET)
</UL>
<P><STRONG><a name="[1c]"></a>DMA1_Stream6_IRQHandler</STRONG> (Thumb, 0 bytes, Stack size 0 bytes, startup_stm32f407xx.o(.text))
<BR>[Address Reference Count : 1]<UL><LI> startup_stm32f407xx.o(RESET)
</UL>
<P><STRONG><a name="[3a]"></a>DMA1_Stream7_IRQHandler</STRONG> (Thumb, 0 bytes, Stack size 0 bytes, startup_stm32f407xx.o(.text))
<BR>[Address Reference Count : 1]<UL><LI> startup_stm32f407xx.o(RESET)
</UL>
<P><STRONG><a name="[43]"></a>DMA2_Stream0_IRQHandler</STRONG> (Thumb, 0 bytes, Stack size 0 bytes, startup_stm32f407xx.o(.text))
<BR>[Address Reference Count : 1]<UL><LI> startup_stm32f407xx.o(RESET)
</UL>
<P><STRONG><a name="[44]"></a>DMA2_Stream1_IRQHandler</STRONG> (Thumb, 0 bytes, Stack size 0 bytes, startup_stm32f407xx.o(.text))
<BR>[Address Reference Count : 1]<UL><LI> startup_stm32f407xx.o(RESET)
</UL>
<P><STRONG><a name="[45]"></a>DMA2_Stream2_IRQHandler</STRONG> (Thumb, 0 bytes, Stack size 0 bytes, startup_stm32f407xx.o(.text))
<BR>[Address Reference Count : 1]<UL><LI> startup_stm32f407xx.o(RESET)
</UL>
<P><STRONG><a name="[46]"></a>DMA2_Stream3_IRQHandler</STRONG> (Thumb, 0 bytes, Stack size 0 bytes, startup_stm32f407xx.o(.text))
<BR>[Address Reference Count : 1]<UL><LI> startup_stm32f407xx.o(RESET)
</UL>
<P><STRONG><a name="[47]"></a>DMA2_Stream4_IRQHandler</STRONG> (Thumb, 0 bytes, Stack size 0 bytes, startup_stm32f407xx.o(.text))
<BR>[Address Reference Count : 1]<UL><LI> startup_stm32f407xx.o(RESET)
</UL>
<P><STRONG><a name="[4f]"></a>DMA2_Stream5_IRQHandler</STRONG> (Thumb, 0 bytes, Stack size 0 bytes, startup_stm32f407xx.o(.text))
<BR>[Address Reference Count : 1]<UL><LI> startup_stm32f407xx.o(RESET)
</UL>
<P><STRONG><a name="[50]"></a>DMA2_Stream6_IRQHandler</STRONG> (Thumb, 0 bytes, Stack size 0 bytes, startup_stm32f407xx.o(.text))
<BR>[Address Reference Count : 1]<UL><LI> startup_stm32f407xx.o(RESET)
</UL>
<P><STRONG><a name="[51]"></a>DMA2_Stream7_IRQHandler</STRONG> (Thumb, 0 bytes, Stack size 0 bytes, startup_stm32f407xx.o(.text))
<BR>[Address Reference Count : 1]<UL><LI> startup_stm32f407xx.o(RESET)
</UL>
<P><STRONG><a name="[48]"></a>ETH_IRQHandler</STRONG> (Thumb, 0 bytes, Stack size 0 bytes, startup_stm32f407xx.o(.text))
<BR>[Address Reference Count : 1]<UL><LI> startup_stm32f407xx.o(RESET)
</UL>
<P><STRONG><a name="[49]"></a>ETH_WKUP_IRQHandler</STRONG> (Thumb, 0 bytes, Stack size 0 bytes, startup_stm32f407xx.o(.text))
<BR>[Address Reference Count : 1]<UL><LI> startup_stm32f407xx.o(RESET)
</UL>
<P><STRONG><a name="[11]"></a>EXTI0_IRQHandler</STRONG> (Thumb, 0 bytes, Stack size 0 bytes, startup_stm32f407xx.o(.text))
<BR>[Address Reference Count : 1]<UL><LI> startup_stm32f407xx.o(RESET)
</UL>
<P><STRONG><a name="[33]"></a>EXTI15_10_IRQHandler</STRONG> (Thumb, 0 bytes, Stack size 0 bytes, startup_stm32f407xx.o(.text))
<BR>[Address Reference Count : 1]<UL><LI> startup_stm32f407xx.o(RESET)
</UL>
<P><STRONG><a name="[12]"></a>EXTI1_IRQHandler</STRONG> (Thumb, 0 bytes, Stack size 0 bytes, startup_stm32f407xx.o(.text))
<BR>[Address Reference Count : 1]<UL><LI> startup_stm32f407xx.o(RESET)
</UL>
<P><STRONG><a name="[13]"></a>EXTI2_IRQHandler</STRONG> (Thumb, 0 bytes, Stack size 0 bytes, startup_stm32f407xx.o(.text))
<BR>[Address Reference Count : 1]<UL><LI> startup_stm32f407xx.o(RESET)
</UL>
<P><STRONG><a name="[14]"></a>EXTI3_IRQHandler</STRONG> (Thumb, 0 bytes, Stack size 0 bytes, startup_stm32f407xx.o(.text))
<BR>[Address Reference Count : 1]<UL><LI> startup_stm32f407xx.o(RESET)
</UL>
<P><STRONG><a name="[15]"></a>EXTI4_IRQHandler</STRONG> (Thumb, 0 bytes, Stack size 0 bytes, startup_stm32f407xx.o(.text))
<BR>[Address Reference Count : 1]<UL><LI> startup_stm32f407xx.o(RESET)
</UL>
<P><STRONG><a name="[22]"></a>EXTI9_5_IRQHandler</STRONG> (Thumb, 0 bytes, Stack size 0 bytes, startup_stm32f407xx.o(.text))
<BR>[Address Reference Count : 1]<UL><LI> startup_stm32f407xx.o(RESET)
</UL>
<P><STRONG><a name="[f]"></a>FLASH_IRQHandler</STRONG> (Thumb, 0 bytes, Stack size 0 bytes, startup_stm32f407xx.o(.text))
<BR>[Address Reference Count : 1]<UL><LI> startup_stm32f407xx.o(RESET)
</UL>
<P><STRONG><a name="[3b]"></a>FMC_IRQHandler</STRONG> (Thumb, 0 bytes, Stack size 0 bytes, startup_stm32f407xx.o(.text))
<BR>[Address Reference Count : 1]<UL><LI> startup_stm32f407xx.o(RESET)
</UL>
<P><STRONG><a name="[5b]"></a>FPU_IRQHandler</STRONG> (Thumb, 0 bytes, Stack size 0 bytes, startup_stm32f407xx.o(.text))
<BR>[Address Reference Count : 1]<UL><LI> startup_stm32f407xx.o(RESET)
</UL>
<P><STRONG><a name="[5a]"></a>HASH_RNG_IRQHandler</STRONG> (Thumb, 0 bytes, Stack size 0 bytes, startup_stm32f407xx.o(.text))
<BR>[Address Reference Count : 1]<UL><LI> startup_stm32f407xx.o(RESET)
</UL>
<P><STRONG><a name="[2b]"></a>I2C1_ER_IRQHandler</STRONG> (Thumb, 0 bytes, Stack size 0 bytes, startup_stm32f407xx.o(.text))
<BR>[Address Reference Count : 1]<UL><LI> startup_stm32f407xx.o(RESET)
</UL>
<P><STRONG><a name="[2a]"></a>I2C1_EV_IRQHandler</STRONG> (Thumb, 0 bytes, Stack size 0 bytes, startup_stm32f407xx.o(.text))
<BR>[Address Reference Count : 1]<UL><LI> startup_stm32f407xx.o(RESET)
</UL>
<P><STRONG><a name="[2d]"></a>I2C2_ER_IRQHandler</STRONG> (Thumb, 0 bytes, Stack size 0 bytes, startup_stm32f407xx.o(.text))
<BR>[Address Reference Count : 1]<UL><LI> startup_stm32f407xx.o(RESET)
</UL>
<P><STRONG><a name="[2c]"></a>I2C2_EV_IRQHandler</STRONG> (Thumb, 0 bytes, Stack size 0 bytes, startup_stm32f407xx.o(.text))
<BR>[Address Reference Count : 1]<UL><LI> startup_stm32f407xx.o(RESET)
</UL>
<P><STRONG><a name="[54]"></a>I2C3_ER_IRQHandler</STRONG> (Thumb, 0 bytes, Stack size 0 bytes, startup_stm32f407xx.o(.text))
<BR>[Address Reference Count : 1]<UL><LI> startup_stm32f407xx.o(RESET)
</UL>
<P><STRONG><a name="[53]"></a>I2C3_EV_IRQHandler</STRONG> (Thumb, 0 bytes, Stack size 0 bytes, startup_stm32f407xx.o(.text))
<BR>[Address Reference Count : 1]<UL><LI> startup_stm32f407xx.o(RESET)
</UL>
<P><STRONG><a name="[4e]"></a>OTG_FS_IRQHandler</STRONG> (Thumb, 0 bytes, Stack size 0 bytes, startup_stm32f407xx.o(.text))
<BR>[Address Reference Count : 1]<UL><LI> startup_stm32f407xx.o(RESET)
</UL>
<P><STRONG><a name="[35]"></a>OTG_FS_WKUP_IRQHandler</STRONG> (Thumb, 0 bytes, Stack size 0 bytes, startup_stm32f407xx.o(.text))
<BR>[Address Reference Count : 1]<UL><LI> startup_stm32f407xx.o(RESET)
</UL>
<P><STRONG><a name="[56]"></a>OTG_HS_EP1_IN_IRQHandler</STRONG> (Thumb, 0 bytes, Stack size 0 bytes, startup_stm32f407xx.o(.text))
<BR>[Address Reference Count : 1]<UL><LI> startup_stm32f407xx.o(RESET)
</UL>
<P><STRONG><a name="[55]"></a>OTG_HS_EP1_OUT_IRQHandler</STRONG> (Thumb, 0 bytes, Stack size 0 bytes, startup_stm32f407xx.o(.text))
<BR>[Address Reference Count : 1]<UL><LI> startup_stm32f407xx.o(RESET)
</UL>
<P><STRONG><a name="[58]"></a>OTG_HS_IRQHandler</STRONG> (Thumb, 0 bytes, Stack size 0 bytes, startup_stm32f407xx.o(.text))
<BR>[Address Reference Count : 1]<UL><LI> startup_stm32f407xx.o(RESET)
</UL>
<P><STRONG><a name="[57]"></a>OTG_HS_WKUP_IRQHandler</STRONG> (Thumb, 0 bytes, Stack size 0 bytes, startup_stm32f407xx.o(.text))
<BR>[Address Reference Count : 1]<UL><LI> startup_stm32f407xx.o(RESET)
</UL>
<P><STRONG><a name="[c]"></a>PVD_IRQHandler</STRONG> (Thumb, 0 bytes, Stack size 0 bytes, startup_stm32f407xx.o(.text))
<BR>[Address Reference Count : 1]<UL><LI> startup_stm32f407xx.o(RESET)
</UL>
<P><STRONG><a name="[10]"></a>RCC_IRQHandler</STRONG> (Thumb, 0 bytes, Stack size 0 bytes, startup_stm32f407xx.o(.text))
<BR>[Address Reference Count : 1]<UL><LI> startup_stm32f407xx.o(RESET)
</UL>
<P><STRONG><a name="[34]"></a>RTC_Alarm_IRQHandler</STRONG> (Thumb, 0 bytes, Stack size 0 bytes, startup_stm32f407xx.o(.text))
<BR>[Address Reference Count : 1]<UL><LI> startup_stm32f407xx.o(RESET)
</UL>
<P><STRONG><a name="[e]"></a>RTC_WKUP_IRQHandler</STRONG> (Thumb, 0 bytes, Stack size 0 bytes, startup_stm32f407xx.o(.text))
<BR>[Address Reference Count : 1]<UL><LI> startup_stm32f407xx.o(RESET)
</UL>
<P><STRONG><a name="[3c]"></a>SDIO_IRQHandler</STRONG> (Thumb, 0 bytes, Stack size 0 bytes, startup_stm32f407xx.o(.text))
<BR>[Address Reference Count : 1]<UL><LI> startup_stm32f407xx.o(RESET)
</UL>
<P><STRONG><a name="[2e]"></a>SPI1_IRQHandler</STRONG> (Thumb, 0 bytes, Stack size 0 bytes, startup_stm32f407xx.o(.text))
<BR>[Address Reference Count : 1]<UL><LI> startup_stm32f407xx.o(RESET)
</UL>
<P><STRONG><a name="[2f]"></a>SPI2_IRQHandler</STRONG> (Thumb, 0 bytes, Stack size 0 bytes, startup_stm32f407xx.o(.text))
<BR>[Address Reference Count : 1]<UL><LI> startup_stm32f407xx.o(RESET)
</UL>
<P><STRONG><a name="[3e]"></a>SPI3_IRQHandler</STRONG> (Thumb, 0 bytes, Stack size 0 bytes, startup_stm32f407xx.o(.text))
<BR>[Address Reference Count : 1]<UL><LI> startup_stm32f407xx.o(RESET)
</UL>
<P><STRONG><a name="[d]"></a>TAMP_STAMP_IRQHandler</STRONG> (Thumb, 0 bytes, Stack size 0 bytes, startup_stm32f407xx.o(.text))
<BR>[Address Reference Count : 1]<UL><LI> startup_stm32f407xx.o(RESET)
</UL>
<P><STRONG><a name="[23]"></a>TIM1_BRK_TIM9_IRQHandler</STRONG> (Thumb, 0 bytes, Stack size 0 bytes, startup_stm32f407xx.o(.text))
<BR>[Address Reference Count : 1]<UL><LI> startup_stm32f407xx.o(RESET)
</UL>
<P><STRONG><a name="[26]"></a>TIM1_CC_IRQHandler</STRONG> (Thumb, 0 bytes, Stack size 0 bytes, startup_stm32f407xx.o(.text))
<BR>[Address Reference Count : 1]<UL><LI> startup_stm32f407xx.o(RESET)
</UL>
<P><STRONG><a name="[25]"></a>TIM1_TRG_COM_TIM11_IRQHandler</STRONG> (Thumb, 0 bytes, Stack size 0 bytes, startup_stm32f407xx.o(.text))
<BR>[Address Reference Count : 1]<UL><LI> startup_stm32f407xx.o(RESET)
</UL>
<P><STRONG><a name="[24]"></a>TIM1_UP_TIM10_IRQHandler</STRONG> (Thumb, 0 bytes, Stack size 0 bytes, startup_stm32f407xx.o(.text))
<BR>[Address Reference Count : 1]<UL><LI> startup_stm32f407xx.o(RESET)
</UL>
<P><STRONG><a name="[27]"></a>TIM2_IRQHandler</STRONG> (Thumb, 0 bytes, Stack size 0 bytes, startup_stm32f407xx.o(.text))
<BR>[Address Reference Count : 1]<UL><LI> startup_stm32f407xx.o(RESET)
</UL>
<P><STRONG><a name="[28]"></a>TIM3_IRQHandler</STRONG> (Thumb, 0 bytes, Stack size 0 bytes, startup_stm32f407xx.o(.text))
<BR>[Address Reference Count : 1]<UL><LI> startup_stm32f407xx.o(RESET)
</UL>
<P><STRONG><a name="[29]"></a>TIM4_IRQHandler</STRONG> (Thumb, 0 bytes, Stack size 0 bytes, startup_stm32f407xx.o(.text))
<BR>[Address Reference Count : 1]<UL><LI> startup_stm32f407xx.o(RESET)
</UL>
<P><STRONG><a name="[3d]"></a>TIM5_IRQHandler</STRONG> (Thumb, 0 bytes, Stack size 0 bytes, startup_stm32f407xx.o(.text))
<BR>[Address Reference Count : 1]<UL><LI> startup_stm32f407xx.o(RESET)
</UL>
<P><STRONG><a name="[41]"></a>TIM6_DAC_IRQHandler</STRONG> (Thumb, 0 bytes, Stack size 0 bytes, startup_stm32f407xx.o(.text))
<BR>[Address Reference Count : 1]<UL><LI> startup_stm32f407xx.o(RESET)
</UL>
<P><STRONG><a name="[42]"></a>TIM7_IRQHandler</STRONG> (Thumb, 0 bytes, Stack size 0 bytes, startup_stm32f407xx.o(.text))
<BR>[Address Reference Count : 1]<UL><LI> startup_stm32f407xx.o(RESET)
</UL>
<P><STRONG><a name="[36]"></a>TIM8_BRK_TIM12_IRQHandler</STRONG> (Thumb, 0 bytes, Stack size 0 bytes, startup_stm32f407xx.o(.text))
<BR>[Address Reference Count : 1]<UL><LI> startup_stm32f407xx.o(RESET)
</UL>
<P><STRONG><a name="[39]"></a>TIM8_CC_IRQHandler</STRONG> (Thumb, 0 bytes, Stack size 0 bytes, startup_stm32f407xx.o(.text))
<BR>[Address Reference Count : 1]<UL><LI> startup_stm32f407xx.o(RESET)
</UL>
<P><STRONG><a name="[38]"></a>TIM8_TRG_COM_TIM14_IRQHandler</STRONG> (Thumb, 0 bytes, Stack size 0 bytes, startup_stm32f407xx.o(.text))
<BR>[Address Reference Count : 1]<UL><LI> startup_stm32f407xx.o(RESET)
</UL>
<P><STRONG><a name="[37]"></a>TIM8_UP_TIM13_IRQHandler</STRONG> (Thumb, 0 bytes, Stack size 0 bytes, startup_stm32f407xx.o(.text))
<BR>[Address Reference Count : 1]<UL><LI> startup_stm32f407xx.o(RESET)
</UL>
<P><STRONG><a name="[3f]"></a>UART4_IRQHandler</STRONG> (Thumb, 0 bytes, Stack size 0 bytes, startup_stm32f407xx.o(.text))
<BR>[Address Reference Count : 1]<UL><LI> startup_stm32f407xx.o(RESET)
</UL>
<P><STRONG><a name="[30]"></a>USART1_IRQHandler</STRONG> (Thumb, 0 bytes, Stack size 0 bytes, startup_stm32f407xx.o(.text))
<BR>[Address Reference Count : 1]<UL><LI> startup_stm32f407xx.o(RESET)
</UL>
<P><STRONG><a name="[32]"></a>USART3_IRQHandler</STRONG> (Thumb, 0 bytes, Stack size 0 bytes, startup_stm32f407xx.o(.text))
<BR>[Address Reference Count : 1]<UL><LI> startup_stm32f407xx.o(RESET)
</UL>
<P><STRONG><a name="[52]"></a>USART6_IRQHandler</STRONG> (Thumb, 0 bytes, Stack size 0 bytes, startup_stm32f407xx.o(.text))
<BR>[Address Reference Count : 1]<UL><LI> startup_stm32f407xx.o(RESET)
</UL>
<P><STRONG><a name="[b]"></a>WWDG_IRQHandler</STRONG> (Thumb, 0 bytes, Stack size 0 bytes, startup_stm32f407xx.o(.text))
<BR>[Address Reference Count : 1]<UL><LI> startup_stm32f407xx.o(RESET)
</UL>
<P><STRONG><a name="[66]"></a>__aeabi_ldivmod</STRONG> (Thumb, 98 bytes, Stack size 24 bytes, ldiv.o(.text))
<BR><BR>[Stack]<UL><LI>Max Depth = 64<LI>Call Chain = __aeabi_ldivmod &rArr; __aeabi_uldivmod
</UL>
<BR>[Calls]<UL><LI><a href="#[67]">&gt;&gt;</a>&nbsp;&nbsp;&nbsp;__aeabi_uldivmod
</UL>
<BR>[Called By]<UL><LI><a href="#[115]">&gt;&gt;</a>&nbsp;&nbsp;&nbsp;get_st_biases
</UL>

<P><STRONG><a name="[69]"></a>__aeabi_memset</STRONG> (Thumb, 14 bytes, Stack size 0 bytes, memseta.o(.text))
<BR><BR>[Called By]<UL><LI><a href="#[107]">&gt;&gt;</a>&nbsp;&nbsp;&nbsp;dmp_enable_lp_quat
<LI><a href="#[fa]">&gt;&gt;</a>&nbsp;&nbsp;&nbsp;dmp_enable_6x_lp_quat
<LI><a href="#[6a]">&gt;&gt;</a>&nbsp;&nbsp;&nbsp;_memset$wrapper
<LI><a href="#[68]">&gt;&gt;</a>&nbsp;&nbsp;&nbsp;__aeabi_memclr
</UL>

<P><STRONG><a name="[149]"></a>__aeabi_memset4</STRONG> (Thumb, 0 bytes, Stack size 0 bytes, memseta.o(.text), UNUSED)

<P><STRONG><a name="[14a]"></a>__aeabi_memset8</STRONG> (Thumb, 0 bytes, Stack size 0 bytes, memseta.o(.text), UNUSED)

<P><STRONG><a name="[68]"></a>__aeabi_memclr</STRONG> (Thumb, 4 bytes, Stack size 0 bytes, memseta.o(.text))
<BR><BR>[Calls]<UL><LI><a href="#[69]">&gt;&gt;</a>&nbsp;&nbsp;&nbsp;__aeabi_memset
</UL>
<BR>[Called By]<UL><LI><a href="#[125]">&gt;&gt;</a>&nbsp;&nbsp;&nbsp;optoelectronic_switch_init
<LI><a href="#[140]">&gt;&gt;</a>&nbsp;&nbsp;&nbsp;rc_callback_handler
</UL>

<P><STRONG><a name="[ed]"></a>__aeabi_memclr4</STRONG> (Thumb, 0 bytes, Stack size 0 bytes, memseta.o(.text))
<BR><BR>[Called By]<UL><LI><a href="#[ec]">&gt;&gt;</a>&nbsp;&nbsp;&nbsp;chassis_param_init
<LI><a href="#[ee]">&gt;&gt;</a>&nbsp;&nbsp;&nbsp;pidckz_reset
</UL>

<P><STRONG><a name="[14b]"></a>__aeabi_memclr8</STRONG> (Thumb, 0 bytes, Stack size 0 bytes, memseta.o(.text), UNUSED)

<P><STRONG><a name="[6a]"></a>_memset$wrapper</STRONG> (Thumb, 18 bytes, Stack size 8 bytes, memseta.o(.text), UNUSED)
<BR><BR>[Calls]<UL><LI><a href="#[69]">&gt;&gt;</a>&nbsp;&nbsp;&nbsp;__aeabi_memset
</UL>

<P><STRONG><a name="[137]"></a>memcmp</STRONG> (Thumb, 26 bytes, Stack size 12 bytes, memcmp.o(.text))
<BR><BR>[Stack]<UL><LI>Max Depth = 12<LI>Call Chain = memcmp
</UL>
<BR>[Called By]<UL><LI><a href="#[109]">&gt;&gt;</a>&nbsp;&nbsp;&nbsp;mpu_load_firmware
</UL>

<P><STRONG><a name="[6b]"></a>__aeabi_dadd</STRONG> (Thumb, 322 bytes, Stack size 48 bytes, dadd.o(.text))
<BR><BR>[Stack]<UL><LI>Max Depth = 88<LI>Call Chain = __aeabi_dadd &rArr; _double_epilogue &rArr; _double_round
</UL>
<BR>[Calls]<UL><LI><a href="#[6d]">&gt;&gt;</a>&nbsp;&nbsp;&nbsp;__aeabi_lasr
<LI><a href="#[6c]">&gt;&gt;</a>&nbsp;&nbsp;&nbsp;__aeabi_llsl
<LI><a href="#[6f]">&gt;&gt;</a>&nbsp;&nbsp;&nbsp;_double_round
<LI><a href="#[6e]">&gt;&gt;</a>&nbsp;&nbsp;&nbsp;_double_epilogue
</UL>
<BR>[Called By]<UL><LI><a href="#[f6]">&gt;&gt;</a>&nbsp;&nbsp;&nbsp;chassis_yaw_target
<LI><a href="#[b9]">&gt;&gt;</a>&nbsp;&nbsp;&nbsp;MPU_Get_Temperature
<LI><a href="#[db]">&gt;&gt;</a>&nbsp;&nbsp;&nbsp;__kernel_poly
<LI><a href="#[e0]">&gt;&gt;</a>&nbsp;&nbsp;&nbsp;__mathlib_dbl_infnan2
<LI><a href="#[d6]">&gt;&gt;</a>&nbsp;&nbsp;&nbsp;__mathlib_dbl_infnan
<LI><a href="#[de]">&gt;&gt;</a>&nbsp;&nbsp;&nbsp;__hardfp_atan
<LI><a href="#[70]">&gt;&gt;</a>&nbsp;&nbsp;&nbsp;__aeabi_dsub
<LI><a href="#[71]">&gt;&gt;</a>&nbsp;&nbsp;&nbsp;__aeabi_drsub
<LI><a href="#[d5]">&gt;&gt;</a>&nbsp;&nbsp;&nbsp;__hardfp_asin
</UL>

<P><STRONG><a name="[70]"></a>__aeabi_dsub</STRONG> (Thumb, 6 bytes, Stack size 0 bytes, dadd.o(.text))
<BR><BR>[Stack]<UL><LI>Max Depth = 88<LI>Call Chain = __aeabi_dsub &rArr; __aeabi_dadd &rArr; _double_epilogue &rArr; _double_round
</UL>
<BR>[Calls]<UL><LI><a href="#[6b]">&gt;&gt;</a>&nbsp;&nbsp;&nbsp;__aeabi_dadd
</UL>
<BR>[Called By]<UL><LI><a href="#[de]">&gt;&gt;</a>&nbsp;&nbsp;&nbsp;__hardfp_atan
<LI><a href="#[df]">&gt;&gt;</a>&nbsp;&nbsp;&nbsp;__hardfp_atan2
<LI><a href="#[d5]">&gt;&gt;</a>&nbsp;&nbsp;&nbsp;__hardfp_asin
</UL>

<P><STRONG><a name="[71]"></a>__aeabi_drsub</STRONG> (Thumb, 6 bytes, Stack size 0 bytes, dadd.o(.text))
<BR><BR>[Stack]<UL><LI>Max Depth = 88<LI>Call Chain = __aeabi_drsub &rArr; __aeabi_dadd &rArr; _double_epilogue &rArr; _double_round
</UL>
<BR>[Calls]<UL><LI><a href="#[6b]">&gt;&gt;</a>&nbsp;&nbsp;&nbsp;__aeabi_dadd
</UL>
<BR>[Called By]<UL><LI><a href="#[de]">&gt;&gt;</a>&nbsp;&nbsp;&nbsp;__hardfp_atan
<LI><a href="#[df]">&gt;&gt;</a>&nbsp;&nbsp;&nbsp;__hardfp_atan2
<LI><a href="#[d5]">&gt;&gt;</a>&nbsp;&nbsp;&nbsp;__hardfp_asin
</UL>

<P><STRONG><a name="[72]"></a>__aeabi_dmul</STRONG> (Thumb, 228 bytes, Stack size 48 bytes, dmul.o(.text))
<BR><BR>[Stack]<UL><LI>Max Depth = 88<LI>Call Chain = __aeabi_dmul &rArr; _double_epilogue &rArr; _double_round
</UL>
<BR>[Calls]<UL><LI><a href="#[6e]">&gt;&gt;</a>&nbsp;&nbsp;&nbsp;_double_epilogue
</UL>
<BR>[Called By]<UL><LI><a href="#[f6]">&gt;&gt;</a>&nbsp;&nbsp;&nbsp;chassis_yaw_target
<LI><a href="#[12d]">&gt;&gt;</a>&nbsp;&nbsp;&nbsp;mpu_dmp_get_data
<LI><a href="#[db]">&gt;&gt;</a>&nbsp;&nbsp;&nbsp;__kernel_poly
<LI><a href="#[da]">&gt;&gt;</a>&nbsp;&nbsp;&nbsp;__mathlib_dbl_underflow
<LI><a href="#[de]">&gt;&gt;</a>&nbsp;&nbsp;&nbsp;__hardfp_atan
<LI><a href="#[d5]">&gt;&gt;</a>&nbsp;&nbsp;&nbsp;__hardfp_asin
</UL>

<P><STRONG><a name="[73]"></a>__aeabi_ddiv</STRONG> (Thumb, 222 bytes, Stack size 32 bytes, ddiv.o(.text))
<BR><BR>[Stack]<UL><LI>Max Depth = 40<LI>Call Chain = __aeabi_ddiv &rArr; _double_round
</UL>
<BR>[Calls]<UL><LI><a href="#[6f]">&gt;&gt;</a>&nbsp;&nbsp;&nbsp;_double_round
</UL>
<BR>[Called By]<UL><LI><a href="#[b9]">&gt;&gt;</a>&nbsp;&nbsp;&nbsp;MPU_Get_Temperature
<LI><a href="#[d8]">&gt;&gt;</a>&nbsp;&nbsp;&nbsp;__mathlib_dbl_invalid
<LI><a href="#[de]">&gt;&gt;</a>&nbsp;&nbsp;&nbsp;__hardfp_atan
<LI><a href="#[df]">&gt;&gt;</a>&nbsp;&nbsp;&nbsp;__hardfp_atan2
<LI><a href="#[d5]">&gt;&gt;</a>&nbsp;&nbsp;&nbsp;__hardfp_asin
</UL>

<P><STRONG><a name="[74]"></a>__aeabi_i2d</STRONG> (Thumb, 34 bytes, Stack size 16 bytes, dflti.o(.text))
<BR><BR>[Stack]<UL><LI>Max Depth = 56<LI>Call Chain = __aeabi_i2d &rArr; _double_epilogue &rArr; _double_round
</UL>
<BR>[Calls]<UL><LI><a href="#[6e]">&gt;&gt;</a>&nbsp;&nbsp;&nbsp;_double_epilogue
</UL>
<BR>[Called By]<UL><LI><a href="#[f6]">&gt;&gt;</a>&nbsp;&nbsp;&nbsp;chassis_yaw_target
<LI><a href="#[b9]">&gt;&gt;</a>&nbsp;&nbsp;&nbsp;MPU_Get_Temperature
</UL>

<P><STRONG><a name="[f7]"></a>__aeabi_f2d</STRONG> (Thumb, 38 bytes, Stack size 0 bytes, f2d.o(.text))
<BR><BR>[Called By]<UL><LI><a href="#[f6]">&gt;&gt;</a>&nbsp;&nbsp;&nbsp;chassis_yaw_target
<LI><a href="#[12d]">&gt;&gt;</a>&nbsp;&nbsp;&nbsp;mpu_dmp_get_data
</UL>

<P><STRONG><a name="[75]"></a>__aeabi_d2f</STRONG> (Thumb, 56 bytes, Stack size 8 bytes, d2f.o(.text))
<BR><BR>[Stack]<UL><LI>Max Depth = 8<LI>Call Chain = __aeabi_d2f
</UL>
<BR>[Calls]<UL><LI><a href="#[76]">&gt;&gt;</a>&nbsp;&nbsp;&nbsp;_float_round
</UL>
<BR>[Called By]<UL><LI><a href="#[f6]">&gt;&gt;</a>&nbsp;&nbsp;&nbsp;chassis_yaw_target
<LI><a href="#[12d]">&gt;&gt;</a>&nbsp;&nbsp;&nbsp;mpu_dmp_get_data
<LI><a href="#[b9]">&gt;&gt;</a>&nbsp;&nbsp;&nbsp;MPU_Get_Temperature
</UL>

<P><STRONG><a name="[67]"></a>__aeabi_uldivmod</STRONG> (Thumb, 98 bytes, Stack size 40 bytes, uldiv.o(.text))
<BR><BR>[Stack]<UL><LI>Max Depth = 40<LI>Call Chain = __aeabi_uldivmod
</UL>
<BR>[Calls]<UL><LI><a href="#[77]">&gt;&gt;</a>&nbsp;&nbsp;&nbsp;__aeabi_llsr
<LI><a href="#[6c]">&gt;&gt;</a>&nbsp;&nbsp;&nbsp;__aeabi_llsl
</UL>
<BR>[Called By]<UL><LI><a href="#[66]">&gt;&gt;</a>&nbsp;&nbsp;&nbsp;__aeabi_ldivmod
</UL>

<P><STRONG><a name="[6c]"></a>__aeabi_llsl</STRONG> (Thumb, 30 bytes, Stack size 0 bytes, llshl.o(.text))
<BR><BR>[Called By]<UL><LI><a href="#[6b]">&gt;&gt;</a>&nbsp;&nbsp;&nbsp;__aeabi_dadd
<LI><a href="#[67]">&gt;&gt;</a>&nbsp;&nbsp;&nbsp;__aeabi_uldivmod
<LI><a href="#[6e]">&gt;&gt;</a>&nbsp;&nbsp;&nbsp;_double_epilogue
</UL>

<P><STRONG><a name="[14c]"></a>_ll_shift_l</STRONG> (Thumb, 0 bytes, Stack size 0 bytes, llshl.o(.text), UNUSED)

<P><STRONG><a name="[6d]"></a>__aeabi_lasr</STRONG> (Thumb, 36 bytes, Stack size 0 bytes, llsshr.o(.text))
<BR><BR>[Called By]<UL><LI><a href="#[6b]">&gt;&gt;</a>&nbsp;&nbsp;&nbsp;__aeabi_dadd
</UL>

<P><STRONG><a name="[14d]"></a>_ll_sshift_r</STRONG> (Thumb, 0 bytes, Stack size 0 bytes, llsshr.o(.text), UNUSED)

<P><STRONG><a name="[14e]"></a>__I$use$fp</STRONG> (Thumb, 0 bytes, Stack size 0 bytes, iusefp.o(.text), UNUSED)

<P><STRONG><a name="[76]"></a>_float_round</STRONG> (Thumb, 18 bytes, Stack size 0 bytes, fepilogue.o(.text))
<BR><BR>[Called By]<UL><LI><a href="#[75]">&gt;&gt;</a>&nbsp;&nbsp;&nbsp;__aeabi_d2f
</UL>

<P><STRONG><a name="[14f]"></a>_float_epilogue</STRONG> (Thumb, 92 bytes, Stack size 4 bytes, fepilogue.o(.text), UNUSED)

<P><STRONG><a name="[6f]"></a>_double_round</STRONG> (Thumb, 30 bytes, Stack size 8 bytes, depilogue.o(.text))
<BR><BR>[Stack]<UL><LI>Max Depth = 8<LI>Call Chain = _double_round
</UL>
<BR>[Called By]<UL><LI><a href="#[73]">&gt;&gt;</a>&nbsp;&nbsp;&nbsp;__aeabi_ddiv
<LI><a href="#[6b]">&gt;&gt;</a>&nbsp;&nbsp;&nbsp;__aeabi_dadd
<LI><a href="#[79]">&gt;&gt;</a>&nbsp;&nbsp;&nbsp;_dsqrt
<LI><a href="#[6e]">&gt;&gt;</a>&nbsp;&nbsp;&nbsp;_double_epilogue
</UL>

<P><STRONG><a name="[6e]"></a>_double_epilogue</STRONG> (Thumb, 156 bytes, Stack size 32 bytes, depilogue.o(.text))
<BR><BR>[Stack]<UL><LI>Max Depth = 40<LI>Call Chain = _double_epilogue &rArr; _double_round
</UL>
<BR>[Calls]<UL><LI><a href="#[77]">&gt;&gt;</a>&nbsp;&nbsp;&nbsp;__aeabi_llsr
<LI><a href="#[6c]">&gt;&gt;</a>&nbsp;&nbsp;&nbsp;__aeabi_llsl
<LI><a href="#[6f]">&gt;&gt;</a>&nbsp;&nbsp;&nbsp;_double_round
</UL>
<BR>[Called By]<UL><LI><a href="#[74]">&gt;&gt;</a>&nbsp;&nbsp;&nbsp;__aeabi_i2d
<LI><a href="#[72]">&gt;&gt;</a>&nbsp;&nbsp;&nbsp;__aeabi_dmul
<LI><a href="#[6b]">&gt;&gt;</a>&nbsp;&nbsp;&nbsp;__aeabi_dadd
</UL>

<P><STRONG><a name="[65]"></a>__scatterload</STRONG> (Thumb, 28 bytes, Stack size 0 bytes, init.o(.text))
<BR><BR>[Calls]<UL><LI><a href="#[78]">&gt;&gt;</a>&nbsp;&nbsp;&nbsp;__main_after_scatterload
</UL>
<BR>[Called By]<UL><LI><a href="#[64]">&gt;&gt;</a>&nbsp;&nbsp;&nbsp;_main_scatterload
</UL>

<P><STRONG><a name="[150]"></a>__scatterload_rt2</STRONG> (Thumb, 0 bytes, Stack size 0 bytes, init.o(.text), UNUSED)

<P><STRONG><a name="[77]"></a>__aeabi_llsr</STRONG> (Thumb, 32 bytes, Stack size 0 bytes, llushr.o(.text))
<BR><BR>[Called By]<UL><LI><a href="#[67]">&gt;&gt;</a>&nbsp;&nbsp;&nbsp;__aeabi_uldivmod
<LI><a href="#[79]">&gt;&gt;</a>&nbsp;&nbsp;&nbsp;_dsqrt
<LI><a href="#[6e]">&gt;&gt;</a>&nbsp;&nbsp;&nbsp;_double_epilogue
</UL>

<P><STRONG><a name="[151]"></a>_ll_ushift_r</STRONG> (Thumb, 0 bytes, Stack size 0 bytes, llushr.o(.text), UNUSED)

<P><STRONG><a name="[79]"></a>_dsqrt</STRONG> (Thumb, 162 bytes, Stack size 32 bytes, dsqrt.o(.text))
<BR><BR>[Stack]<UL><LI>Max Depth = 40<LI>Call Chain = _dsqrt &rArr; _double_round
</UL>
<BR>[Calls]<UL><LI><a href="#[77]">&gt;&gt;</a>&nbsp;&nbsp;&nbsp;__aeabi_llsr
<LI><a href="#[6f]">&gt;&gt;</a>&nbsp;&nbsp;&nbsp;_double_round
</UL>
<BR>[Called By]<UL><LI><a href="#[dd]">&gt;&gt;</a>&nbsp;&nbsp;&nbsp;sqrt
</UL>

<P><STRONG><a name="[5]"></a>BusFault_Handler</STRONG> (Thumb, 2 bytes, Stack size 0 bytes, stm32f4xx_it.o(i.BusFault_Handler))
<BR><BR>[Calls]<UL><LI><a href="#[5]">&gt;&gt;</a>&nbsp;&nbsp;&nbsp;BusFault_Handler
</UL>
<BR>[Called By]<UL><LI><a href="#[5]">&gt;&gt;</a>&nbsp;&nbsp;&nbsp;BusFault_Handler
</UL>
<BR>[Address Reference Count : 1]<UL><LI> startup_stm32f407xx.o(RESET)
</UL>
<P><STRONG><a name="[1f]"></a>CAN1_RX0_IRQHandler</STRONG> (Thumb, 6 bytes, Stack size 0 bytes, stm32f4xx_it.o(i.CAN1_RX0_IRQHandler))
<BR><BR>[Stack]<UL><LI>Max Depth = 48<LI>Call Chain = CAN1_RX0_IRQHandler &rArr; HAL_CAN_IRQHandler &rArr; CAN_Receive_IT &rArr; HAL_CAN_RxCpltCallback &rArr; encoder_data_handler
</UL>
<BR>[Calls]<UL><LI><a href="#[7a]">&gt;&gt;</a>&nbsp;&nbsp;&nbsp;HAL_CAN_IRQHandler
</UL>
<BR>[Address Reference Count : 1]<UL><LI> startup_stm32f407xx.o(RESET)
</UL>
<P><STRONG><a name="[1e]"></a>CAN1_TX_IRQHandler</STRONG> (Thumb, 6 bytes, Stack size 0 bytes, stm32f4xx_it.o(i.CAN1_TX_IRQHandler))
<BR><BR>[Stack]<UL><LI>Max Depth = 48<LI>Call Chain = CAN1_TX_IRQHandler &rArr; HAL_CAN_IRQHandler &rArr; CAN_Receive_IT &rArr; HAL_CAN_RxCpltCallback &rArr; encoder_data_handler
</UL>
<BR>[Calls]<UL><LI><a href="#[7a]">&gt;&gt;</a>&nbsp;&nbsp;&nbsp;HAL_CAN_IRQHandler
</UL>
<BR>[Address Reference Count : 1]<UL><LI> startup_stm32f407xx.o(RESET)
</UL>
<P><STRONG><a name="[4b]"></a>CAN2_RX0_IRQHandler</STRONG> (Thumb, 6 bytes, Stack size 0 bytes, stm32f4xx_it.o(i.CAN2_RX0_IRQHandler))
<BR><BR>[Stack]<UL><LI>Max Depth = 48<LI>Call Chain = CAN2_RX0_IRQHandler &rArr; HAL_CAN_IRQHandler &rArr; CAN_Receive_IT &rArr; HAL_CAN_RxCpltCallback &rArr; encoder_data_handler
</UL>
<BR>[Calls]<UL><LI><a href="#[7a]">&gt;&gt;</a>&nbsp;&nbsp;&nbsp;HAL_CAN_IRQHandler
</UL>
<BR>[Address Reference Count : 1]<UL><LI> startup_stm32f407xx.o(RESET)
</UL>
<P><STRONG><a name="[4a]"></a>CAN2_TX_IRQHandler</STRONG> (Thumb, 6 bytes, Stack size 0 bytes, stm32f4xx_it.o(i.CAN2_TX_IRQHandler))
<BR><BR>[Stack]<UL><LI>Max Depth = 48<LI>Call Chain = CAN2_TX_IRQHandler &rArr; HAL_CAN_IRQHandler &rArr; CAN_Receive_IT &rArr; HAL_CAN_RxCpltCallback &rArr; encoder_data_handler
</UL>
<BR>[Calls]<UL><LI><a href="#[7a]">&gt;&gt;</a>&nbsp;&nbsp;&nbsp;HAL_CAN_IRQHandler
</UL>
<BR>[Address Reference Count : 1]<UL><LI> startup_stm32f407xx.o(RESET)
</UL>
<P><STRONG><a name="[16]"></a>DMA1_Stream0_IRQHandler</STRONG> (Thumb, 6 bytes, Stack size 0 bytes, stm32f4xx_it.o(i.DMA1_Stream0_IRQHandler))
<BR><BR>[Stack]<UL><LI>Max Depth = 32<LI>Call Chain = DMA1_Stream0_IRQHandler &rArr; HAL_DMA_IRQHandler
</UL>
<BR>[Calls]<UL><LI><a href="#[7d]">&gt;&gt;</a>&nbsp;&nbsp;&nbsp;HAL_DMA_IRQHandler
</UL>
<BR>[Address Reference Count : 1]<UL><LI> startup_stm32f407xx.o(RESET)
</UL>
<P><STRONG><a name="[1b]"></a>DMA1_Stream5_IRQHandler</STRONG> (Thumb, 6 bytes, Stack size 0 bytes, stm32f4xx_it.o(i.DMA1_Stream5_IRQHandler))
<BR><BR>[Stack]<UL><LI>Max Depth = 32<LI>Call Chain = DMA1_Stream5_IRQHandler &rArr; HAL_DMA_IRQHandler
</UL>
<BR>[Calls]<UL><LI><a href="#[7d]">&gt;&gt;</a>&nbsp;&nbsp;&nbsp;HAL_DMA_IRQHandler
</UL>
<BR>[Address Reference Count : 1]<UL><LI> startup_stm32f407xx.o(RESET)
</UL>
<P><STRONG><a name="[8]"></a>DebugMon_Handler</STRONG> (Thumb, 2 bytes, Stack size 0 bytes, stm32f4xx_it.o(i.DebugMon_Handler))
<BR>[Address Reference Count : 1]<UL><LI> startup_stm32f407xx.o(RESET)
</UL>
<P><STRONG><a name="[e5]"></a>HAL_CAN_ConfigFilter</STRONG> (Thumb, 244 bytes, Stack size 8 bytes, stm32f4xx_hal_can.o(i.HAL_CAN_ConfigFilter))
<BR><BR>[Stack]<UL><LI>Max Depth = 8<LI>Call Chain = HAL_CAN_ConfigFilter
</UL>
<BR>[Called By]<UL><LI><a href="#[e4]">&gt;&gt;</a>&nbsp;&nbsp;&nbsp;can_device_init
</UL>

<P><STRONG><a name="[7f]"></a>HAL_CAN_ErrorCallback</STRONG> (Thumb, 12 bytes, Stack size 0 bytes, bsp_can.o(i.HAL_CAN_ErrorCallback))
<BR><BR>[Called By]<UL><LI><a href="#[7a]">&gt;&gt;</a>&nbsp;&nbsp;&nbsp;HAL_CAN_IRQHandler
</UL>

<P><STRONG><a name="[7a]"></a>HAL_CAN_IRQHandler</STRONG> (Thumb, 548 bytes, Stack size 24 bytes, stm32f4xx_hal_can.o(i.HAL_CAN_IRQHandler))
<BR><BR>[Stack]<UL><LI>Max Depth = 48<LI>Call Chain = HAL_CAN_IRQHandler &rArr; CAN_Receive_IT &rArr; HAL_CAN_RxCpltCallback &rArr; encoder_data_handler
</UL>
<BR>[Calls]<UL><LI><a href="#[7f]">&gt;&gt;</a>&nbsp;&nbsp;&nbsp;HAL_CAN_ErrorCallback
<LI><a href="#[7e]">&gt;&gt;</a>&nbsp;&nbsp;&nbsp;HAL_CAN_TxCpltCallback
<LI><a href="#[7b]">&gt;&gt;</a>&nbsp;&nbsp;&nbsp;CAN_Receive_IT
</UL>
<BR>[Called By]<UL><LI><a href="#[4a]">&gt;&gt;</a>&nbsp;&nbsp;&nbsp;CAN2_TX_IRQHandler
<LI><a href="#[4b]">&gt;&gt;</a>&nbsp;&nbsp;&nbsp;CAN2_RX0_IRQHandler
<LI><a href="#[1e]">&gt;&gt;</a>&nbsp;&nbsp;&nbsp;CAN1_TX_IRQHandler
<LI><a href="#[1f]">&gt;&gt;</a>&nbsp;&nbsp;&nbsp;CAN1_RX0_IRQHandler
</UL>

<P><STRONG><a name="[80]"></a>HAL_CAN_Init</STRONG> (Thumb, 328 bytes, Stack size 24 bytes, stm32f4xx_hal_can.o(i.HAL_CAN_Init))
<BR><BR>[Stack]<UL><LI>Max Depth = 112<LI>Call Chain = HAL_CAN_Init &rArr; HAL_CAN_MspInit &rArr; HAL_GPIO_Init
</UL>
<BR>[Calls]<UL><LI><a href="#[82]">&gt;&gt;</a>&nbsp;&nbsp;&nbsp;HAL_GetTick
<LI><a href="#[81]">&gt;&gt;</a>&nbsp;&nbsp;&nbsp;HAL_CAN_MspInit
</UL>
<BR>[Called By]<UL><LI><a href="#[c3]">&gt;&gt;</a>&nbsp;&nbsp;&nbsp;MX_CAN2_Init
<LI><a href="#[c2]">&gt;&gt;</a>&nbsp;&nbsp;&nbsp;MX_CAN1_Init
</UL>

<P><STRONG><a name="[81]"></a>HAL_CAN_MspInit</STRONG> (Thumb, 204 bytes, Stack size 48 bytes, can.o(i.HAL_CAN_MspInit))
<BR><BR>[Stack]<UL><LI>Max Depth = 88<LI>Call Chain = HAL_CAN_MspInit &rArr; HAL_GPIO_Init
</UL>
<BR>[Calls]<UL><LI><a href="#[85]">&gt;&gt;</a>&nbsp;&nbsp;&nbsp;HAL_NVIC_EnableIRQ
<LI><a href="#[84]">&gt;&gt;</a>&nbsp;&nbsp;&nbsp;HAL_NVIC_SetPriority
<LI><a href="#[83]">&gt;&gt;</a>&nbsp;&nbsp;&nbsp;HAL_GPIO_Init
</UL>
<BR>[Called By]<UL><LI><a href="#[80]">&gt;&gt;</a>&nbsp;&nbsp;&nbsp;HAL_CAN_Init
</UL>

<P><STRONG><a name="[e7]"></a>HAL_CAN_Receive_IT</STRONG> (Thumb, 180 bytes, Stack size 12 bytes, stm32f4xx_hal_can.o(i.HAL_CAN_Receive_IT))
<BR><BR>[Stack]<UL><LI>Max Depth = 12<LI>Call Chain = HAL_CAN_Receive_IT
</UL>
<BR>[Called By]<UL><LI><a href="#[e6]">&gt;&gt;</a>&nbsp;&nbsp;&nbsp;can_receive_start
</UL>

<P><STRONG><a name="[7c]"></a>HAL_CAN_RxCpltCallback</STRONG> (Thumb, 114 bytes, Stack size 8 bytes, bsp_can.o(i.HAL_CAN_RxCpltCallback))
<BR><BR>[Stack]<UL><LI>Max Depth = 16<LI>Call Chain = HAL_CAN_RxCpltCallback &rArr; encoder_data_handler
</UL>
<BR>[Calls]<UL><LI><a href="#[86]">&gt;&gt;</a>&nbsp;&nbsp;&nbsp;get_moto_offset
<LI><a href="#[87]">&gt;&gt;</a>&nbsp;&nbsp;&nbsp;encoder_data_handler
</UL>
<BR>[Called By]<UL><LI><a href="#[7b]">&gt;&gt;</a>&nbsp;&nbsp;&nbsp;CAN_Receive_IT
</UL>

<P><STRONG><a name="[88]"></a>HAL_CAN_Transmit</STRONG> (Thumb, 446 bytes, Stack size 40 bytes, stm32f4xx_hal_can.o(i.HAL_CAN_Transmit))
<BR><BR>[Stack]<UL><LI>Max Depth = 40<LI>Call Chain = HAL_CAN_Transmit
</UL>
<BR>[Calls]<UL><LI><a href="#[82]">&gt;&gt;</a>&nbsp;&nbsp;&nbsp;HAL_GetTick
</UL>
<BR>[Called By]<UL><LI><a href="#[121]">&gt;&gt;</a>&nbsp;&nbsp;&nbsp;send_chassis_cur
</UL>

<P><STRONG><a name="[7e]"></a>HAL_CAN_TxCpltCallback</STRONG> (Thumb, 2 bytes, Stack size 0 bytes, stm32f4xx_hal_can.o(i.HAL_CAN_TxCpltCallback))
<BR><BR>[Called By]<UL><LI><a href="#[7a]">&gt;&gt;</a>&nbsp;&nbsp;&nbsp;HAL_CAN_IRQHandler
</UL>

<P><STRONG><a name="[a7]"></a>HAL_DMA_Abort_IT</STRONG> (Thumb, 36 bytes, Stack size 0 bytes, stm32f4xx_hal_dma.o(i.HAL_DMA_Abort_IT))
<BR><BR>[Called By]<UL><LI><a href="#[a4]">&gt;&gt;</a>&nbsp;&nbsp;&nbsp;HAL_UART_IRQHandler
</UL>

<P><STRONG><a name="[7d]"></a>HAL_DMA_IRQHandler</STRONG> (Thumb, 414 bytes, Stack size 32 bytes, stm32f4xx_hal_dma.o(i.HAL_DMA_IRQHandler))
<BR><BR>[Stack]<UL><LI>Max Depth = 32<LI>Call Chain = HAL_DMA_IRQHandler
</UL>
<BR>[Called By]<UL><LI><a href="#[1b]">&gt;&gt;</a>&nbsp;&nbsp;&nbsp;DMA1_Stream5_IRQHandler
<LI><a href="#[16]">&gt;&gt;</a>&nbsp;&nbsp;&nbsp;DMA1_Stream0_IRQHandler
</UL>

<P><STRONG><a name="[89]"></a>HAL_DMA_Init</STRONG> (Thumb, 206 bytes, Stack size 24 bytes, stm32f4xx_hal_dma.o(i.HAL_DMA_Init))
<BR><BR>[Stack]<UL><LI>Max Depth = 32<LI>Call Chain = HAL_DMA_Init &rArr; DMA_CheckFifoParam
</UL>
<BR>[Calls]<UL><LI><a href="#[82]">&gt;&gt;</a>&nbsp;&nbsp;&nbsp;HAL_GetTick
<LI><a href="#[8a]">&gt;&gt;</a>&nbsp;&nbsp;&nbsp;DMA_CheckFifoParam
<LI><a href="#[8b]">&gt;&gt;</a>&nbsp;&nbsp;&nbsp;DMA_CalcBaseAndBitshift
</UL>
<BR>[Called By]<UL><LI><a href="#[ac]">&gt;&gt;</a>&nbsp;&nbsp;&nbsp;HAL_UART_MspInit
</UL>

<P><STRONG><a name="[8c]"></a>HAL_DMA_Start</STRONG> (Thumb, 70 bytes, Stack size 16 bytes, stm32f4xx_hal_dma.o(i.HAL_DMA_Start))
<BR><BR>[Stack]<UL><LI>Max Depth = 28<LI>Call Chain = HAL_DMA_Start &rArr; DMA_SetConfig
</UL>
<BR>[Calls]<UL><LI><a href="#[8d]">&gt;&gt;</a>&nbsp;&nbsp;&nbsp;DMA_SetConfig
</UL>
<BR>[Called By]<UL><LI><a href="#[f8]">&gt;&gt;</a>&nbsp;&nbsp;&nbsp;dbus_uart_init
</UL>

<P><STRONG><a name="[83]"></a>HAL_GPIO_Init</STRONG> (Thumb, 388 bytes, Stack size 40 bytes, stm32f4xx_hal_gpio.o(i.HAL_GPIO_Init))
<BR><BR>[Stack]<UL><LI>Max Depth = 40<LI>Call Chain = HAL_GPIO_Init
</UL>
<BR>[Called By]<UL><LI><a href="#[99]">&gt;&gt;</a>&nbsp;&nbsp;&nbsp;HAL_TIM_MspPostInit
<LI><a href="#[ac]">&gt;&gt;</a>&nbsp;&nbsp;&nbsp;HAL_UART_MspInit
<LI><a href="#[81]">&gt;&gt;</a>&nbsp;&nbsp;&nbsp;HAL_CAN_MspInit
<LI><a href="#[c5]">&gt;&gt;</a>&nbsp;&nbsp;&nbsp;MX_GPIO_Init
</UL>

<P><STRONG><a name="[13e]"></a>HAL_GPIO_ReadPin</STRONG> (Thumb, 10 bytes, Stack size 0 bytes, stm32f4xx_hal_gpio.o(i.HAL_GPIO_ReadPin))
<BR><BR>[Called By]<UL><LI><a href="#[123]">&gt;&gt;</a>&nbsp;&nbsp;&nbsp;optoelectronic_switch_task
</UL>

<P><STRONG><a name="[c6]"></a>HAL_GPIO_WritePin</STRONG> (Thumb, 10 bytes, Stack size 0 bytes, stm32f4xx_hal_gpio.o(i.HAL_GPIO_WritePin))
<BR><BR>[Called By]<UL><LI><a href="#[c5]">&gt;&gt;</a>&nbsp;&nbsp;&nbsp;MX_GPIO_Init
</UL>

<P><STRONG><a name="[82]"></a>HAL_GetTick</STRONG> (Thumb, 6 bytes, Stack size 0 bytes, stm32f4xx_hal.o(i.HAL_GetTick))
<BR><BR>[Called By]<UL><LI><a href="#[88]">&gt;&gt;</a>&nbsp;&nbsp;&nbsp;HAL_CAN_Transmit
<LI><a href="#[12a]">&gt;&gt;</a>&nbsp;&nbsp;&nbsp;millis
<LI><a href="#[f9]">&gt;&gt;</a>&nbsp;&nbsp;&nbsp;micros
<LI><a href="#[89]">&gt;&gt;</a>&nbsp;&nbsp;&nbsp;HAL_DMA_Init
<LI><a href="#[80]">&gt;&gt;</a>&nbsp;&nbsp;&nbsp;HAL_CAN_Init
<LI><a href="#[96]">&gt;&gt;</a>&nbsp;&nbsp;&nbsp;HAL_RCC_OscConfig
<LI><a href="#[94]">&gt;&gt;</a>&nbsp;&nbsp;&nbsp;HAL_RCC_ClockConfig
</UL>

<P><STRONG><a name="[cd]"></a>HAL_IncTick</STRONG> (Thumb, 10 bytes, Stack size 0 bytes, stm32f4xx_hal.o(i.HAL_IncTick))
<BR><BR>[Called By]<UL><LI><a href="#[a]">&gt;&gt;</a>&nbsp;&nbsp;&nbsp;SysTick_Handler
</UL>

<P><STRONG><a name="[8e]"></a>HAL_Init</STRONG> (Thumb, 48 bytes, Stack size 8 bytes, stm32f4xx_hal.o(i.HAL_Init))
<BR><BR>[Stack]<UL><LI>Max Depth = 32<LI>Call Chain = HAL_Init &rArr; HAL_MspInit &rArr; HAL_NVIC_SetPriority
</UL>
<BR>[Calls]<UL><LI><a href="#[8f]">&gt;&gt;</a>&nbsp;&nbsp;&nbsp;HAL_NVIC_SetPriorityGrouping
<LI><a href="#[91]">&gt;&gt;</a>&nbsp;&nbsp;&nbsp;HAL_MspInit
<LI><a href="#[90]">&gt;&gt;</a>&nbsp;&nbsp;&nbsp;HAL_InitTick
</UL>
<BR>[Called By]<UL><LI><a href="#[5c]">&gt;&gt;</a>&nbsp;&nbsp;&nbsp;main
</UL>

<P><STRONG><a name="[90]"></a>HAL_InitTick</STRONG> (Thumb, 34 bytes, Stack size 8 bytes, stm32f4xx_hal.o(i.HAL_InitTick))
<BR><BR>[Stack]<UL><LI>Max Depth = 24<LI>Call Chain = HAL_InitTick &rArr; HAL_NVIC_SetPriority
</UL>
<BR>[Calls]<UL><LI><a href="#[92]">&gt;&gt;</a>&nbsp;&nbsp;&nbsp;HAL_SYSTICK_Config
<LI><a href="#[84]">&gt;&gt;</a>&nbsp;&nbsp;&nbsp;HAL_NVIC_SetPriority
</UL>
<BR>[Called By]<UL><LI><a href="#[94]">&gt;&gt;</a>&nbsp;&nbsp;&nbsp;HAL_RCC_ClockConfig
<LI><a href="#[8e]">&gt;&gt;</a>&nbsp;&nbsp;&nbsp;HAL_Init
</UL>

<P><STRONG><a name="[91]"></a>HAL_MspInit</STRONG> (Thumb, 88 bytes, Stack size 8 bytes, stm32f4xx_hal_msp.o(i.HAL_MspInit))
<BR><BR>[Stack]<UL><LI>Max Depth = 24<LI>Call Chain = HAL_MspInit &rArr; HAL_NVIC_SetPriority
</UL>
<BR>[Calls]<UL><LI><a href="#[8f]">&gt;&gt;</a>&nbsp;&nbsp;&nbsp;HAL_NVIC_SetPriorityGrouping
<LI><a href="#[84]">&gt;&gt;</a>&nbsp;&nbsp;&nbsp;HAL_NVIC_SetPriority
</UL>
<BR>[Called By]<UL><LI><a href="#[8e]">&gt;&gt;</a>&nbsp;&nbsp;&nbsp;HAL_Init
</UL>

<P><STRONG><a name="[85]"></a>HAL_NVIC_EnableIRQ</STRONG> (Thumb, 22 bytes, Stack size 0 bytes, stm32f4xx_hal_cortex.o(i.HAL_NVIC_EnableIRQ))
<BR><BR>[Called By]<UL><LI><a href="#[ac]">&gt;&gt;</a>&nbsp;&nbsp;&nbsp;HAL_UART_MspInit
<LI><a href="#[81]">&gt;&gt;</a>&nbsp;&nbsp;&nbsp;HAL_CAN_MspInit
<LI><a href="#[c4]">&gt;&gt;</a>&nbsp;&nbsp;&nbsp;MX_DMA_Init
</UL>

<P><STRONG><a name="[84]"></a>HAL_NVIC_SetPriority</STRONG> (Thumb, 60 bytes, Stack size 16 bytes, stm32f4xx_hal_cortex.o(i.HAL_NVIC_SetPriority))
<BR><BR>[Stack]<UL><LI>Max Depth = 16<LI>Call Chain = HAL_NVIC_SetPriority
</UL>
<BR>[Calls]<UL><LI><a href="#[93]">&gt;&gt;</a>&nbsp;&nbsp;&nbsp;NVIC_SetPriority
</UL>
<BR>[Called By]<UL><LI><a href="#[ac]">&gt;&gt;</a>&nbsp;&nbsp;&nbsp;HAL_UART_MspInit
<LI><a href="#[81]">&gt;&gt;</a>&nbsp;&nbsp;&nbsp;HAL_CAN_MspInit
<LI><a href="#[91]">&gt;&gt;</a>&nbsp;&nbsp;&nbsp;HAL_MspInit
<LI><a href="#[c4]">&gt;&gt;</a>&nbsp;&nbsp;&nbsp;MX_DMA_Init
<LI><a href="#[ce]">&gt;&gt;</a>&nbsp;&nbsp;&nbsp;SystemClock_Config
<LI><a href="#[90]">&gt;&gt;</a>&nbsp;&nbsp;&nbsp;HAL_InitTick
</UL>

<P><STRONG><a name="[8f]"></a>HAL_NVIC_SetPriorityGrouping</STRONG> (Thumb, 26 bytes, Stack size 0 bytes, stm32f4xx_hal_cortex.o(i.HAL_NVIC_SetPriorityGrouping))
<BR><BR>[Called By]<UL><LI><a href="#[91]">&gt;&gt;</a>&nbsp;&nbsp;&nbsp;HAL_MspInit
<LI><a href="#[8e]">&gt;&gt;</a>&nbsp;&nbsp;&nbsp;HAL_Init
</UL>

<P><STRONG><a name="[94]"></a>HAL_RCC_ClockConfig</STRONG> (Thumb, 364 bytes, Stack size 32 bytes, stm32f4xx_hal_rcc.o(i.HAL_RCC_ClockConfig))
<BR><BR>[Stack]<UL><LI>Max Depth = 56<LI>Call Chain = HAL_RCC_ClockConfig &rArr; HAL_InitTick &rArr; HAL_NVIC_SetPriority
</UL>
<BR>[Calls]<UL><LI><a href="#[82]">&gt;&gt;</a>&nbsp;&nbsp;&nbsp;HAL_GetTick
<LI><a href="#[95]">&gt;&gt;</a>&nbsp;&nbsp;&nbsp;HAL_RCC_GetSysClockFreq
<LI><a href="#[90]">&gt;&gt;</a>&nbsp;&nbsp;&nbsp;HAL_InitTick
</UL>
<BR>[Called By]<UL><LI><a href="#[ce]">&gt;&gt;</a>&nbsp;&nbsp;&nbsp;SystemClock_Config
</UL>

<P><STRONG><a name="[cf]"></a>HAL_RCC_GetHCLKFreq</STRONG> (Thumb, 6 bytes, Stack size 0 bytes, stm32f4xx_hal_rcc.o(i.HAL_RCC_GetHCLKFreq))
<BR><BR>[Called By]<UL><LI><a href="#[ce]">&gt;&gt;</a>&nbsp;&nbsp;&nbsp;SystemClock_Config
</UL>

<P><STRONG><a name="[d3]"></a>HAL_RCC_GetPCLK1Freq</STRONG> (Thumb, 34 bytes, Stack size 0 bytes, stm32f4xx_hal_rcc.o(i.HAL_RCC_GetPCLK1Freq))
<BR><BR>[Called By]<UL><LI><a href="#[ad]">&gt;&gt;</a>&nbsp;&nbsp;&nbsp;UART_SetConfig
</UL>

<P><STRONG><a name="[d2]"></a>HAL_RCC_GetPCLK2Freq</STRONG> (Thumb, 34 bytes, Stack size 0 bytes, stm32f4xx_hal_rcc.o(i.HAL_RCC_GetPCLK2Freq))
<BR><BR>[Called By]<UL><LI><a href="#[ad]">&gt;&gt;</a>&nbsp;&nbsp;&nbsp;UART_SetConfig
</UL>

<P><STRONG><a name="[95]"></a>HAL_RCC_GetSysClockFreq</STRONG> (Thumb, 104 bytes, Stack size 12 bytes, stm32f4xx_hal_rcc.o(i.HAL_RCC_GetSysClockFreq))
<BR><BR>[Stack]<UL><LI>Max Depth = 12<LI>Call Chain = HAL_RCC_GetSysClockFreq
</UL>
<BR>[Called By]<UL><LI><a href="#[94]">&gt;&gt;</a>&nbsp;&nbsp;&nbsp;HAL_RCC_ClockConfig
</UL>

<P><STRONG><a name="[96]"></a>HAL_RCC_OscConfig</STRONG> (Thumb, 770 bytes, Stack size 40 bytes, stm32f4xx_hal_rcc.o(i.HAL_RCC_OscConfig))
<BR><BR>[Stack]<UL><LI>Max Depth = 40<LI>Call Chain = HAL_RCC_OscConfig
</UL>
<BR>[Calls]<UL><LI><a href="#[82]">&gt;&gt;</a>&nbsp;&nbsp;&nbsp;HAL_GetTick
</UL>
<BR>[Called By]<UL><LI><a href="#[ce]">&gt;&gt;</a>&nbsp;&nbsp;&nbsp;SystemClock_Config
</UL>

<P><STRONG><a name="[d0]"></a>HAL_SYSTICK_CLKSourceConfig</STRONG> (Thumb, 24 bytes, Stack size 0 bytes, stm32f4xx_hal_cortex.o(i.HAL_SYSTICK_CLKSourceConfig))
<BR><BR>[Called By]<UL><LI><a href="#[ce]">&gt;&gt;</a>&nbsp;&nbsp;&nbsp;SystemClock_Config
</UL>

<P><STRONG><a name="[98]"></a>HAL_SYSTICK_Callback</STRONG> (Thumb, 2 bytes, Stack size 0 bytes, stm32f4xx_hal_cortex.o(i.HAL_SYSTICK_Callback))
<BR><BR>[Called By]<UL><LI><a href="#[97]">&gt;&gt;</a>&nbsp;&nbsp;&nbsp;HAL_SYSTICK_IRQHandler
</UL>

<P><STRONG><a name="[92]"></a>HAL_SYSTICK_Config</STRONG> (Thumb, 40 bytes, Stack size 8 bytes, stm32f4xx_hal_cortex.o(i.HAL_SYSTICK_Config))
<BR><BR>[Stack]<UL><LI>Max Depth = 8<LI>Call Chain = HAL_SYSTICK_Config
</UL>
<BR>[Calls]<UL><LI><a href="#[93]">&gt;&gt;</a>&nbsp;&nbsp;&nbsp;NVIC_SetPriority
</UL>
<BR>[Called By]<UL><LI><a href="#[ce]">&gt;&gt;</a>&nbsp;&nbsp;&nbsp;SystemClock_Config
<LI><a href="#[90]">&gt;&gt;</a>&nbsp;&nbsp;&nbsp;HAL_InitTick
</UL>

<P><STRONG><a name="[97]"></a>HAL_SYSTICK_IRQHandler</STRONG> (Thumb, 8 bytes, Stack size 8 bytes, stm32f4xx_hal_cortex.o(i.HAL_SYSTICK_IRQHandler))
<BR><BR>[Stack]<UL><LI>Max Depth = 8<LI>Call Chain = HAL_SYSTICK_IRQHandler
</UL>
<BR>[Calls]<UL><LI><a href="#[98]">&gt;&gt;</a>&nbsp;&nbsp;&nbsp;HAL_SYSTICK_Callback
</UL>
<BR>[Called By]<UL><LI><a href="#[a]">&gt;&gt;</a>&nbsp;&nbsp;&nbsp;SysTick_Handler
</UL>

<P><STRONG><a name="[c9]"></a>HAL_TIMEx_ConfigBreakDeadTime</STRONG> (Thumb, 90 bytes, Stack size 8 bytes, stm32f4xx_hal_tim_ex.o(i.HAL_TIMEx_ConfigBreakDeadTime))
<BR><BR>[Stack]<UL><LI>Max Depth = 8<LI>Call Chain = HAL_TIMEx_ConfigBreakDeadTime
</UL>
<BR>[Called By]<UL><LI><a href="#[c7]">&gt;&gt;</a>&nbsp;&nbsp;&nbsp;MX_TIM1_Init
</UL>

<P><STRONG><a name="[c8]"></a>HAL_TIMEx_MasterConfigSynchronization</STRONG> (Thumb, 80 bytes, Stack size 12 bytes, stm32f4xx_hal_tim_ex.o(i.HAL_TIMEx_MasterConfigSynchronization))
<BR><BR>[Stack]<UL><LI>Max Depth = 12<LI>Call Chain = HAL_TIMEx_MasterConfigSynchronization
</UL>
<BR>[Called By]<UL><LI><a href="#[ca]">&gt;&gt;</a>&nbsp;&nbsp;&nbsp;MX_TIM4_Init
<LI><a href="#[c7]">&gt;&gt;</a>&nbsp;&nbsp;&nbsp;MX_TIM1_Init
</UL>

<P><STRONG><a name="[99]"></a>HAL_TIM_MspPostInit</STRONG> (Thumb, 68 bytes, Stack size 24 bytes, tim.o(i.HAL_TIM_MspPostInit))
<BR><BR>[Stack]<UL><LI>Max Depth = 64<LI>Call Chain = HAL_TIM_MspPostInit &rArr; HAL_GPIO_Init
</UL>
<BR>[Calls]<UL><LI><a href="#[83]">&gt;&gt;</a>&nbsp;&nbsp;&nbsp;HAL_GPIO_Init
</UL>
<BR>[Called By]<UL><LI><a href="#[ca]">&gt;&gt;</a>&nbsp;&nbsp;&nbsp;MX_TIM4_Init
<LI><a href="#[c7]">&gt;&gt;</a>&nbsp;&nbsp;&nbsp;MX_TIM1_Init
</UL>

<P><STRONG><a name="[9a]"></a>HAL_TIM_PWM_ConfigChannel</STRONG> (Thumb, 208 bytes, Stack size 16 bytes, stm32f4xx_hal_tim.o(i.HAL_TIM_PWM_ConfigChannel))
<BR><BR>[Stack]<UL><LI>Max Depth = 28<LI>Call Chain = HAL_TIM_PWM_ConfigChannel &rArr; TIM_OC4_SetConfig
</UL>
<BR>[Calls]<UL><LI><a href="#[9e]">&gt;&gt;</a>&nbsp;&nbsp;&nbsp;TIM_OC4_SetConfig
<LI><a href="#[9d]">&gt;&gt;</a>&nbsp;&nbsp;&nbsp;TIM_OC3_SetConfig
<LI><a href="#[9b]">&gt;&gt;</a>&nbsp;&nbsp;&nbsp;TIM_OC1_SetConfig
<LI><a href="#[9c]">&gt;&gt;</a>&nbsp;&nbsp;&nbsp;TIM_OC2_SetConfig
</UL>
<BR>[Called By]<UL><LI><a href="#[ca]">&gt;&gt;</a>&nbsp;&nbsp;&nbsp;MX_TIM4_Init
<LI><a href="#[c7]">&gt;&gt;</a>&nbsp;&nbsp;&nbsp;MX_TIM1_Init
</UL>

<P><STRONG><a name="[9f]"></a>HAL_TIM_PWM_Init</STRONG> (Thumb, 54 bytes, Stack size 8 bytes, stm32f4xx_hal_tim.o(i.HAL_TIM_PWM_Init))
<BR><BR>[Stack]<UL><LI>Max Depth = 28<LI>Call Chain = HAL_TIM_PWM_Init &rArr; TIM_Base_SetConfig
</UL>
<BR>[Calls]<UL><LI><a href="#[a0]">&gt;&gt;</a>&nbsp;&nbsp;&nbsp;HAL_TIM_PWM_MspInit
<LI><a href="#[a1]">&gt;&gt;</a>&nbsp;&nbsp;&nbsp;TIM_Base_SetConfig
</UL>
<BR>[Called By]<UL><LI><a href="#[ca]">&gt;&gt;</a>&nbsp;&nbsp;&nbsp;MX_TIM4_Init
<LI><a href="#[c7]">&gt;&gt;</a>&nbsp;&nbsp;&nbsp;MX_TIM1_Init
</UL>

<P><STRONG><a name="[a0]"></a>HAL_TIM_PWM_MspInit</STRONG> (Thumb, 56 bytes, Stack size 8 bytes, tim.o(i.HAL_TIM_PWM_MspInit))
<BR><BR>[Stack]<UL><LI>Max Depth = 8<LI>Call Chain = HAL_TIM_PWM_MspInit
</UL>
<BR>[Called By]<UL><LI><a href="#[9f]">&gt;&gt;</a>&nbsp;&nbsp;&nbsp;HAL_TIM_PWM_Init
</UL>

<P><STRONG><a name="[a2]"></a>HAL_TIM_PWM_Start</STRONG> (Thumb, 48 bytes, Stack size 8 bytes, stm32f4xx_hal_tim.o(i.HAL_TIM_PWM_Start))
<BR><BR>[Stack]<UL><LI>Max Depth = 16<LI>Call Chain = HAL_TIM_PWM_Start &rArr; TIM_CCxChannelCmd
</UL>
<BR>[Calls]<UL><LI><a href="#[a3]">&gt;&gt;</a>&nbsp;&nbsp;&nbsp;TIM_CCxChannelCmd
</UL>
<BR>[Called By]<UL><LI><a href="#[126]">&gt;&gt;</a>&nbsp;&nbsp;&nbsp;pwm_device_init
</UL>

<P><STRONG><a name="[a8]"></a>HAL_UART_ErrorCallback</STRONG> (Thumb, 2 bytes, Stack size 0 bytes, stm32f4xx_hal_uart.o(i.HAL_UART_ErrorCallback))
<BR><BR>[Called By]<UL><LI><a href="#[a4]">&gt;&gt;</a>&nbsp;&nbsp;&nbsp;HAL_UART_IRQHandler
<LI><a href="#[5f]">&gt;&gt;</a>&nbsp;&nbsp;&nbsp;UART_DMAAbortOnError
</UL>

<P><STRONG><a name="[a4]"></a>HAL_UART_IRQHandler</STRONG> (Thumb, 266 bytes, Stack size 16 bytes, stm32f4xx_hal_uart.o(i.HAL_UART_IRQHandler))
<BR><BR>[Stack]<UL><LI>Max Depth = 24<LI>Call Chain = HAL_UART_IRQHandler &rArr; UART_Receive_IT
</UL>
<BR>[Calls]<UL><LI><a href="#[aa]">&gt;&gt;</a>&nbsp;&nbsp;&nbsp;HAL_UART_TxCpltCallback
<LI><a href="#[a7]">&gt;&gt;</a>&nbsp;&nbsp;&nbsp;HAL_DMA_Abort_IT
<LI><a href="#[a8]">&gt;&gt;</a>&nbsp;&nbsp;&nbsp;HAL_UART_ErrorCallback
<LI><a href="#[a9]">&gt;&gt;</a>&nbsp;&nbsp;&nbsp;UART_Transmit_IT
<LI><a href="#[a5]">&gt;&gt;</a>&nbsp;&nbsp;&nbsp;UART_Receive_IT
<LI><a href="#[a6]">&gt;&gt;</a>&nbsp;&nbsp;&nbsp;UART_EndRxTransfer
</UL>
<BR>[Called By]<UL><LI><a href="#[31]">&gt;&gt;</a>&nbsp;&nbsp;&nbsp;USART2_IRQHandler
<LI><a href="#[40]">&gt;&gt;</a>&nbsp;&nbsp;&nbsp;UART5_IRQHandler
</UL>

<P><STRONG><a name="[ab]"></a>HAL_UART_Init</STRONG> (Thumb, 98 bytes, Stack size 16 bytes, stm32f4xx_hal_uart.o(i.HAL_UART_Init))
<BR><BR>[Stack]<UL><LI>Max Depth = 120<LI>Call Chain = HAL_UART_Init &rArr; HAL_UART_MspInit &rArr; HAL_GPIO_Init
</UL>
<BR>[Calls]<UL><LI><a href="#[ac]">&gt;&gt;</a>&nbsp;&nbsp;&nbsp;HAL_UART_MspInit
<LI><a href="#[ad]">&gt;&gt;</a>&nbsp;&nbsp;&nbsp;UART_SetConfig
</UL>
<BR>[Called By]<UL><LI><a href="#[cc]">&gt;&gt;</a>&nbsp;&nbsp;&nbsp;MX_USART2_UART_Init
<LI><a href="#[cb]">&gt;&gt;</a>&nbsp;&nbsp;&nbsp;MX_UART5_Init
</UL>

<P><STRONG><a name="[ac]"></a>HAL_UART_MspInit</STRONG> (Thumb, 260 bytes, Stack size 64 bytes, usart.o(i.HAL_UART_MspInit))
<BR><BR>[Stack]<UL><LI>Max Depth = 104<LI>Call Chain = HAL_UART_MspInit &rArr; HAL_GPIO_Init
</UL>
<BR>[Calls]<UL><LI><a href="#[89]">&gt;&gt;</a>&nbsp;&nbsp;&nbsp;HAL_DMA_Init
<LI><a href="#[85]">&gt;&gt;</a>&nbsp;&nbsp;&nbsp;HAL_NVIC_EnableIRQ
<LI><a href="#[84]">&gt;&gt;</a>&nbsp;&nbsp;&nbsp;HAL_NVIC_SetPriority
<LI><a href="#[ae]">&gt;&gt;</a>&nbsp;&nbsp;&nbsp;_Error_Handler
<LI><a href="#[83]">&gt;&gt;</a>&nbsp;&nbsp;&nbsp;HAL_GPIO_Init
</UL>
<BR>[Called By]<UL><LI><a href="#[ab]">&gt;&gt;</a>&nbsp;&nbsp;&nbsp;HAL_UART_Init
</UL>

<P><STRONG><a name="[d1]"></a>HAL_UART_RxCpltCallback</STRONG> (Thumb, 2 bytes, Stack size 0 bytes, bsp_uart.o(i.HAL_UART_RxCpltCallback))
<BR><BR>[Called By]<UL><LI><a href="#[a5]">&gt;&gt;</a>&nbsp;&nbsp;&nbsp;UART_Receive_IT
</UL>

<P><STRONG><a name="[aa]"></a>HAL_UART_TxCpltCallback</STRONG> (Thumb, 2 bytes, Stack size 0 bytes, bsp_uart.o(i.HAL_UART_TxCpltCallback))
<BR><BR>[Called By]<UL><LI><a href="#[a4]">&gt;&gt;</a>&nbsp;&nbsp;&nbsp;HAL_UART_IRQHandler
</UL>

<P><STRONG><a name="[3]"></a>HardFault_Handler</STRONG> (Thumb, 2 bytes, Stack size 0 bytes, stm32f4xx_it.o(i.HardFault_Handler))
<BR><BR>[Calls]<UL><LI><a href="#[3]">&gt;&gt;</a>&nbsp;&nbsp;&nbsp;HardFault_Handler
</UL>
<BR>[Called By]<UL><LI><a href="#[3]">&gt;&gt;</a>&nbsp;&nbsp;&nbsp;HardFault_Handler
</UL>
<BR>[Address Reference Count : 1]<UL><LI> startup_stm32f407xx.o(RESET)
</UL>
<P><STRONG><a name="[af]"></a>IIC_Ack</STRONG> (Thumb, 56 bytes, Stack size 16 bytes, mpu6050_iic.o(i.IIC_Ack))
<BR><BR>[Stack]<UL><LI>Max Depth = 48<LI>Call Chain = IIC_Ack &rArr; delay_us &rArr; micros
</UL>
<BR>[Calls]<UL><LI><a href="#[b0]">&gt;&gt;</a>&nbsp;&nbsp;&nbsp;delay_us
</UL>
<BR>[Called By]<UL><LI><a href="#[b2]">&gt;&gt;</a>&nbsp;&nbsp;&nbsp;IIC_Read_Byte
</UL>

<P><STRONG><a name="[bb]"></a>IIC_Init</STRONG> (Thumb, 14 bytes, Stack size 0 bytes, mpu6050_iic.o(i.IIC_Init))
<BR><BR>[Called By]<UL><LI><a href="#[128]">&gt;&gt;</a>&nbsp;&nbsp;&nbsp;mpu_dmp_init
<LI><a href="#[ba]">&gt;&gt;</a>&nbsp;&nbsp;&nbsp;MPU_Init
</UL>

<P><STRONG><a name="[b1]"></a>IIC_NAck</STRONG> (Thumb, 56 bytes, Stack size 16 bytes, mpu6050_iic.o(i.IIC_NAck))
<BR><BR>[Stack]<UL><LI>Max Depth = 48<LI>Call Chain = IIC_NAck &rArr; delay_us &rArr; micros
</UL>
<BR>[Calls]<UL><LI><a href="#[b0]">&gt;&gt;</a>&nbsp;&nbsp;&nbsp;delay_us
</UL>
<BR>[Called By]<UL><LI><a href="#[b2]">&gt;&gt;</a>&nbsp;&nbsp;&nbsp;IIC_Read_Byte
</UL>

<P><STRONG><a name="[b2]"></a>IIC_Read_Byte</STRONG> (Thumb, 96 bytes, Stack size 32 bytes, mpu6050_iic.o(i.IIC_Read_Byte))
<BR><BR>[Stack]<UL><LI>Max Depth = 80<LI>Call Chain = IIC_Read_Byte &rArr; IIC_NAck &rArr; delay_us &rArr; micros
</UL>
<BR>[Calls]<UL><LI><a href="#[b0]">&gt;&gt;</a>&nbsp;&nbsp;&nbsp;delay_us
<LI><a href="#[b1]">&gt;&gt;</a>&nbsp;&nbsp;&nbsp;IIC_NAck
<LI><a href="#[af]">&gt;&gt;</a>&nbsp;&nbsp;&nbsp;IIC_Ack
</UL>
<BR>[Called By]<UL><LI><a href="#[b8]">&gt;&gt;</a>&nbsp;&nbsp;&nbsp;MPU_Read_Len
<LI><a href="#[bf]">&gt;&gt;</a>&nbsp;&nbsp;&nbsp;MPU_Read_Byte
</UL>

<P><STRONG><a name="[b3]"></a>IIC_Send_Byte</STRONG> (Thumb, 86 bytes, Stack size 24 bytes, mpu6050_iic.o(i.IIC_Send_Byte))
<BR><BR>[Stack]<UL><LI>Max Depth = 56<LI>Call Chain = IIC_Send_Byte &rArr; delay_us &rArr; micros
</UL>
<BR>[Calls]<UL><LI><a href="#[b0]">&gt;&gt;</a>&nbsp;&nbsp;&nbsp;delay_us
</UL>
<BR>[Called By]<UL><LI><a href="#[c1]">&gt;&gt;</a>&nbsp;&nbsp;&nbsp;MPU_Write_Len
<LI><a href="#[bc]">&gt;&gt;</a>&nbsp;&nbsp;&nbsp;MPU_Write_Byte
<LI><a href="#[b8]">&gt;&gt;</a>&nbsp;&nbsp;&nbsp;MPU_Read_Len
<LI><a href="#[bf]">&gt;&gt;</a>&nbsp;&nbsp;&nbsp;MPU_Read_Byte
</UL>

<P><STRONG><a name="[b4]"></a>IIC_Start</STRONG> (Thumb, 56 bytes, Stack size 16 bytes, mpu6050_iic.o(i.IIC_Start))
<BR><BR>[Stack]<UL><LI>Max Depth = 48<LI>Call Chain = IIC_Start &rArr; delay_us &rArr; micros
</UL>
<BR>[Calls]<UL><LI><a href="#[b0]">&gt;&gt;</a>&nbsp;&nbsp;&nbsp;delay_us
</UL>
<BR>[Called By]<UL><LI><a href="#[c1]">&gt;&gt;</a>&nbsp;&nbsp;&nbsp;MPU_Write_Len
<LI><a href="#[bc]">&gt;&gt;</a>&nbsp;&nbsp;&nbsp;MPU_Write_Byte
<LI><a href="#[b8]">&gt;&gt;</a>&nbsp;&nbsp;&nbsp;MPU_Read_Len
<LI><a href="#[bf]">&gt;&gt;</a>&nbsp;&nbsp;&nbsp;MPU_Read_Byte
</UL>

<P><STRONG><a name="[b5]"></a>IIC_Stop</STRONG> (Thumb, 58 bytes, Stack size 8 bytes, mpu6050_iic.o(i.IIC_Stop))
<BR><BR>[Stack]<UL><LI>Max Depth = 40<LI>Call Chain = IIC_Stop &rArr; delay_us &rArr; micros
</UL>
<BR>[Calls]<UL><LI><a href="#[b0]">&gt;&gt;</a>&nbsp;&nbsp;&nbsp;delay_us
</UL>
<BR>[Called By]<UL><LI><a href="#[c1]">&gt;&gt;</a>&nbsp;&nbsp;&nbsp;MPU_Write_Len
<LI><a href="#[bc]">&gt;&gt;</a>&nbsp;&nbsp;&nbsp;MPU_Write_Byte
<LI><a href="#[b8]">&gt;&gt;</a>&nbsp;&nbsp;&nbsp;MPU_Read_Len
<LI><a href="#[bf]">&gt;&gt;</a>&nbsp;&nbsp;&nbsp;MPU_Read_Byte
<LI><a href="#[b6]">&gt;&gt;</a>&nbsp;&nbsp;&nbsp;IIC_Wait_Ack
</UL>

<P><STRONG><a name="[b6]"></a>IIC_Wait_Ack</STRONG> (Thumb, 74 bytes, Stack size 16 bytes, mpu6050_iic.o(i.IIC_Wait_Ack))
<BR><BR>[Stack]<UL><LI>Max Depth = 56<LI>Call Chain = IIC_Wait_Ack &rArr; IIC_Stop &rArr; delay_us &rArr; micros
</UL>
<BR>[Calls]<UL><LI><a href="#[b0]">&gt;&gt;</a>&nbsp;&nbsp;&nbsp;delay_us
<LI><a href="#[b5]">&gt;&gt;</a>&nbsp;&nbsp;&nbsp;IIC_Stop
</UL>
<BR>[Called By]<UL><LI><a href="#[c1]">&gt;&gt;</a>&nbsp;&nbsp;&nbsp;MPU_Write_Len
<LI><a href="#[bc]">&gt;&gt;</a>&nbsp;&nbsp;&nbsp;MPU_Write_Byte
<LI><a href="#[b8]">&gt;&gt;</a>&nbsp;&nbsp;&nbsp;MPU_Read_Len
<LI><a href="#[bf]">&gt;&gt;</a>&nbsp;&nbsp;&nbsp;MPU_Read_Byte
</UL>

<P><STRONG><a name="[b7]"></a>MPU_Get_Gyroscope</STRONG> (Thumb, 120 bytes, Stack size 24 bytes, mpu6050_driver.o(i.MPU_Get_Gyroscope))
<BR><BR>[Stack]<UL><LI>Max Depth = 128<LI>Call Chain = MPU_Get_Gyroscope &rArr; MPU_Read_Len &rArr; IIC_Read_Byte &rArr; IIC_NAck &rArr; delay_us &rArr; micros
</UL>
<BR>[Calls]<UL><LI><a href="#[b8]">&gt;&gt;</a>&nbsp;&nbsp;&nbsp;MPU_Read_Len
</UL>
<BR>[Called By]<UL><LI><a href="#[122]">&gt;&gt;</a>&nbsp;&nbsp;&nbsp;mpu_get_data
</UL>

<P><STRONG><a name="[b9]"></a>MPU_Get_Temperature</STRONG> (Thumb, 78 bytes, Stack size 8 bytes, mpu6050_driver.o(i.MPU_Get_Temperature))
<BR><BR>[Stack]<UL><LI>Max Depth = 112<LI>Call Chain = MPU_Get_Temperature &rArr; MPU_Read_Len &rArr; IIC_Read_Byte &rArr; IIC_NAck &rArr; delay_us &rArr; micros
</UL>
<BR>[Calls]<UL><LI><a href="#[73]">&gt;&gt;</a>&nbsp;&nbsp;&nbsp;__aeabi_ddiv
<LI><a href="#[b8]">&gt;&gt;</a>&nbsp;&nbsp;&nbsp;MPU_Read_Len
<LI><a href="#[74]">&gt;&gt;</a>&nbsp;&nbsp;&nbsp;__aeabi_i2d
<LI><a href="#[6b]">&gt;&gt;</a>&nbsp;&nbsp;&nbsp;__aeabi_dadd
<LI><a href="#[75]">&gt;&gt;</a>&nbsp;&nbsp;&nbsp;__aeabi_d2f
</UL>
<BR>[Called By]<UL><LI><a href="#[122]">&gt;&gt;</a>&nbsp;&nbsp;&nbsp;mpu_get_data
</UL>

<P><STRONG><a name="[ba]"></a>MPU_Init</STRONG> (Thumb, 122 bytes, Stack size 8 bytes, mpu6050_driver.o(i.MPU_Init))
<BR><BR>[Stack]<UL><LI>Max Depth = 96<LI>Call Chain = MPU_Init &rArr; MPU_Read_Byte &rArr; IIC_Read_Byte &rArr; IIC_NAck &rArr; delay_us &rArr; micros
</UL>
<BR>[Calls]<UL><LI><a href="#[bd]">&gt;&gt;</a>&nbsp;&nbsp;&nbsp;delay_ms
<LI><a href="#[bc]">&gt;&gt;</a>&nbsp;&nbsp;&nbsp;MPU_Write_Byte
<LI><a href="#[be]">&gt;&gt;</a>&nbsp;&nbsp;&nbsp;MPU_Set_Rate
<LI><a href="#[bf]">&gt;&gt;</a>&nbsp;&nbsp;&nbsp;MPU_Read_Byte
<LI><a href="#[bb]">&gt;&gt;</a>&nbsp;&nbsp;&nbsp;IIC_Init
</UL>
<BR>[Called By]<UL><LI><a href="#[5c]">&gt;&gt;</a>&nbsp;&nbsp;&nbsp;main
</UL>

<P><STRONG><a name="[bf]"></a>MPU_Read_Byte</STRONG> (Thumb, 58 bytes, Stack size 8 bytes, mpu6050_driver.o(i.MPU_Read_Byte))
<BR><BR>[Stack]<UL><LI>Max Depth = 88<LI>Call Chain = MPU_Read_Byte &rArr; IIC_Read_Byte &rArr; IIC_NAck &rArr; delay_us &rArr; micros
</UL>
<BR>[Calls]<UL><LI><a href="#[b6]">&gt;&gt;</a>&nbsp;&nbsp;&nbsp;IIC_Wait_Ack
<LI><a href="#[b5]">&gt;&gt;</a>&nbsp;&nbsp;&nbsp;IIC_Stop
<LI><a href="#[b4]">&gt;&gt;</a>&nbsp;&nbsp;&nbsp;IIC_Start
<LI><a href="#[b3]">&gt;&gt;</a>&nbsp;&nbsp;&nbsp;IIC_Send_Byte
<LI><a href="#[b2]">&gt;&gt;</a>&nbsp;&nbsp;&nbsp;IIC_Read_Byte
</UL>
<BR>[Called By]<UL><LI><a href="#[ba]">&gt;&gt;</a>&nbsp;&nbsp;&nbsp;MPU_Init
</UL>

<P><STRONG><a name="[b8]"></a>MPU_Read_Len</STRONG> (Thumb, 108 bytes, Stack size 24 bytes, mpu6050_driver.o(i.MPU_Read_Len))
<BR><BR>[Stack]<UL><LI>Max Depth = 104<LI>Call Chain = MPU_Read_Len &rArr; IIC_Read_Byte &rArr; IIC_NAck &rArr; delay_us &rArr; micros
</UL>
<BR>[Calls]<UL><LI><a href="#[b6]">&gt;&gt;</a>&nbsp;&nbsp;&nbsp;IIC_Wait_Ack
<LI><a href="#[b5]">&gt;&gt;</a>&nbsp;&nbsp;&nbsp;IIC_Stop
<LI><a href="#[b4]">&gt;&gt;</a>&nbsp;&nbsp;&nbsp;IIC_Start
<LI><a href="#[b3]">&gt;&gt;</a>&nbsp;&nbsp;&nbsp;IIC_Send_Byte
<LI><a href="#[b2]">&gt;&gt;</a>&nbsp;&nbsp;&nbsp;IIC_Read_Byte
</UL>
<BR>[Called By]<UL><LI><a href="#[129]">&gt;&gt;</a>&nbsp;&nbsp;&nbsp;mpu_offset_cal
<LI><a href="#[116]">&gt;&gt;</a>&nbsp;&nbsp;&nbsp;gyro_self_test
<LI><a href="#[115]">&gt;&gt;</a>&nbsp;&nbsp;&nbsp;get_st_biases
<LI><a href="#[e3]">&gt;&gt;</a>&nbsp;&nbsp;&nbsp;get_accel_prod_shift
<LI><a href="#[b9]">&gt;&gt;</a>&nbsp;&nbsp;&nbsp;MPU_Get_Temperature
<LI><a href="#[b7]">&gt;&gt;</a>&nbsp;&nbsp;&nbsp;MPU_Get_Gyroscope
<LI><a href="#[135]">&gt;&gt;</a>&nbsp;&nbsp;&nbsp;mpu_set_bypass
<LI><a href="#[136]">&gt;&gt;</a>&nbsp;&nbsp;&nbsp;mpu_read_mem
<LI><a href="#[10b]">&gt;&gt;</a>&nbsp;&nbsp;&nbsp;mpu_read_fifo_stream
<LI><a href="#[12e]">&gt;&gt;</a>&nbsp;&nbsp;&nbsp;mpu_init
</UL>

<P><STRONG><a name="[c0]"></a>MPU_Set_LPF</STRONG> (Thumb, 48 bytes, Stack size 0 bytes, mpu6050_driver.o(i.MPU_Set_LPF))
<BR><BR>[Stack]<UL><LI>Max Depth = 72<LI>Call Chain = MPU_Set_LPF &rArr; MPU_Write_Byte &rArr; IIC_Wait_Ack &rArr; IIC_Stop &rArr; delay_us &rArr; micros
</UL>
<BR>[Calls]<UL><LI><a href="#[bc]">&gt;&gt;</a>&nbsp;&nbsp;&nbsp;MPU_Write_Byte
</UL>
<BR>[Called By]<UL><LI><a href="#[be]">&gt;&gt;</a>&nbsp;&nbsp;&nbsp;MPU_Set_Rate
</UL>

<P><STRONG><a name="[be]"></a>MPU_Set_Rate</STRONG> (Thumb, 46 bytes, Stack size 8 bytes, mpu6050_driver.o(i.MPU_Set_Rate))
<BR><BR>[Stack]<UL><LI>Max Depth = 80<LI>Call Chain = MPU_Set_Rate &rArr; MPU_Write_Byte &rArr; IIC_Wait_Ack &rArr; IIC_Stop &rArr; delay_us &rArr; micros
</UL>
<BR>[Calls]<UL><LI><a href="#[bc]">&gt;&gt;</a>&nbsp;&nbsp;&nbsp;MPU_Write_Byte
<LI><a href="#[c0]">&gt;&gt;</a>&nbsp;&nbsp;&nbsp;MPU_Set_LPF
</UL>
<BR>[Called By]<UL><LI><a href="#[ba]">&gt;&gt;</a>&nbsp;&nbsp;&nbsp;MPU_Init
</UL>

<P><STRONG><a name="[bc]"></a>MPU_Write_Byte</STRONG> (Thumb, 60 bytes, Stack size 16 bytes, mpu6050_driver.o(i.MPU_Write_Byte))
<BR><BR>[Stack]<UL><LI>Max Depth = 72<LI>Call Chain = MPU_Write_Byte &rArr; IIC_Wait_Ack &rArr; IIC_Stop &rArr; delay_us &rArr; micros
</UL>
<BR>[Calls]<UL><LI><a href="#[b6]">&gt;&gt;</a>&nbsp;&nbsp;&nbsp;IIC_Wait_Ack
<LI><a href="#[b5]">&gt;&gt;</a>&nbsp;&nbsp;&nbsp;IIC_Stop
<LI><a href="#[b4]">&gt;&gt;</a>&nbsp;&nbsp;&nbsp;IIC_Start
<LI><a href="#[b3]">&gt;&gt;</a>&nbsp;&nbsp;&nbsp;IIC_Send_Byte
</UL>
<BR>[Called By]<UL><LI><a href="#[ba]">&gt;&gt;</a>&nbsp;&nbsp;&nbsp;MPU_Init
<LI><a href="#[be]">&gt;&gt;</a>&nbsp;&nbsp;&nbsp;MPU_Set_Rate
<LI><a href="#[c0]">&gt;&gt;</a>&nbsp;&nbsp;&nbsp;MPU_Set_LPF
</UL>

<P><STRONG><a name="[c1]"></a>MPU_Write_Len</STRONG> (Thumb, 82 bytes, Stack size 24 bytes, mpu6050_driver.o(i.MPU_Write_Len))
<BR><BR>[Stack]<UL><LI>Max Depth = 80<LI>Call Chain = MPU_Write_Len &rArr; IIC_Wait_Ack &rArr; IIC_Stop &rArr; delay_us &rArr; micros
</UL>
<BR>[Calls]<UL><LI><a href="#[b6]">&gt;&gt;</a>&nbsp;&nbsp;&nbsp;IIC_Wait_Ack
<LI><a href="#[b5]">&gt;&gt;</a>&nbsp;&nbsp;&nbsp;IIC_Stop
<LI><a href="#[b4]">&gt;&gt;</a>&nbsp;&nbsp;&nbsp;IIC_Start
<LI><a href="#[b3]">&gt;&gt;</a>&nbsp;&nbsp;&nbsp;IIC_Send_Byte
</UL>
<BR>[Called By]<UL><LI><a href="#[127]">&gt;&gt;</a>&nbsp;&nbsp;&nbsp;mpu_set_dmp_state
<LI><a href="#[115]">&gt;&gt;</a>&nbsp;&nbsp;&nbsp;get_st_biases
<LI><a href="#[fb]">&gt;&gt;</a>&nbsp;&nbsp;&nbsp;mpu_write_mem
<LI><a href="#[12f]">&gt;&gt;</a>&nbsp;&nbsp;&nbsp;mpu_set_sensors
<LI><a href="#[130]">&gt;&gt;</a>&nbsp;&nbsp;&nbsp;mpu_set_sample_rate
<LI><a href="#[134]">&gt;&gt;</a>&nbsp;&nbsp;&nbsp;mpu_set_lpf
<LI><a href="#[139]">&gt;&gt;</a>&nbsp;&nbsp;&nbsp;mpu_set_int_latched
<LI><a href="#[132]">&gt;&gt;</a>&nbsp;&nbsp;&nbsp;mpu_set_gyro_fsr
<LI><a href="#[135]">&gt;&gt;</a>&nbsp;&nbsp;&nbsp;mpu_set_bypass
<LI><a href="#[133]">&gt;&gt;</a>&nbsp;&nbsp;&nbsp;mpu_set_accel_fsr
<LI><a href="#[fc]">&gt;&gt;</a>&nbsp;&nbsp;&nbsp;mpu_reset_fifo
<LI><a href="#[136]">&gt;&gt;</a>&nbsp;&nbsp;&nbsp;mpu_read_mem
<LI><a href="#[138]">&gt;&gt;</a>&nbsp;&nbsp;&nbsp;mpu_lp_accel_mode
<LI><a href="#[109]">&gt;&gt;</a>&nbsp;&nbsp;&nbsp;mpu_load_firmware
<LI><a href="#[12e]">&gt;&gt;</a>&nbsp;&nbsp;&nbsp;mpu_init
<LI><a href="#[12c]">&gt;&gt;</a>&nbsp;&nbsp;&nbsp;set_int_enable
</UL>

<P><STRONG><a name="[c2]"></a>MX_CAN1_Init</STRONG> (Thumb, 66 bytes, Stack size 8 bytes, can.o(i.MX_CAN1_Init))
<BR><BR>[Stack]<UL><LI>Max Depth = 120<LI>Call Chain = MX_CAN1_Init &rArr; HAL_CAN_Init &rArr; HAL_CAN_MspInit &rArr; HAL_GPIO_Init
</UL>
<BR>[Calls]<UL><LI><a href="#[80]">&gt;&gt;</a>&nbsp;&nbsp;&nbsp;HAL_CAN_Init
<LI><a href="#[ae]">&gt;&gt;</a>&nbsp;&nbsp;&nbsp;_Error_Handler
</UL>
<BR>[Called By]<UL><LI><a href="#[5c]">&gt;&gt;</a>&nbsp;&nbsp;&nbsp;main
</UL>

<P><STRONG><a name="[c3]"></a>MX_CAN2_Init</STRONG> (Thumb, 66 bytes, Stack size 8 bytes, can.o(i.MX_CAN2_Init))
<BR><BR>[Stack]<UL><LI>Max Depth = 120<LI>Call Chain = MX_CAN2_Init &rArr; HAL_CAN_Init &rArr; HAL_CAN_MspInit &rArr; HAL_GPIO_Init
</UL>
<BR>[Calls]<UL><LI><a href="#[80]">&gt;&gt;</a>&nbsp;&nbsp;&nbsp;HAL_CAN_Init
<LI><a href="#[ae]">&gt;&gt;</a>&nbsp;&nbsp;&nbsp;_Error_Handler
</UL>
<BR>[Called By]<UL><LI><a href="#[5c]">&gt;&gt;</a>&nbsp;&nbsp;&nbsp;main
</UL>

<P><STRONG><a name="[c4]"></a>MX_DMA_Init</STRONG> (Thumb, 56 bytes, Stack size 8 bytes, dma.o(i.MX_DMA_Init))
<BR><BR>[Stack]<UL><LI>Max Depth = 24<LI>Call Chain = MX_DMA_Init &rArr; HAL_NVIC_SetPriority
</UL>
<BR>[Calls]<UL><LI><a href="#[85]">&gt;&gt;</a>&nbsp;&nbsp;&nbsp;HAL_NVIC_EnableIRQ
<LI><a href="#[84]">&gt;&gt;</a>&nbsp;&nbsp;&nbsp;HAL_NVIC_SetPriority
</UL>
<BR>[Called By]<UL><LI><a href="#[5c]">&gt;&gt;</a>&nbsp;&nbsp;&nbsp;main
</UL>

<P><STRONG><a name="[c5]"></a>MX_GPIO_Init</STRONG> (Thumb, 172 bytes, Stack size 48 bytes, gpio.o(i.MX_GPIO_Init))
<BR><BR>[Stack]<UL><LI>Max Depth = 88<LI>Call Chain = MX_GPIO_Init &rArr; HAL_GPIO_Init
</UL>
<BR>[Calls]<UL><LI><a href="#[c6]">&gt;&gt;</a>&nbsp;&nbsp;&nbsp;HAL_GPIO_WritePin
<LI><a href="#[83]">&gt;&gt;</a>&nbsp;&nbsp;&nbsp;HAL_GPIO_Init
</UL>
<BR>[Called By]<UL><LI><a href="#[5c]">&gt;&gt;</a>&nbsp;&nbsp;&nbsp;main
</UL>

<P><STRONG><a name="[c7]"></a>MX_TIM1_Init</STRONG> (Thumb, 148 bytes, Stack size 72 bytes, tim.o(i.MX_TIM1_Init))
<BR><BR>[Stack]<UL><LI>Max Depth = 136<LI>Call Chain = MX_TIM1_Init &rArr; HAL_TIM_MspPostInit &rArr; HAL_GPIO_Init
</UL>
<BR>[Calls]<UL><LI><a href="#[9f]">&gt;&gt;</a>&nbsp;&nbsp;&nbsp;HAL_TIM_PWM_Init
<LI><a href="#[9a]">&gt;&gt;</a>&nbsp;&nbsp;&nbsp;HAL_TIM_PWM_ConfigChannel
<LI><a href="#[c8]">&gt;&gt;</a>&nbsp;&nbsp;&nbsp;HAL_TIMEx_MasterConfigSynchronization
<LI><a href="#[c9]">&gt;&gt;</a>&nbsp;&nbsp;&nbsp;HAL_TIMEx_ConfigBreakDeadTime
<LI><a href="#[99]">&gt;&gt;</a>&nbsp;&nbsp;&nbsp;HAL_TIM_MspPostInit
<LI><a href="#[ae]">&gt;&gt;</a>&nbsp;&nbsp;&nbsp;_Error_Handler
</UL>
<BR>[Called By]<UL><LI><a href="#[5c]">&gt;&gt;</a>&nbsp;&nbsp;&nbsp;main
</UL>

<P><STRONG><a name="[ca]"></a>MX_TIM4_Init</STRONG> (Thumb, 126 bytes, Stack size 48 bytes, tim.o(i.MX_TIM4_Init))
<BR><BR>[Stack]<UL><LI>Max Depth = 112<LI>Call Chain = MX_TIM4_Init &rArr; HAL_TIM_MspPostInit &rArr; HAL_GPIO_Init
</UL>
<BR>[Calls]<UL><LI><a href="#[9f]">&gt;&gt;</a>&nbsp;&nbsp;&nbsp;HAL_TIM_PWM_Init
<LI><a href="#[9a]">&gt;&gt;</a>&nbsp;&nbsp;&nbsp;HAL_TIM_PWM_ConfigChannel
<LI><a href="#[c8]">&gt;&gt;</a>&nbsp;&nbsp;&nbsp;HAL_TIMEx_MasterConfigSynchronization
<LI><a href="#[99]">&gt;&gt;</a>&nbsp;&nbsp;&nbsp;HAL_TIM_MspPostInit
<LI><a href="#[ae]">&gt;&gt;</a>&nbsp;&nbsp;&nbsp;_Error_Handler
</UL>
<BR>[Called By]<UL><LI><a href="#[5c]">&gt;&gt;</a>&nbsp;&nbsp;&nbsp;main
</UL>

<P><STRONG><a name="[cb]"></a>MX_UART5_Init</STRONG> (Thumb, 52 bytes, Stack size 8 bytes, usart.o(i.MX_UART5_Init))
[...]
<BR><BR>[Stack]<UL><LI>Max Depth = 96<LI>Call Chain = mpu_set_lpf &rArr; MPU_Write_Len &rArr; IIC_Wait_Ack &rArr; IIC_Stop &rArr; delay_us &rArr; micros
</UL>
<BR>[Calls]<UL><LI><a href="#[c1]">&gt;&gt;</a>&nbsp;&nbsp;&nbsp;MPU_Write_Len
</UL>
<BR>[Called By]<UL><LI><a href="#[130]">&gt;&gt;</a>&nbsp;&nbsp;&nbsp;mpu_set_sample_rate
<LI><a href="#[13a]">&gt;&gt;</a>&nbsp;&nbsp;&nbsp;mpu_run_self_test
<LI><a href="#[138]">&gt;&gt;</a>&nbsp;&nbsp;&nbsp;mpu_lp_accel_mode
<LI><a href="#[12e]">&gt;&gt;</a>&nbsp;&nbsp;&nbsp;mpu_init
</UL>

<P><STRONG><a name="[130]"></a>mpu_set_sample_rate</STRONG> (Thumb, 124 bytes, Stack size 24 bytes, inv_mpu.o(i.mpu_set_sample_rate))
<BR><BR>[Stack]<UL><LI>Max Depth = 184<LI>Call Chain = mpu_set_sample_rate &rArr; mpu_lp_accel_mode &rArr; mpu_configure_fifo &rArr; mpu_reset_fifo &rArr; MPU_Write_Len &rArr; IIC_Wait_Ack &rArr; IIC_Stop &rArr; delay_us &rArr; micros
</UL>
<BR>[Calls]<UL><LI><a href="#[c1]">&gt;&gt;</a>&nbsp;&nbsp;&nbsp;MPU_Write_Len
<LI><a href="#[134]">&gt;&gt;</a>&nbsp;&nbsp;&nbsp;mpu_set_lpf
<LI><a href="#[138]">&gt;&gt;</a>&nbsp;&nbsp;&nbsp;mpu_lp_accel_mode
</UL>
<BR>[Called By]<UL><LI><a href="#[127]">&gt;&gt;</a>&nbsp;&nbsp;&nbsp;mpu_set_dmp_state
<LI><a href="#[128]">&gt;&gt;</a>&nbsp;&nbsp;&nbsp;mpu_dmp_init
<LI><a href="#[13a]">&gt;&gt;</a>&nbsp;&nbsp;&nbsp;mpu_run_self_test
<LI><a href="#[12e]">&gt;&gt;</a>&nbsp;&nbsp;&nbsp;mpu_init
</UL>

<P><STRONG><a name="[12f]"></a>mpu_set_sensors</STRONG> (Thumb, 178 bytes, Stack size 24 bytes, inv_mpu.o(i.mpu_set_sensors))
<BR><BR>[Stack]<UL><LI>Max Depth = 120<LI>Call Chain = mpu_set_sensors &rArr; mpu_set_int_latched &rArr; MPU_Write_Len &rArr; IIC_Wait_Ack &rArr; IIC_Stop &rArr; delay_us &rArr; micros
</UL>
<BR>[Calls]<UL><LI><a href="#[bd]">&gt;&gt;</a>&nbsp;&nbsp;&nbsp;delay_ms
<LI><a href="#[c1]">&gt;&gt;</a>&nbsp;&nbsp;&nbsp;MPU_Write_Len
<LI><a href="#[139]">&gt;&gt;</a>&nbsp;&nbsp;&nbsp;mpu_set_int_latched
</UL>
<BR>[Called By]<UL><LI><a href="#[128]">&gt;&gt;</a>&nbsp;&nbsp;&nbsp;mpu_dmp_init
<LI><a href="#[13a]">&gt;&gt;</a>&nbsp;&nbsp;&nbsp;mpu_run_self_test
<LI><a href="#[12e]">&gt;&gt;</a>&nbsp;&nbsp;&nbsp;mpu_init
</UL>

<P><STRONG><a name="[fb]"></a>mpu_write_mem</STRONG> (Thumb, 80 bytes, Stack size 24 bytes, inv_mpu.o(i.mpu_write_mem))
<BR><BR>[Stack]<UL><LI>Max Depth = 104<LI>Call Chain = mpu_write_mem &rArr; MPU_Write_Len &rArr; IIC_Wait_Ack &rArr; IIC_Stop &rArr; delay_us &rArr; micros
</UL>
<BR>[Calls]<UL><LI><a href="#[c1]">&gt;&gt;</a>&nbsp;&nbsp;&nbsp;MPU_Write_Len
</UL>
<BR>[Called By]<UL><LI><a href="#[103]">&gt;&gt;</a>&nbsp;&nbsp;&nbsp;dmp_set_tap_time_multi
<LI><a href="#[102]">&gt;&gt;</a>&nbsp;&nbsp;&nbsp;dmp_set_tap_time
<LI><a href="#[ff]">&gt;&gt;</a>&nbsp;&nbsp;&nbsp;dmp_set_tap_thresh
<LI><a href="#[101]">&gt;&gt;</a>&nbsp;&nbsp;&nbsp;dmp_set_tap_count
<LI><a href="#[100]">&gt;&gt;</a>&nbsp;&nbsp;&nbsp;dmp_set_tap_axes
<LI><a href="#[106]">&gt;&gt;</a>&nbsp;&nbsp;&nbsp;dmp_set_shake_reject_timeout
<LI><a href="#[105]">&gt;&gt;</a>&nbsp;&nbsp;&nbsp;dmp_set_shake_reject_time
<LI><a href="#[104]">&gt;&gt;</a>&nbsp;&nbsp;&nbsp;dmp_set_shake_reject_thresh
<LI><a href="#[107]">&gt;&gt;</a>&nbsp;&nbsp;&nbsp;dmp_enable_lp_quat
<LI><a href="#[fe]">&gt;&gt;</a>&nbsp;&nbsp;&nbsp;dmp_enable_gyro_cal
<LI><a href="#[fa]">&gt;&gt;</a>&nbsp;&nbsp;&nbsp;dmp_enable_6x_lp_quat
<LI><a href="#[111]">&gt;&gt;</a>&nbsp;&nbsp;&nbsp;dmp_set_orientation
<LI><a href="#[110]">&gt;&gt;</a>&nbsp;&nbsp;&nbsp;dmp_set_gyro_bias
<LI><a href="#[10f]">&gt;&gt;</a>&nbsp;&nbsp;&nbsp;dmp_set_fifo_rate
<LI><a href="#[10d]">&gt;&gt;</a>&nbsp;&nbsp;&nbsp;dmp_set_accel_bias
<LI><a href="#[fd]">&gt;&gt;</a>&nbsp;&nbsp;&nbsp;dmp_enable_feature
<LI><a href="#[109]">&gt;&gt;</a>&nbsp;&nbsp;&nbsp;mpu_load_firmware
</UL>

<P><STRONG><a name="[125]"></a>optoelectronic_switch_init</STRONG> (Thumb, 20 bytes, Stack size 8 bytes, omron_ctrl.o(i.optoelectronic_switch_init))
<BR><BR>[Stack]<UL><LI>Max Depth = 8<LI>Call Chain = optoelectronic_switch_init
</UL>
<BR>[Calls]<UL><LI><a href="#[68]">&gt;&gt;</a>&nbsp;&nbsp;&nbsp;__aeabi_memclr
</UL>
<BR>[Called By]<UL><LI><a href="#[5c]">&gt;&gt;</a>&nbsp;&nbsp;&nbsp;main
</UL>

<P><STRONG><a name="[123]"></a>optoelectronic_switch_task</STRONG> (Thumb, 140 bytes, Stack size 24 bytes, omron_ctrl.o(i.optoelectronic_switch_task))
<BR><BR>[Stack]<UL><LI>Max Depth = 24<LI>Call Chain = optoelectronic_switch_task
</UL>
<BR>[Calls]<UL><LI><a href="#[12a]">&gt;&gt;</a>&nbsp;&nbsp;&nbsp;millis
<LI><a href="#[13e]">&gt;&gt;</a>&nbsp;&nbsp;&nbsp;HAL_GPIO_ReadPin
</UL>
<BR>[Called By]<UL><LI><a href="#[11f]">&gt;&gt;</a>&nbsp;&nbsp;&nbsp;loop
</UL>

<P><STRONG><a name="[e9]"></a>pidckz_calc</STRONG> (Thumb, 128 bytes, Stack size 4 bytes, my_pid.o(i.pidckz_calc))
<BR><BR>[Stack]<UL><LI>Max Depth = 4<LI>Call Chain = pidckz_calc
</UL>
<BR>[Calls]<UL><LI><a href="#[13f]">&gt;&gt;</a>&nbsp;&nbsp;&nbsp;abs_limit
</UL>
<BR>[Called By]<UL><LI><a href="#[118]">&gt;&gt;</a>&nbsp;&nbsp;&nbsp;imu_temp_keep
<LI><a href="#[f0]">&gt;&gt;</a>&nbsp;&nbsp;&nbsp;chassis_task
<LI><a href="#[ea]">&gt;&gt;</a>&nbsp;&nbsp;&nbsp;chassis_outter_loop
<LI><a href="#[e8]">&gt;&gt;</a>&nbsp;&nbsp;&nbsp;chassis_inner_loop
</UL>

<P><STRONG><a name="[ef]"></a>pidckz_param_set</STRONG> (Thumb, 16 bytes, Stack size 0 bytes, my_pid.o(i.pidckz_param_set))
<BR><BR>[Called By]<UL><LI><a href="#[117]">&gt;&gt;</a>&nbsp;&nbsp;&nbsp;imu_param_init
<LI><a href="#[ec]">&gt;&gt;</a>&nbsp;&nbsp;&nbsp;chassis_param_init
</UL>

<P><STRONG><a name="[ee]"></a>pidckz_reset</STRONG> (Thumb, 6 bytes, Stack size 0 bytes, my_pid.o(i.pidckz_reset))
<BR><BR>[Calls]<UL><LI><a href="#[ed]">&gt;&gt;</a>&nbsp;&nbsp;&nbsp;__aeabi_memclr4
</UL>
<BR>[Called By]<UL><LI><a href="#[117]">&gt;&gt;</a>&nbsp;&nbsp;&nbsp;imu_param_init
<LI><a href="#[ec]">&gt;&gt;</a>&nbsp;&nbsp;&nbsp;chassis_param_init
</UL>

<P><STRONG><a name="[126]"></a>pwm_device_init</STRONG> (Thumb, 34 bytes, Stack size 8 bytes, tim.o(i.pwm_device_init))
<BR><BR>[Stack]<UL><LI>Max Depth = 24<LI>Call Chain = pwm_device_init &rArr; HAL_TIM_PWM_Start &rArr; TIM_CCxChannelCmd
</UL>
<BR>[Calls]<UL><LI><a href="#[a2]">&gt;&gt;</a>&nbsp;&nbsp;&nbsp;HAL_TIM_PWM_Start
</UL>
<BR>[Called By]<UL><LI><a href="#[5c]">&gt;&gt;</a>&nbsp;&nbsp;&nbsp;main
</UL>

<P><STRONG><a name="[61]"></a>ramp_calc</STRONG> (Thumb, 50 bytes, Stack size 0 bytes, my_ramp.o(i.ramp_calc))
<BR><BR>[Called By]<UL><LI><a href="#[11c]">&gt;&gt;</a>&nbsp;&nbsp;&nbsp;kb_turn_around_ctrl
</UL>
<BR>[Address Reference Count : 3]<UL><LI> my_ramp.o(.data)
<LI> my_ramp.o(.data)
<LI> my_ramp.o(.data)
</UL>
<P><STRONG><a name="[63]"></a>ramp_dutched_calc</STRONG> (Thumb, 60 bytes, Stack size 0 bytes, my_ramp.o(i.ramp_dutched_calc))
<BR>[Address Reference Count : 3]<UL><LI> my_ramp.o(.data)
<LI> my_ramp.o(.data)
<LI> my_ramp.o(.data)
</UL>
<P><STRONG><a name="[60]"></a>ramp_init</STRONG> (Thumb, 8 bytes, Stack size 0 bytes, my_ramp.o(i.ramp_init))
<BR><BR>[Called By]<UL><LI><a href="#[11c]">&gt;&gt;</a>&nbsp;&nbsp;&nbsp;kb_turn_around_ctrl
</UL>
<BR>[Address Reference Count : 3]<UL><LI> my_ramp.o(.data)
<LI> my_ramp.o(.data)
<LI> my_ramp.o(.data)
</UL>
<P><STRONG><a name="[62]"></a>ramp_kb_calc</STRONG> (Thumb, 110 bytes, Stack size 0 bytes, my_ramp.o(i.ramp_kb_calc))
<BR><BR>[Called By]<UL><LI><a href="#[11e]">&gt;&gt;</a>&nbsp;&nbsp;&nbsp;move_direction_ctrl
</UL>
<BR>[Address Reference Count : 3]<UL><LI> my_ramp.o(.data)
<LI> my_ramp.o(.data)
<LI> my_ramp.o(.data)
</UL>
<P><STRONG><a name="[140]"></a>rc_callback_handler</STRONG> (Thumb, 246 bytes, Stack size 16 bytes, remote_ctrl.o(i.rc_callback_handler))
<BR><BR>[Stack]<UL><LI>Max Depth = 16<LI>Call Chain = rc_callback_handler
</UL>
<BR>[Calls]<UL><LI><a href="#[68]">&gt;&gt;</a>&nbsp;&nbsp;&nbsp;__aeabi_memclr
</UL>
<BR>[Called By]<UL><LI><a href="#[d4]">&gt;&gt;</a>&nbsp;&nbsp;&nbsp;uart_receive_handler
</UL>

<P><STRONG><a name="[114]"></a>remote_ctrl_chassis_handler</STRONG> (Thumb, 18 bytes, Stack size 0 bytes, remote_ctrl.o(i.remote_ctrl_chassis_handler))
<BR><BR>[Stack]<UL><LI>Max Depth = 8<LI>Call Chain = remote_ctrl_chassis_handler &rArr; chassis_operation_func
</UL>
<BR>[Calls]<UL><LI><a href="#[141]">&gt;&gt;</a>&nbsp;&nbsp;&nbsp;chassis_operation_func
</UL>
<BR>[Called By]<UL><LI><a href="#[f1]">&gt;&gt;</a>&nbsp;&nbsp;&nbsp;get_chassis_info
</UL>

<P><STRONG><a name="[131]"></a>run_self_test</STRONG> (Thumb, 126 bytes, Stack size 40 bytes, inv_mpu.o(i.run_self_test))
<BR><BR>[Stack]<UL><LI>Max Depth = 312<LI>Call Chain = run_self_test &rArr; mpu_run_self_test &rArr; mpu_set_dmp_state &rArr; mpu_set_sample_rate &rArr; mpu_lp_accel_mode &rArr; mpu_configure_fifo &rArr; mpu_reset_fifo &rArr; MPU_Write_Len &rArr; IIC_Wait_Ack &rArr; IIC_Stop &rArr; delay_us &rArr; micros
</UL>
<BR>[Calls]<UL><LI><a href="#[110]">&gt;&gt;</a>&nbsp;&nbsp;&nbsp;dmp_set_gyro_bias
<LI><a href="#[10d]">&gt;&gt;</a>&nbsp;&nbsp;&nbsp;dmp_set_accel_bias
<LI><a href="#[13a]">&gt;&gt;</a>&nbsp;&nbsp;&nbsp;mpu_run_self_test
<LI><a href="#[142]">&gt;&gt;</a>&nbsp;&nbsp;&nbsp;mpu_get_gyro_sens
<LI><a href="#[10e]">&gt;&gt;</a>&nbsp;&nbsp;&nbsp;mpu_get_accel_sens
</UL>
<BR>[Called By]<UL><LI><a href="#[128]">&gt;&gt;</a>&nbsp;&nbsp;&nbsp;mpu_dmp_init
</UL>

<P><STRONG><a name="[121]"></a>send_chassis_cur</STRONG> (Thumb, 78 bytes, Stack size 16 bytes, bsp_can.o(i.send_chassis_cur))
<BR><BR>[Stack]<UL><LI>Max Depth = 56<LI>Call Chain = send_chassis_cur &rArr; HAL_CAN_Transmit
</UL>
<BR>[Calls]<UL><LI><a href="#[88]">&gt;&gt;</a>&nbsp;&nbsp;&nbsp;HAL_CAN_Transmit
</UL>
<BR>[Called By]<UL><LI><a href="#[11f]">&gt;&gt;</a>&nbsp;&nbsp;&nbsp;loop
</UL>

<P><STRONG><a name="[120]"></a>servo_task</STRONG> (Thumb, 2 bytes, Stack size 0 bytes, servo_task.o(i.servo_task))
<BR><BR>[Called By]<UL><LI><a href="#[11f]">&gt;&gt;</a>&nbsp;&nbsp;&nbsp;loop
</UL>

<P><STRONG><a name="[dd]"></a>sqrt</STRONG> (Thumb, 110 bytes, Stack size 32 bytes, sqrt.o(i.sqrt))
<BR><BR>[Stack]<UL><LI>Max Depth = 72<LI>Call Chain = sqrt &rArr; _dsqrt &rArr; _double_round
</UL>
<BR>[Calls]<UL><LI><a href="#[d7]">&gt;&gt;</a>&nbsp;&nbsp;&nbsp;__set_errno
<LI><a href="#[79]">&gt;&gt;</a>&nbsp;&nbsp;&nbsp;_dsqrt
</UL>
<BR>[Called By]<UL><LI><a href="#[d5]">&gt;&gt;</a>&nbsp;&nbsp;&nbsp;__hardfp_asin
</UL>

<P><STRONG><a name="[d4]"></a>uart_receive_handler</STRONG> (Thumb, 84 bytes, Stack size 16 bytes, bsp_uart.o(i.uart_receive_handler))
<BR><BR>[Stack]<UL><LI>Max Depth = 32<LI>Call Chain = uart_receive_handler &rArr; rc_callback_handler
</UL>
<BR>[Calls]<UL><LI><a href="#[140]">&gt;&gt;</a>&nbsp;&nbsp;&nbsp;rc_callback_handler
</UL>
<BR>[Called By]<UL><LI><a href="#[31]">&gt;&gt;</a>&nbsp;&nbsp;&nbsp;USART2_IRQHandler
</UL>
<P>
<H3>
Local Symbols
</H3>
<P><STRONG><a name="[141]"></a>chassis_operation_func</STRONG> (Thumb, 136 bytes, Stack size 8 bytes, remote_ctrl.o(i.chassis_operation_func))
<BR><BR>[Stack]<UL><LI>Max Depth = 8<LI>Call Chain = chassis_operation_func
</UL>
<BR>[Called By]<UL><LI><a href="#[114]">&gt;&gt;</a>&nbsp;&nbsp;&nbsp;remote_ctrl_chassis_handler
</UL>

<P><STRONG><a name="[11c]"></a>kb_turn_around_ctrl</STRONG> (Thumb, 86 bytes, Stack size 16 bytes, keyboard_ctrl.o(i.kb_turn_around_ctrl))
<BR><BR>[Stack]<UL><LI>Max Depth = 16<LI>Call Chain = kb_turn_around_ctrl
</UL>
<BR>[Calls]<UL><LI><a href="#[60]">&gt;&gt;</a>&nbsp;&nbsp;&nbsp;ramp_init
<LI><a href="#[61]">&gt;&gt;</a>&nbsp;&nbsp;&nbsp;ramp_calc
</UL>
<BR>[Called By]<UL><LI><a href="#[113]">&gt;&gt;</a>&nbsp;&nbsp;&nbsp;keyboard_chassis_handler
</UL>

<P><STRONG><a name="[11e]"></a>move_direction_ctrl</STRONG> (Thumb, 232 bytes, Stack size 24 bytes, keyboard_ctrl.o(i.move_direction_ctrl))
<BR><BR>[Stack]<UL><LI>Max Depth = 24<LI>Call Chain = move_direction_ctrl
</UL>
<BR>[Calls]<UL><LI><a href="#[62]">&gt;&gt;</a>&nbsp;&nbsp;&nbsp;ramp_kb_calc
</UL>
<BR>[Called By]<UL><LI><a href="#[113]">&gt;&gt;</a>&nbsp;&nbsp;&nbsp;keyboard_chassis_handler
</UL>

<P><STRONG><a name="[11d]"></a>move_spd_ctrl</STRONG> (Thumb, 50 bytes, Stack size 8 bytes, keyboard_ctrl.o(i.move_spd_ctrl))
<BR><BR>[Stack]<UL><LI>Max Depth = 8<LI>Call Chain = move_spd_ctrl
</UL>
<BR>[Called By]<UL><LI><a href="#[113]">&gt;&gt;</a>&nbsp;&nbsp;&nbsp;keyboard_chassis_handler
</UL>

<P><STRONG><a name="[f3]"></a>chassis_separate_handler</STRONG> (Thumb, 90 bytes, Stack size 0 bytes, chassis_task.o(i.chassis_separate_handler))
<BR><BR>[Called By]<UL><LI><a href="#[f0]">&gt;&gt;</a>&nbsp;&nbsp;&nbsp;chassis_task
</UL>

<P><STRONG><a name="[f2]"></a>chassis_stop_handler</STRONG> (Thumb, 30 bytes, Stack size 0 bytes, chassis_task.o(i.chassis_stop_handler))
<BR><BR>[Called By]<UL><LI><a href="#[f0]">&gt;&gt;</a>&nbsp;&nbsp;&nbsp;chassis_task
</UL>

<P><STRONG><a name="[f5]"></a>mecanum_calc</STRONG> (Thumb, 374 bytes, Stack size 16 bytes, chassis_task.o(i.mecanum_calc))
<BR><BR>[Stack]<UL><LI>Max Depth = 16<LI>Call Chain = mecanum_calc
</UL>
<BR>[Called By]<UL><LI><a href="#[f0]">&gt;&gt;</a>&nbsp;&nbsp;&nbsp;chassis_task
</UL>

<P><STRONG><a name="[e2]"></a>accel_self_test</STRONG> (Thumb, 126 bytes, Stack size 32 bytes, inv_mpu.o(i.accel_self_test))
<BR><BR>[Stack]<UL><LI>Max Depth = 160<LI>Call Chain = accel_self_test &rArr; get_accel_prod_shift &rArr; MPU_Read_Len &rArr; IIC_Read_Byte &rArr; IIC_NAck &rArr; delay_us &rArr; micros
</UL>
<BR>[Calls]<UL><LI><a href="#[e3]">&gt;&gt;</a>&nbsp;&nbsp;&nbsp;get_accel_prod_shift
</UL>
<BR>[Called By]<UL><LI><a href="#[13a]">&gt;&gt;</a>&nbsp;&nbsp;&nbsp;mpu_run_self_test
</UL>

<P><STRONG><a name="[e3]"></a>get_accel_prod_shift</STRONG> (Thumb, 164 bytes, Stack size 24 bytes, inv_mpu.o(i.get_accel_prod_shift))
<BR><BR>[Stack]<UL><LI>Max Depth = 128<LI>Call Chain = get_accel_prod_shift &rArr; MPU_Read_Len &rArr; IIC_Read_Byte &rArr; IIC_NAck &rArr; delay_us &rArr; micros
</UL>
<BR>[Calls]<UL><LI><a href="#[b8]">&gt;&gt;</a>&nbsp;&nbsp;&nbsp;MPU_Read_Len
</UL>
<BR>[Called By]<UL><LI><a href="#[e2]">&gt;&gt;</a>&nbsp;&nbsp;&nbsp;accel_self_test
</UL>

<P><STRONG><a name="[115]"></a>get_st_biases</STRONG> (Thumb, 784 bytes, Stack size 48 bytes, inv_mpu.o(i.get_st_biases))
<BR><BR>[Stack]<UL><LI>Max Depth = 152<LI>Call Chain = get_st_biases &rArr; MPU_Read_Len &rArr; IIC_Read_Byte &rArr; IIC_NAck &rArr; delay_us &rArr; micros
</UL>
<BR>[Calls]<UL><LI><a href="#[bd]">&gt;&gt;</a>&nbsp;&nbsp;&nbsp;delay_ms
<LI><a href="#[c1]">&gt;&gt;</a>&nbsp;&nbsp;&nbsp;MPU_Write_Len
<LI><a href="#[b8]">&gt;&gt;</a>&nbsp;&nbsp;&nbsp;MPU_Read_Len
<LI><a href="#[66]">&gt;&gt;</a>&nbsp;&nbsp;&nbsp;__aeabi_ldivmod
</UL>
<BR>[Called By]<UL><LI><a href="#[13a]">&gt;&gt;</a>&nbsp;&nbsp;&nbsp;mpu_run_self_test
</UL>

<P><STRONG><a name="[116]"></a>gyro_self_test</STRONG> (Thumb, 190 bytes, Stack size 24 bytes, inv_mpu.o(i.gyro_self_test))
<BR><BR>[Stack]<UL><LI>Max Depth = 128<LI>Call Chain = gyro_self_test &rArr; MPU_Read_Len &rArr; IIC_Read_Byte &rArr; IIC_NAck &rArr; delay_us &rArr; micros
</UL>
<BR>[Calls]<UL><LI><a href="#[b8]">&gt;&gt;</a>&nbsp;&nbsp;&nbsp;MPU_Read_Len
</UL>
<BR>[Called By]<UL><LI><a href="#[13a]">&gt;&gt;</a>&nbsp;&nbsp;&nbsp;mpu_run_self_test
</UL>

<P><STRONG><a name="[12c]"></a>set_int_enable</STRONG> (Thumb, 84 bytes, Stack size 24 bytes, inv_mpu.o(i.set_int_enable))
<BR><BR>[Stack]<UL><LI>Max Depth = 104<LI>Call Chain = set_int_enable &rArr; MPU_Write_Len &rArr; IIC_Wait_Ack &rArr; IIC_Stop &rArr; delay_us &rArr; micros
</UL>
<BR>[Calls]<UL><LI><a href="#[c1]">&gt;&gt;</a>&nbsp;&nbsp;&nbsp;MPU_Write_Len
</UL>
<BR>[Called By]<UL><LI><a href="#[127]">&gt;&gt;</a>&nbsp;&nbsp;&nbsp;mpu_set_dmp_state
<LI><a href="#[12b]">&gt;&gt;</a>&nbsp;&nbsp;&nbsp;mpu_configure_fifo
</UL>

<P><STRONG><a name="[9b]"></a>TIM_OC1_SetConfig</STRONG> (Thumb, 80 bytes, Stack size 12 bytes, stm32f4xx_hal_tim.o(i.TIM_OC1_SetConfig))
<BR><BR>[Stack]<UL><LI>Max Depth = 12<LI>Call Chain = TIM_OC1_SetConfig
</UL>
<BR>[Called By]<UL><LI><a href="#[9a]">&gt;&gt;</a>&nbsp;&nbsp;&nbsp;HAL_TIM_PWM_ConfigChannel
</UL>

<P><STRONG><a name="[9d]"></a>TIM_OC3_SetConfig</STRONG> (Thumb, 88 bytes, Stack size 12 bytes, stm32f4xx_hal_tim.o(i.TIM_OC3_SetConfig))
<BR><BR>[Stack]<UL><LI>Max Depth = 12<LI>Call Chain = TIM_OC3_SetConfig
</UL>
<BR>[Called By]<UL><LI><a href="#[9a]">&gt;&gt;</a>&nbsp;&nbsp;&nbsp;HAL_TIM_PWM_ConfigChannel
</UL>

<P><STRONG><a name="[9e]"></a>TIM_OC4_SetConfig</STRONG> (Thumb, 70 bytes, Stack size 12 bytes, stm32f4xx_hal_tim.o(i.TIM_OC4_SetConfig))
<BR><BR>[Stack]<UL><LI>Max Depth = 12<LI>Call Chain = TIM_OC4_SetConfig
</UL>
<BR>[Called By]<UL><LI><a href="#[9a]">&gt;&gt;</a>&nbsp;&nbsp;&nbsp;HAL_TIM_PWM_ConfigChannel
</UL>

<P><STRONG><a name="[93]"></a>NVIC_SetPriority</STRONG> (Thumb, 32 bytes, Stack size 0 bytes, stm32f4xx_hal_cortex.o(i.NVIC_SetPriority))
<BR><BR>[Called By]<UL><LI><a href="#[92]">&gt;&gt;</a>&nbsp;&nbsp;&nbsp;HAL_SYSTICK_Config
<LI><a href="#[84]">&gt;&gt;</a>&nbsp;&nbsp;&nbsp;HAL_NVIC_SetPriority
</UL>

<P><STRONG><a name="[8b]"></a>DMA_CalcBaseAndBitshift</STRONG> (Thumb, 34 bytes, Stack size 0 bytes, stm32f4xx_hal_dma.o(i.DMA_CalcBaseAndBitshift))
<BR><BR>[Called By]<UL><LI><a href="#[89]">&gt;&gt;</a>&nbsp;&nbsp;&nbsp;HAL_DMA_Init
</UL>

<P><STRONG><a name="[8a]"></a>DMA_CheckFifoParam</STRONG> (Thumb, 84 bytes, Stack size 8 bytes, stm32f4xx_hal_dma.o(i.DMA_CheckFifoParam))
<BR><BR>[Stack]<UL><LI>Max Depth = 8<LI>Call Chain = DMA_CheckFifoParam
</UL>
<BR>[Called By]<UL><LI><a href="#[89]">&gt;&gt;</a>&nbsp;&nbsp;&nbsp;HAL_DMA_Init
</UL>

<P><STRONG><a name="[8d]"></a>DMA_SetConfig</STRONG> (Thumb, 40 bytes, Stack size 12 bytes, stm32f4xx_hal_dma.o(i.DMA_SetConfig))
<BR><BR>[Stack]<UL><LI>Max Depth = 12<LI>Call Chain = DMA_SetConfig
</UL>
<BR>[Called By]<UL><LI><a href="#[8c]">&gt;&gt;</a>&nbsp;&nbsp;&nbsp;HAL_DMA_Start
</UL>

<P><STRONG><a name="[7b]"></a>CAN_Receive_IT</STRONG> (Thumb, 294 bytes, Stack size 8 bytes, stm32f4xx_hal_can.o(i.CAN_Receive_IT))
<BR><BR>[Stack]<UL><LI>Max Depth = 24<LI>Call Chain = CAN_Receive_IT &rArr; HAL_CAN_RxCpltCallback &rArr; encoder_data_handler
</UL>
<BR>[Calls]<UL><LI><a href="#[7c]">&gt;&gt;</a>&nbsp;&nbsp;&nbsp;HAL_CAN_RxCpltCallback
</UL>
<BR>[Called By]<UL><LI><a href="#[7a]">&gt;&gt;</a>&nbsp;&nbsp;&nbsp;HAL_CAN_IRQHandler
</UL>

<P><STRONG><a name="[5f]"></a>UART_DMAAbortOnError</STRONG> (Thumb, 16 bytes, Stack size 8 bytes, stm32f4xx_hal_uart.o(i.UART_DMAAbortOnError))
<BR><BR>[Stack]<UL><LI>Max Depth = 8<LI>Call Chain = UART_DMAAbortOnError
</UL>
<BR>[Calls]<UL><LI><a href="#[a8]">&gt;&gt;</a>&nbsp;&nbsp;&nbsp;HAL_UART_ErrorCallback
</UL>
<BR>[Address Reference Count : 1]<UL><LI> stm32f4xx_hal_uart.o(i.HAL_UART_IRQHandler)
</UL>
<P><STRONG><a name="[a6]"></a>UART_EndRxTransfer</STRONG> (Thumb, 28 bytes, Stack size 0 bytes, stm32f4xx_hal_uart.o(i.UART_EndRxTransfer))
<BR><BR>[Called By]<UL><LI><a href="#[a4]">&gt;&gt;</a>&nbsp;&nbsp;&nbsp;HAL_UART_IRQHandler
</UL>

<P><STRONG><a name="[a5]"></a>UART_Receive_IT</STRONG> (Thumb, 140 bytes, Stack size 8 bytes, stm32f4xx_hal_uart.o(i.UART_Receive_IT))
<BR><BR>[Stack]<UL><LI>Max Depth = 8<LI>Call Chain = UART_Receive_IT
</UL>
<BR>[Calls]<UL><LI><a href="#[d1]">&gt;&gt;</a>&nbsp;&nbsp;&nbsp;HAL_UART_RxCpltCallback
</UL>
<BR>[Called By]<UL><LI><a href="#[a4]">&gt;&gt;</a>&nbsp;&nbsp;&nbsp;HAL_UART_IRQHandler
</UL>

<P><STRONG><a name="[ad]"></a>UART_SetConfig</STRONG> (Thumb, 676 bytes, Stack size 24 bytes, stm32f4xx_hal_uart.o(i.UART_SetConfig))
<BR><BR>[Stack]<UL><LI>Max Depth = 24<LI>Call Chain = UART_SetConfig
</UL>
<BR>[Calls]<UL><LI><a href="#[d2]">&gt;&gt;</a>&nbsp;&nbsp;&nbsp;HAL_RCC_GetPCLK2Freq
<LI><a href="#[d3]">&gt;&gt;</a>&nbsp;&nbsp;&nbsp;HAL_RCC_GetPCLK1Freq
</UL>
<BR>[Called By]<UL><LI><a href="#[ab]">&gt;&gt;</a>&nbsp;&nbsp;&nbsp;HAL_UART_Init
</UL>

<P><STRONG><a name="[a9]"></a>UART_Transmit_IT</STRONG> (Thumb, 98 bytes, Stack size 0 bytes, stm32f4xx_hal_uart.o(i.UART_Transmit_IT))
<BR><BR>[Called By]<UL><LI><a href="#[a4]">&gt;&gt;</a>&nbsp;&nbsp;&nbsp;HAL_UART_IRQHandler
</UL>
<P>
<H3>
Undefined Global Symbols
</H3><HR></body></html>
