<html>
<body>
<pre>
<h1>µVision Build Log</h1>
<h2>Tool Versions:</h2>
IDE-Version: ¦ÌVision V5.14.0.0
Copyright (C) 2015 ARM Ltd and ARM Germany GmbH. All rights reserved.
License Information: Cancer Chen, SZU, LIC=AK19U-SHWV3-ULYCE-5T3RV-M13V7-M0PR6
 
Tool Versions:
Toolchain:       MDK-ARM Professional  Version: 5.14.0.0
Toolchain Path:  D:\Keil_v5\ARM\ARMCC\Bin
C Compiler:      Armcc.exe V5.05 update 1 (build 106)
Assembler:       Armasm.exe V5.05 update 1 (build 106)
Linker/Locator:  ArmLink.exe V5.05 update 1 (build 106)
Library Manager: ArmAr.exe V5.05 update 1 (build 106)
Hex Converter:   FromElf.exe V5.05 update 1 (build 106)
CPU DLL:         SARMCM3.DLL V5.14.0.0
Dialog DLL:      DCM.DLL V1.13.1.0
Target DLL:      Segger\JL2CM3.dll V2.99.13.0
Dialog DLL:      TCM.DLL V1.14.4.0
 
<h2>Project:</h2>
F:\RP19³å°¡£¡\Code_RM2019\CC_Code_INFANTRY\INFANTRY_Cancer_1023\Project\project.uvprojx
Project File Date:  10/23/2018

<h2>Output:</h2>
Build target 'Target 1'
compiling main.c...
compiling stm32f4xx_it.c...
compiling system.c...
compiling can1.c...
compiling can2.c...
compiling rc.c...
compiling led.c...
compiling pidckz.c...
compiling pwm.c...
compiling nvic.c...
compiling chassis_ctrl.c...
compiling gimbal_ctrl.c...
compiling shoot_ctrl.c...
compiling judgement.c...
compiling my_math.c...
compiling modeswitch.c...
compiling ano_tc.c...
compiling roboremo.c...
compiling misc.c...
compiling stm32f4xx_gpio.c...
compiling stm32f4xx_rcc.c...
compiling stm32f4xx_tim.c...
compiling stm32f4xx_usart.c...
assembling startup_stm32f40xx.s...
compiling system_stm32f4xx.c...
compiling stm32f4xx_can.c...
compiling stm32f4xx_dma.c...
compiling stm32f4xx_exti.c...
compiling stm32f4xx_flash.c...
compiling stm32f4xx_spi.c...
compiling stm32f4xx_adc.c...
compiling stm32f4xx_syscfg.c...
compiling stm32f4xx_dbgmcu.c...
compiling mpu6050_driver.c...
compiling mpu6050_iic.c...
compiling inv_mpu.c...
compiling inv_mpu_dmp_motion_driver.c...
linking...
Program Size: Code=60266 RO-data=5438 RW-data=344 ZI-data=3784  
".\Objects\project.axf" - 0 Error(s), 0 Warning(s).

<h2>Collection of Component include folders:</h2>
  F:\RP19³å°¡£¡\Code_RM2019\CC_Code_INFANTRY\INFANTRY_Cancer_1023\Project\RTE
  D:\Keil_v5\ARM\PACK\Keil\STM32F4xx_DFP\1.0.8\Device\Include

<h2>Collection of Component Files used:</h2>
</pre>
</body>
</html>
