Component: ARM Compiler 5.05 update 1 (build 106) Tool: armlink [4d0efa]

==============================================================================

Section Cross References

    main.o(.text) refers to system.o(.text) for system_init
    stm32f4xx_it.o(.text) refers to stm32f4xx_it.o(.data) for sysTickUptime
    system.o(.text) refers to stm32f4xx_rcc.o(.text) for RCC_GetClocksFreq
    system.o(.text) refers to misc.o(.text) for NVIC_PriorityGroupConfig
    system.o(.text) refers to judgement.o(.text) for judgement_init
    system.o(.text) refers to vision.o(.text) for vision_init
    system.o(.text) refers to rc.o(.text) for RC_init
    system.o(.text) refers to led.o(.text) for led_init
    system.o(.text) refers to relay.o(.text) for relay_init
    system.o(.text) refers to servo.o(.text) for servo_init
    system.o(.text) refers to dutched.o(.text) for ducted_init
    system.o(.text) refers to sys_check.o(.text) for sys_check_init
    system.o(.text) refers to chassis.o(.text) for chassis_param_init
    system.o(.text) refers to lifter.o(.text) for lifter_param_init
    system.o(.text) refers to assist_wheel.o(.text) for assist_wheel_param_init
    system.o(.text) refers to trailer.o(.text) for trailer_param_init
    system.o(.text) refers to omron.o(.text) for optoelectronic_switch_init
    system.o(.text) refers to bomb_claw.o(.text) for bomb_claw_param_init
    system.o(.text) refers to keyboard.o(.text) for global_task_init
    system.o(.text) refers to climb_tube.o(.text) for climb_tube_param_init
    system.o(.text) refers to get_bomb.o(.text) for get_bomb_param_init
    system.o(.text) refers to rescue.o(.text) for rescue_param_init
    system.o(.text) refers to feed_bomb.o(.text) for feed_bomb_param_init
    system.o(.text) refers to can1.o(.text) for CAN1_init
    system.o(.text) refers to can2.o(.text) for CAN2_init
    system.o(.text) refers to mpu6050_driver.o(.text) for MPU_Init
    system.o(.text) refers to mpu_temperature.o(.text) for MPU_tempPID_init
    system.o(.text) refers to inv_mpu.o(.text) for mpu_set_dmp_state
    system.o(.text) refers to modeswitch.o(.text) for mode_switch_task
    system.o(.text) refers to system.o(.data) for usTicks
    system.o(.text) refers to stm32f4xx_it.o(.data) for sysTickUptime
    system.o(.text) refers to system_stm32f4xx.o(.data) for SystemCoreClock
    system.o(.text) refers to rc.o(.data) for RC_IS_READY
    system.o(.text) refers to system.o(.bss) for Overflow_check
    system.o(.text) refers to chassis.o(.bss) for chassis
    system.o(.text) refers to lifter.o(.bss) for lifter
    system.o(.text) refers to trailer.o(.bss) for trailer
    system.o(.text) refers to bomb_claw.o(.bss) for bomb_claw
    pidckz.o(.text) refers to rt_memclr_w.o(.text) for __aeabi_memclr4
    pidckz.o(.text) refers to f2d.o(x$fpl$f2d) for __aeabi_f2d
    pidckz.o(.text) refers to fabs.o(i.__hardfp_fabs) for __hardfp_fabs
    pidckz.o(.text) refers to drleqf.o(x$fpl$drleqf) for __aeabi_cdrcmple
    ramp.o(.data) refers to ramp.o(.text) for ramp_init
    my_math.o(.text) refers to h1_alloc.o(.text) for malloc
    my_math.o(.text) refers to h1_free.o(.text) for free
    can1.o(.text) refers to stm32f4xx_rcc.o(.text) for RCC_AHB1PeriphClockCmd
    can1.o(.text) refers to stm32f4xx_gpio.o(.text) for GPIO_Init
    can1.o(.text) refers to nvic.o(.text) for nvic_config
    can1.o(.text) refers to stm32f4xx_can.o(.text) for CAN_DeInit
    can1.o(.text) refers to lifter.o(.text) for lifter_data_handler
    can1.o(.text) refers to can1.o(.bss) for CAN1_TxMessage
    can1.o(.text) refers to chassis.o(.bss) for chassis
    can1.o(.text) refers to lifter.o(.bss) for lifter
    can2.o(.text) refers to stm32f4xx_rcc.o(.text) for RCC_AHB1PeriphClockCmd
    can2.o(.text) refers to stm32f4xx_gpio.o(.text) for GPIO_Init
    can2.o(.text) refers to nvic.o(.text) for nvic_config
    can2.o(.text) refers to stm32f4xx_can.o(.text) for CAN_DeInit
    can2.o(.text) refers to bomb_claw.o(.text) for bomb_claw_data_handler
    can2.o(.text) refers to trailer.o(.text) for trailer_data_handler
    can2.o(.text) refers to can2.o(.bss) for CAN2_TxMessage
    can2.o(.text) refers to bomb_claw.o(.bss) for bomb_claw
    can2.o(.text) refers to system.o(.bss) for Overflow_check
    can2.o(.text) refers to trailer.o(.bss) for trailer
    led.o(.text) refers to stm32f4xx_rcc.o(.text) for RCC_AHB1PeriphClockCmd
    led.o(.text) refers to stm32f4xx_gpio.o(.text) for GPIO_Init
    led.o(.text) refers to modeswitch.o(.data) for system_mode
    led.o(.text) refers to sys_check.o(.bss) for check
    led.o(.text) refers to keyboard.o(.data) for flag_bomb_claw_penta
    relay.o(.text) refers to stm32f4xx_rcc.o(.text) for RCC_AHB1PeriphClockCmd
    relay.o(.text) refers to stm32f4xx_gpio.o(.text) for GPIO_Init
    relay.o(.text) refers to keyboard.o(.data) for flag_tube_claw_catch
    relay.o(.text) refers to relay.o(.data) for flag_mirror_CCTV
    relay.o(.text) refers to get_bomb.o(.bss) for get_bomb
[...]
    IIC_Init                                 0x0800e811   Thumb Code    60  mpu6050_iic.o(.text)
    IIC_Start                                0x0800e84d   Thumb Code    68  mpu6050_iic.o(.text)
    IIC_Stop                                 0x0800e891   Thumb Code    62  mpu6050_iic.o(.text)
    IIC_Wait_Ack                             0x0800e8cf   Thumb Code    82  mpu6050_iic.o(.text)
    IIC_Ack                                  0x0800e921   Thumb Code    66  mpu6050_iic.o(.text)
    IIC_NAck                                 0x0800e963   Thumb Code    66  mpu6050_iic.o(.text)
    IIC_Send_Byte                            0x0800e9a5   Thumb Code    90  mpu6050_iic.o(.text)
    IIC_Read_Byte                            0x0800e9ff   Thumb Code    94  mpu6050_iic.o(.text)
    mpu_reg_dump                             0x0800eaf3   Thumb Code    72  inv_mpu.o(.text)
    mpu_read_reg                             0x0800eb3b   Thumb Code    66  inv_mpu.o(.text)
    mpu_set_int_latched                      0x0800eb7d   Thumb Code   102  inv_mpu.o(.text)
    mpu_set_sensors                          0x0800ebe3   Thumb Code   202  inv_mpu.o(.text)
    mpu_set_bypass                           0x0800ecad   Thumb Code   328  inv_mpu.o(.text)
    mpu_reset_fifo                           0x0800edf5   Thumb Code   456  inv_mpu.o(.text)
    mpu_configure_fifo                       0x0800efbd   Thumb Code   106  inv_mpu.o(.text)
    mpu_set_lpf                              0x0800f027   Thumb Code   126  inv_mpu.o(.text)
    mpu_lp_accel_mode                        0x0800f0a5   Thumb Code   218  inv_mpu.o(.text)
    mpu_set_sample_rate                      0x0800f17f   Thumb Code   152  inv_mpu.o(.text)
    mpu_set_accel_fsr                        0x0800f217   Thumb Code   132  inv_mpu.o(.text)
    mpu_set_gyro_fsr                         0x0800f29b   Thumb Code   132  inv_mpu.o(.text)
    mpu_init                                 0x0800f31f   Thumb Code   396  inv_mpu.o(.text)
    mget_ms                                  0x0800f4ab   Thumb Code     2  inv_mpu.o(.text)
    mpu_get_gyro_reg                         0x0800f4ad   Thumb Code   110  inv_mpu.o(.text)
    mpu_get_accel_reg                        0x0800f51b   Thumb Code   110  inv_mpu.o(.text)
    mpu_get_temperature                      0x0800f589   Thumb Code   142  inv_mpu.o(.text)
    mpu_set_accel_bias                       0x0800f617   Thumb Code   394  inv_mpu.o(.text)
    mpu_get_gyro_fsr                         0x0800f7a1   Thumb Code    64  inv_mpu.o(.text)
    mpu_get_accel_fsr                        0x0800f7e1   Thumb Code    72  inv_mpu.o(.text)
    mpu_get_lpf                              0x0800f829   Thumb Code    74  inv_mpu.o(.text)
    mpu_get_sample_rate                      0x0800f873   Thumb Code    26  inv_mpu.o(.text)
    mpu_get_compass_sample_rate              0x0800f88d   Thumb Code    10  inv_mpu.o(.text)
    mpu_set_compass_sample_rate              0x0800f897   Thumb Code     8  inv_mpu.o(.text)
    mpu_get_gyro_sens                        0x0800f89f   Thumb Code    74  inv_mpu.o(.text)
    mpu_get_accel_sens                       0x0800f8e9   Thumb Code    78  inv_mpu.o(.text)
    mpu_get_fifo_config                      0x0800f937   Thumb Code    12  inv_mpu.o(.text)
    mpu_get_power_state                      0x0800f943   Thumb Code    22  inv_mpu.o(.text)
    mpu_get_int_status                       0x0800f959   Thumb Code    64  inv_mpu.o(.text)
    mpu_read_fifo                            0x0800f999   Thumb Code   522  inv_mpu.o(.text)
    mpu_read_fifo_stream                     0x0800fba3   Thumb Code   186  inv_mpu.o(.text)
    mpu_set_int_level                        0x0800fc5d   Thumb Code    12  inv_mpu.o(.text)
    mpu_set_dmp_state                        0x0801036f   Thumb Code   138  inv_mpu.o(.text)
    mpu_run_self_test                        0x080103f9   Thumb Code   278  inv_mpu.o(.text)
    mpu_write_mem                            0x0801050f   Thumb Code   122  inv_mpu.o(.text)
    mpu_read_mem                             0x08010589   Thumb Code   122  inv_mpu.o(.text)
    mpu_load_firmware                        0x08010603   Thumb Code   180  inv_mpu.o(.text)
    mpu_get_dmp_state                        0x080106b7   Thumb Code    14  inv_mpu.o(.text)
    setup_compass                            0x080106c5   Thumb Code     6  inv_mpu.o(.text)
    mpu_get_compass_reg                      0x080106cb   Thumb Code     8  inv_mpu.o(.text)
    mpu_get_compass_fsr                      0x080106d3   Thumb Code     8  inv_mpu.o(.text)
    mpu_lp_motion_interrupt                  0x080106db   Thumb Code   518  inv_mpu.o(.text)
    run_self_test                            0x080108e1   Thumb Code   158  inv_mpu.o(.text)
    inv_row_2_scale                          0x0801097f   Thumb Code    78  inv_mpu.o(.text)
    inv_orientation_matrix_to_scalar         0x080109cd   Thumb Code    40  inv_mpu.o(.text)
    mpu_dmp_init                             0x080109f5   Thumb Code   150  inv_mpu.o(.text)
    mpu_dmp_get_data                         0x08010a8b   Thumb Code   538  inv_mpu.o(.text)
    dmp_load_motion_driver_firmware          0x08010cad   Thumb Code    20  inv_mpu_dmp_motion_driver.o(.text)
    dmp_set_orientation                      0x08010cc1   Thumb Code   290  inv_mpu_dmp_motion_driver.o(.text)
    dmp_set_gyro_bias                        0x08010de3   Thumb Code   294  inv_mpu_dmp_motion_driver.o(.text)
    dmp_set_accel_bias                       0x08010f09   Thumb Code   300  inv_mpu_dmp_motion_driver.o(.text)
    dmp_set_fifo_rate                        0x08011035   Thumb Code   136  inv_mpu_dmp_motion_driver.o(.text)
    dmp_get_fifo_rate                        0x080110bd   Thumb Code    12  inv_mpu_dmp_motion_driver.o(.text)
    dmp_set_tap_thresh                       0x080110c9   Thumb Code   412  inv_mpu_dmp_motion_driver.o(.text)
    dmp_set_tap_axes                         0x08011265   Thumb Code    70  inv_mpu_dmp_motion_driver.o(.text)
    dmp_set_tap_count                        0x080112ab   Thumb Code    38  inv_mpu_dmp_motion_driver.o(.text)
    dmp_set_tap_time                         0x080112d1   Thumb Code    38  inv_mpu_dmp_motion_driver.o(.text)
    dmp_set_tap_time_multi                   0x080112f7   Thumb Code    38  inv_mpu_dmp_motion_driver.o(.text)
    dmp_set_shake_reject_thresh              0x0801131d   Thumb Code    56  inv_mpu_dmp_motion_driver.o(.text)
    dmp_set_shake_reject_time                0x08011355   Thumb Code    38  inv_mpu_dmp_motion_driver.o(.text)
    dmp_set_shake_reject_timeout             0x0801137b   Thumb Code    38  inv_mpu_dmp_motion_driver.o(.text)
    dmp_get_pedometer_step_count             0x080113a1   Thumb Code    66  inv_mpu_dmp_motion_driver.o(.text)
    dmp_set_pedometer_step_count             0x080113e3   Thumb Code    42  inv_mpu_dmp_motion_driver.o(.text)
    dmp_get_pedometer_walk_time              0x0801140d   Thumb Code    72  inv_mpu_dmp_motion_driver.o(.text)
    dmp_set_pedometer_walk_time              0x08011455   Thumb Code    48  inv_mpu_dmp_motion_driver.o(.text)
    dmp_enable_6x_lp_quat                    0x08011485   Thumb Code   100  inv_mpu_dmp_motion_driver.o(.text)
    dmp_enable_lp_quat                       0x080114e9   Thumb Code    60  inv_mpu_dmp_motion_driver.o(.text)
    dmp_enable_gyro_cal                      0x08011525   Thumb Code    62  inv_mpu_dmp_motion_driver.o(.text)
    dmp_enable_feature                       0x08011563   Thumb Code   530  inv_mpu_dmp_motion_driver.o(.text)
    dmp_get_enabled_features                 0x08011775   Thumb Code    12  inv_mpu_dmp_motion_driver.o(.text)
    dmp_set_interrupt_mode                   0x080117df   Thumb Code    66  inv_mpu_dmp_motion_driver.o(.text)
    dmp_read_fifo                            0x08011821   Thumb Code   514  inv_mpu_dmp_motion_driver.o(.text)
    dmp_register_tap_cb                      0x08011a23   Thumb Code    10  inv_mpu_dmp_motion_driver.o(.text)
    dmp_register_android_orient_cb           0x08011a2d   Thumb Code    10  inv_mpu_dmp_motion_driver.o(.text)
    MPU_tempPID_init                         0x08011a3d   Thumb Code   180  mpu_temperature.o(.text)
    imu_param_init                           0x08011af1   Thumb Code    36  mpu_temperature.o(.text)
    imu_temp_keep                            0x08011b15   Thumb Code    88  mpu_temperature.o(.text)
    mpu_get_data                             0x08011b6d   Thumb Code    46  mpu_temperature.o(.text)
    imu_task                                 0x08011b9b   Thumb Code    12  mpu_temperature.o(.text)
    Tempeture_PID                            0x08011ba7   Thumb Code   256  mpu_temperature.o(.text)
    malloc                                   0x08011cf9   Thumb Code    94  h1_alloc.o(.text)
    free                                     0x08011d57   Thumb Code    78  h1_free.o(.text)
    __aeabi_ldivmod                          0x08011da5   Thumb Code     0  llsdiv.o(.text)
    _ll_sdiv                                 0x08011da5   Thumb Code    72  llsdiv.o(.text)
    vsprintf                                 0x08011ded   Thumb Code    32  vsprintf.o(.text)
    memcmp                                   0x08011e11   Thumb Code    88  memcmp.o(.text)
    __aeabi_memcpy                           0x08011e69   Thumb Code     0  rt_memcpy_v6.o(.text)
    __rt_memcpy                              0x08011e69   Thumb Code   138  rt_memcpy_v6.o(.text)
    _memcpy_lastbytes                        0x08011ecf   Thumb Code     0  rt_memcpy_v6.o(.text)
    __aeabi_memset                           0x08011ef3   Thumb Code    16  aeabi_memset.o(.text)
    __aeabi_memclr                           0x08011f03   Thumb Code     0  rt_memclr.o(.text)
    __rt_memclr                              0x08011f03   Thumb Code    68  rt_memclr.o(.text)
    _memset                                  0x08011f07   Thumb Code     0  rt_memclr.o(.text)
    __aeabi_memclr4                          0x08011f47   Thumb Code     0  rt_memclr_w.o(.text)
    __aeabi_memclr8                          0x08011f47   Thumb Code     0  rt_memclr_w.o(.text)
    __rt_memclr_w                            0x08011f47   Thumb Code    78  rt_memclr_w.o(.text)
    _memset_w                                0x08011f4b   Thumb Code     0  rt_memclr_w.o(.text)
    __use_two_region_memory                  0x08011f95   Thumb Code     2  heapauxi.o(.text)
    __rt_heap_escrow                         0x08011f97   Thumb Code     2  heapauxi.o(.text)
    __rt_heap_expand                         0x08011f99   Thumb Code     2  heapauxi.o(.text)
    __rt_heap_descriptor                     0x08011f9d   Thumb Code     8  rt_heap_descriptor_intlibspace.o(.text)
    __use_no_heap                            0x08011fa5   Thumb Code     2  hguard.o(.text)
    __heap$guard                             0x08011fa7   Thumb Code     2  hguard.o(.text)
    _terminate_user_alloc                    0x08011fa9   Thumb Code     2  init_alloc.o(.text)
    _init_user_alloc                         0x08011fab   Thumb Code     2  init_alloc.o(.text)
    __Heap_Full                              0x08011fad   Thumb Code    34  init_alloc.o(.text)
    __Heap_Broken                            0x08011fcf   Thumb Code     6  init_alloc.o(.text)
    _init_alloc                              0x08011fd5   Thumb Code    94  init_alloc.o(.text)
    __Heap_Initialize                        0x08012033   Thumb Code    10  h1_init.o(.text)
    __Heap_DescSize                          0x0801203d   Thumb Code     4  h1_init.o(.text)
    __aeabi_uldivmod                         0x08012041   Thumb Code     0  lludivv7m.o(.text)
    _ll_udiv                                 0x08012041   Thumb Code   238  lludivv7m.o(.text)
    __read_errno                             0x0801212f   Thumb Code    10  _rserrno.o(.text)
    __set_errno                              0x08012139   Thumb Code    12  _rserrno.o(.text)
    _printf_pre_padding                      0x08012145   Thumb Code    44  _printf_pad.o(.text)
    _printf_post_padding                     0x08012171   Thumb Code    34  _printf_pad.o(.text)
    _printf_truncate_signed                  0x08012193   Thumb Code    18  _printf_truncate.o(.text)
    _printf_truncate_unsigned                0x080121a5   Thumb Code    18  _printf_truncate.o(.text)
    _printf_str                              0x080121b7   Thumb Code    82  _printf_str.o(.text)
    _printf_int_dec                          0x08012209   Thumb Code   104  _printf_dec.o(.text)
    _printf_charcount                        0x08012281   Thumb Code    40  _printf_charcount.o(.text)
    _printf_char_common                      0x080122b3   Thumb Code    32  _printf_char_common.o(.text)
    _sputc                                   0x080122d9   Thumb Code    10  _sputc.o(.text)
    _printf_wctomb                           0x080122e5   Thumb Code   182  _printf_wctomb.o(.text)
    _printf_longlong_dec                     0x080123a1   Thumb Code   108  _printf_longlong_dec.o(.text)
    _printf_longlong_oct                     0x0801241d   Thumb Code    68  _printf_oct_int_ll.o(.text)
    _printf_int_oct                          0x08012461   Thumb Code    24  _printf_oct_int_ll.o(.text)
    _printf_ll_oct                           0x08012479   Thumb Code    12  _printf_oct_int_ll.o(.text)
    _printf_longlong_hex                     0x0801248d   Thumb Code    86  _printf_hex_int_ll_ptr.o(.text)
    _printf_int_hex                          0x080124e3   Thumb Code    28  _printf_hex_int_ll_ptr.o(.text)
    _printf_ll_hex                           0x080124ff   Thumb Code    12  _printf_hex_int_ll_ptr.o(.text)
    _printf_hex_ptr                          0x0801250b   Thumb Code    18  _printf_hex_int_ll_ptr.o(.text)
    __printf                                 0x08012521   Thumb Code   388  __printf_flags_ss_wp.o(.text)
    __strtod_int                             0x080126e5   Thumb Code    88  strtod.o(.text)
    __aeabi_memcpy4                          0x08012749   Thumb Code     0  rt_memcpy_w.o(.text)
    __aeabi_memcpy8                          0x08012749   Thumb Code     0  rt_memcpy_w.o(.text)
    __rt_memcpy_w                            0x08012749   Thumb Code   100  rt_memcpy_w.o(.text)
    _memcpy_lastbytes_aligned                0x08012791   Thumb Code     0  rt_memcpy_w.o(.text)
    __user_libspace                          0x080127ad   Thumb Code     8  libspace.o(.text)
    __user_perproc_libspace                  0x080127ad   Thumb Code     0  libspace.o(.text)
    __user_perthread_libspace                0x080127ad   Thumb Code     0  libspace.o(.text)
    __aeabi_errno_addr                       0x080127b5   Thumb Code     8  rt_errno_addr_intlibspace.o(.text)
    __errno$intlibspace                      0x080127b5   Thumb Code     0  rt_errno_addr_intlibspace.o(.text)
    __rt_errno_addr$intlibspace              0x080127b5   Thumb Code     0  rt_errno_addr_intlibspace.o(.text)
    __Heap_ProvideMemory                     0x080127bd   Thumb Code    52  h1_extend.o(.text)
    _ll_udiv10                               0x080127f1   Thumb Code   138  lludiv10.o(.text)
    isspace                                  0x0801287b   Thumb Code    18  isspace.o(.text)
    _printf_int_common                       0x0801288d   Thumb Code   178  _printf_intcommon.o(.text)
    __lib_sel_fp_printf                      0x0801293f   Thumb Code     2  _printf_fp_dec.o(.text)
    _printf_fp_dec_real                      0x08012aed   Thumb Code   620  _printf_fp_dec.o(.text)
    _printf_fp_hex_real                      0x08012d59   Thumb Code   754  _printf_fp_hex.o(.text)
    _printf_cs_common                        0x08013055   Thumb Code    20  _printf_char.o(.text)
    _printf_char                             0x08013069   Thumb Code    16  _printf_char.o(.text)
    _printf_string                           0x08013079   Thumb Code     8  _printf_char.o(.text)
    _printf_lcs_common                       0x08013081   Thumb Code    20  _printf_wchar.o(.text)
    _printf_wchar                            0x08013095   Thumb Code    16  _printf_wchar.o(.text)
    _printf_wstring                          0x080130a5   Thumb Code     8  _printf_wchar.o(.text)
    _sgetc                                   0x080130ad   Thumb Code    30  _sgetc.o(.text)
    _sbackspace                              0x080130cb   Thumb Code    34  _sgetc.o(.text)
    _wcrtomb                                 0x080130ed   Thumb Code    64  _wcrtomb.o(.text)
    __rt_SIGRTMEM                            0x0801312d   Thumb Code    14  defsig_rtmem_outer.o(.text)
    __I$use$semihosting                      0x0801313b   Thumb Code     0  use_no_semi.o(.text)
    __use_no_semihosting_swi                 0x0801313b   Thumb Code     2  use_no_semi.o(.text)
    __semihosting_library_function           0x0801313d   Thumb Code     0  indicate_semi.o(.text)
    __user_setup_stackheap                   0x0801313d   Thumb Code    74  sys_stackheap_outer.o(.text)
    __rt_ctype_table                         0x08013189   Thumb Code    16  rt_ctype_table.o(.text)
    __rt_locale                              0x08013199   Thumb Code     8  rt_locale_intlibspace.o(.text)
    _printf_fp_infnan                        0x080131a1   Thumb Code   112  _printf_fp_infnan.o(.text)
    _scanf_really_real                       0x0801341d   Thumb Code   668  scanf_fp.o(.text)
    _btod_etento                             0x080136c5   Thumb Code   216  bigflt0.o(.text)
    exit                                     0x080137a1   Thumb Code    12  exit.o(.text)
    __sig_exit                               0x080137ad   Thumb Code    10  defsig_exit.o(.text)
    __rt_SIGRTMEM_inner                      0x080137b9   Thumb Code    22  defsig_rtmem_inner.o(.text)
    strcmp                                   0x08013809   Thumb Code   128  strcmpv7m.o(.text)
    _sys_exit                                0x08013889   Thumb Code     8  sys_exit.o(.text)
    __default_signal_display                 0x08013895   Thumb Code    50  defsig_general.o(.text)
    _ttywrch                                 0x080138c7   Thumb Code    14  sys_wrch.o(.text)
    _scanf_really_hex_real                   0x080138d5   Thumb Code   778  scanf_hexfp.o(.text)
    _scanf_really_infnan                     0x08013bed   Thumb Code   292  scanf_infnan.o(.text)
    __aeabi_llsl                             0x08013d21   Thumb Code     0  llshl.o(.text)
    _ll_shift_l                              0x08013d21   Thumb Code    38  llshl.o(.text)
    _chval                                   0x08013d47   Thumb Code    28  _chval.o(.text)
    _btod_d2e                                0x08013d63   Thumb Code    62  btod.o(CL$$btod_d2e)
    _d2e_denorm_low                          0x08013da1   Thumb Code    70  btod.o(CL$$btod_d2e_denorm_low)
    _d2e_norm_op1                            0x08013de7   Thumb Code    96  btod.o(CL$$btod_d2e_norm_op1)
    __btod_div_common                        0x08013e47   Thumb Code   696  btod.o(CL$$btod_div_common)
    _e2d                                     0x08014181   Thumb Code    80  btod.o(CL$$btod_e2d)
    _e2e                                     0x080141d5   Thumb Code   198  btod.o(CL$$btod_e2e)
    _btod_ediv                               0x0801429b   Thumb Code    40  btod.o(CL$$btod_ediv)
    _btod_edivd                              0x080142c3   Thumb Code    40  btod.o(CL$$btod_edivd)
    _btod_emul                               0x080142eb   Thumb Code    40  btod.o(CL$$btod_emul)
    _btod_emuld                              0x08014313   Thumb Code    40  btod.o(CL$$btod_emuld)
    __btod_mult_common                       0x0801433b   Thumb Code   580  btod.o(CL$$btod_mult_common)
    __ARM_fpclassify                         0x0801457f   Thumb Code    48  fpclassify.o(i.__ARM_fpclassify)
    __hardfp_asin                            0x080145b1   Thumb Code   770  asin.o(i.__hardfp_asin)
    __hardfp_atan                            0x08014911   Thumb Code   622  atan.o(i.__hardfp_atan)
    __hardfp_atan2                           0x08014be9   Thumb Code   432  atan2.o(i.__hardfp_atan2)
    __hardfp_atof                            0x08014dd9   Thumb Code    44  atof.o(i.__hardfp_atof)
    __hardfp_fabs                            0x08014e11   Thumb Code    20  fabs.o(i.__hardfp_fabs)
    __hardfp_ldexp                           0x08014e29   Thumb Code   200  ldexp.o(i.__hardfp_ldexp)
    __hardfp_sqrt                            0x08014ef9   Thumb Code   122  sqrt.o(i.__hardfp_sqrt)
    __kernel_poly                            0x08014f73   Thumb Code   248  poly.o(i.__kernel_poly)
    __mathlib_dbl_infnan                     0x0801506b   Thumb Code    20  dunder.o(i.__mathlib_dbl_infnan)
    __mathlib_dbl_infnan2                    0x0801507f   Thumb Code    20  dunder.o(i.__mathlib_dbl_infnan2)
    __mathlib_dbl_invalid                    0x08015099   Thumb Code    24  dunder.o(i.__mathlib_dbl_invalid)
    __mathlib_dbl_overflow                   0x080150b9   Thumb Code    24  dunder.o(i.__mathlib_dbl_overflow)
    __mathlib_dbl_underflow                  0x080150d9   Thumb Code    24  dunder.o(i.__mathlib_dbl_underflow)
    __mathlib_narrow                         0x080150f9   Thumb Code   166  narrow.o(i.__mathlib_narrow)
    __support_ldexp                          0x080151b1   Thumb Code    20  ldexp.o(i.__support_ldexp)
    _is_digit                                0x080151c5   Thumb Code    14  __printf_wp.o(i._is_digit)
    atan                                     0x080151d3   Thumb Code    16  atan.o(i.atan)
    fabs                                     0x080151e3   Thumb Code    24  fabs.o(i.fabs)
    frexp                                    0x08015201   Thumb Code   118  frexp.o(i.frexp)
    sqrt                                     0x0801528d   Thumb Code   110  sqrt.o(i.sqrt)
    _get_lc_numeric                          0x080152fd   Thumb Code    44  lc_numeric_c.o(locale$$code)
    _get_lc_ctype                            0x08015329   Thumb Code    44  lc_ctype_c.o(locale$$code)
    __aeabi_dneg                             0x08015355   Thumb Code     0  basic.o(x$fpl$basic)
    _dneg                                    0x08015355   Thumb Code     6  basic.o(x$fpl$basic)
    __aeabi_fneg                             0x0801535b   Thumb Code     0  basic.o(x$fpl$basic)
    _fneg                                    0x0801535b   Thumb Code     6  basic.o(x$fpl$basic)
    _dabs                                    0x08015361   Thumb Code     6  basic.o(x$fpl$basic)
    _fabs                                    0x08015367   Thumb Code     6  basic.o(x$fpl$basic)
    __aeabi_d2f                              0x0801536d   Thumb Code     0  d2f.o(x$fpl$d2f)
    _d2f                                     0x0801536d   Thumb Code    98  d2f.o(x$fpl$d2f)
    __aeabi_dadd                             0x080153d1   Thumb Code     0  daddsub_clz.o(x$fpl$dadd)
    _dadd                                    0x080153d1   Thumb Code   332  daddsub_clz.o(x$fpl$dadd)
    __fpl_dcheck_NaN1                        0x08015521   Thumb Code    10  dcheck1.o(x$fpl$dcheck1)
    __fpl_dcmp_Inf                           0x08015531   Thumb Code    24  dcmpi.o(x$fpl$dcmpinf)
    __aeabi_ddiv                             0x08015549   Thumb Code     0  ddiv.o(x$fpl$ddiv)
    _ddiv                                    0x08015549   Thumb Code   552  ddiv.o(x$fpl$ddiv)
    __aeabi_cdcmpeq                          0x080157f9   Thumb Code     0  deqf.o(x$fpl$deqf)
    _dcmpeq                                  0x080157f9   Thumb Code   120  deqf.o(x$fpl$deqf)
    __aeabi_i2d                              0x08015871   Thumb Code     0  dflt_clz.o(x$fpl$dflt)
    _dflt                                    0x08015871   Thumb Code    46  dflt_clz.o(x$fpl$dflt)
    __aeabi_cdcmple                          0x080158a1   Thumb Code     0  dleqf.o(x$fpl$dleqf)
    _dcmple                                  0x080158a1   Thumb Code   120  dleqf.o(x$fpl$dleqf)
    __fpl_dcmple_InfNaN                      0x08015903   Thumb Code     0  dleqf.o(x$fpl$dleqf)
    __aeabi_dmul                             0x08015919   Thumb Code     0  dmul.o(x$fpl$dmul)
    _dmul                                    0x08015919   Thumb Code   332  dmul.o(x$fpl$dmul)
    __fpl_dnaninf                            0x08015a6d   Thumb Code   156  dnaninf.o(x$fpl$dnaninf)
    __fpl_dretinf                            0x08015b09   Thumb Code    12  dretinf.o(x$fpl$dretinf)
    __aeabi_cdrcmple                         0x08015b15   Thumb Code     0  drleqf.o(x$fpl$drleqf)
    _drcmple                                 0x08015b15   Thumb Code   108  drleqf.o(x$fpl$drleqf)
    __aeabi_drsub                            0x08015b81   Thumb Code     0  daddsub_clz.o(x$fpl$drsb)
    _drsb                                    0x08015b81   Thumb Code    22  daddsub_clz.o(x$fpl$drsb)
    _dsqrt                                   0x08015b99   Thumb Code   404  dsqrt_umaal.o(x$fpl$dsqrt)
    __aeabi_dsub                             0x08015d31   Thumb Code     0  daddsub_clz.o(x$fpl$dsub)
    _dsub                                    0x08015d31   Thumb Code   464  daddsub_clz.o(x$fpl$dsub)
    __aeabi_f2d                              0x08015f05   Thumb Code     0  f2d.o(x$fpl$f2d)
    _f2d                                     0x08015f05   Thumb Code    86  f2d.o(x$fpl$f2d)
    __fpl_fnaninf                            0x08015f5b   Thumb Code   140  fnaninf.o(x$fpl$fnaninf)
    _fp_init                                 0x08015fe7   Thumb Code    10  fpinit.o(x$fpl$fpinit)
    __fplib_config_fpu_vfp                   0x08015fef   Thumb Code     0  fpinit.o(x$fpl$fpinit)
    __fplib_config_pureend_doubles           0x08015fef   Thumb Code     0  fpinit.o(x$fpl$fpinit)
    __fpl_fretinf                            0x08015ff1   Thumb Code    10  fretinf.o(x$fpl$fretinf)
    _printf_fp_dec                           0x08015ffb   Thumb Code     4  printf1.o(x$fpl$printf1)
    _printf_fp_hex                           0x08015fff   Thumb Code     4  printf2.o(x$fpl$printf2)
    __fpl_return_NaN                         0x08016003   Thumb Code   100  retnan.o(x$fpl$retnan)
    __ARM_scalbn                             0x08016067   Thumb Code    92  scalbn.o(x$fpl$scalbn)
    _scanf_real                              0x080160c3   Thumb Code     4  scanf1.o(x$fpl$scanf1)
    _scanf_hex_real                          0x080160c7   Thumb Code     4  scanf2.o(x$fpl$scanf2)
    _scanf_infnan                            0x080160cb   Thumb Code     4  scanf2.o(x$fpl$scanf2)
    __fpl_cmpreturn                          0x080160cf   Thumb Code    48  trapv.o(x$fpl$trapveneer)
    CRC8_INIT                                0x080160fe   Data           1  judgement.o(.constdata)
    __I$use$fp                               0x080160fe   Number         0  usenofp.o(x$fpl$usenofp)
    CRC8_TAB                                 0x080160ff   Data         256  judgement.o(.constdata)
    wCRC_Table                               0x08016200   Data         512  judgement.o(.constdata)
    reg                                      0x08016400   Data          27  inv_mpu.o(.constdata)
    hw                                       0x0801641c   Data          12  inv_mpu.o(.constdata)
    test                                     0x08016428   Data          40  inv_mpu.o(.constdata)
    __mathlib_zero                           0x08017178   Data           8  qnan.o(.constdata)
    Region$$Table$$Base                      0x0801723c   Number         0  anon$$obj.o(Region$$Table)
    Region$$Table$$Limit                     0x0801725c   Number         0  anon$$obj.o(Region$$Table)
    __aeabi_HUGE_VAL                         0x0801725c   Data           0  fpconst.o(c$$dinf)
    __aeabi_HUGE_VALL                        0x0801725c   Data           0  fpconst.o(c$$dinf)
    __aeabi_INFINITY                         0x0801725c   Data           0  fpconst.o(c$$dinf)
    __dInf                                   0x0801725c   Data           0  fpconst.o(c$$dinf)
    __huge_val                               0x0801725c   Data           0  fpconst.o(c$$dinf)
    __ctype                                  0x0801728d   Data           0  lc_ctype_c.o(locale$$data)
    sysTickUptime                            0x20000000   Data           4  stm32f4xx_it.o(.data)
    MOTORS_ALL_READY                         0x20000008   Data           1  system.o(.data)
    fb_ramp                                  0x20000034   Data          28  ramp.o(.data)
    lr_ramp                                  0x20000050   Data          28  ramp.o(.data)
    ld_run_ramp                              0x2000006c   Data          28  ramp.o(.data)
    ld_off_ramp                              0x20000088   Data          28  ramp.o(.data)
    rd_run_ramp                              0x200000a4   Data          28  ramp.o(.data)
    rd_off_ramp                              0x200000c0   Data          28  ramp.o(.data)
    reset_lifter_spd_ramp                    0x200000dc   Data          28  ramp.o(.data)
    reset_bomb_claw_spd_ramp                 0x200000f8   Data          28  ramp.o(.data)
    reset_trailer_spd_ramp                   0x20000114   Data          28  ramp.o(.data)
    landing_angle_ramp                       0x20000130   Data          28  ramp.o(.data)
    turn_around_ramp                         0x2000014c   Data          28  ramp.o(.data)
    turn_left_ramp                           0x20000168   Data          28  ramp.o(.data)
    turn_right_ramp                          0x20000184   Data          28  ramp.o(.data)
    spin_brake_ramp                          0x200001a0   Data          28  ramp.o(.data)
    flag_mirror_CCTV                         0x200001bc   Data           1  relay.o(.data)
    flag_bomb_claw_CCTV_switch               0x200001bd   Data           1  relay.o(.data)
    flag_watch_CCTV                          0x200001be   Data           1  servo.o(.data)
    USART6_RX_updated                        0x200001bf   Data           1  ano_tc.o(.data)
    USART6_RX_buf_LENTH                      0x200001c0   Data           1  ano_tc.o(.data)
    roboremo_power                           0x200001c1   Data           8  roboremo.o(.data)
    USART3_RX_updated                        0x200001c9   Data           1  roboremo.o(.data)
    USART3_RX_buf_LENTH                      0x200001ca   Data           1  roboremo.o(.data)
    mode                                     0x200001cb   Data           1  roboremo.o(.data)
    RC_connect                               0x200001cc   Data           1  rc.o(.data)
    RC_IS_READY                              0x200001cd   Data           1  rc.o(.data)
    speed_dbg                                0x200001d4   Data           2  chassis.o(.data)
    section_dbg                              0x200001d6   Data           2  chassis.o(.data)
    from_lifter_zero                         0x200001f2   Data           1  lifter.o(.data)
    from_lifter_bomb_entire                  0x200001f3   Data           1  lifter.o(.data)
    flag_lifter_zero                         0x200001f4   Data           1  lifter.o(.data)
    flag_lifter_tube_entire                  0x200001f5   Data           1  lifter.o(.data)
    flag_lifter_tube_bit                     0x200001f6   Data           1  lifter.o(.data)
    flag_lifter_bomb_entire                  0x200001f7   Data           1  lifter.o(.data)
    flag_lifter_bomb_bit                     0x200001f8   Data           1  lifter.o(.data)
    flag_lifter_feed_entire                  0x200001f9   Data           1  lifter.o(.data)
    UART4_Data_Update                        0x20000204   Data           1  vision.o(.data)
    uart4_sendheader                         0x20000205   Data           3  vision.o(.data)
    uart4_senddata                           0x20000208   Data           1  vision.o(.data)
    uart4_sendtail                           0x20000209   Data           2  vision.o(.data)
    uart4_datalength                         0x2000020c   Data           4  vision.o(.data)
    uart4_send_pack                          0x20000210   Data           6  vision.o(.data)
    p_dbg                                    0x20000218   Data           4  vision.o(.data)
    i_dbg                                    0x2000021c   Data           4  vision.o(.data)
    d_dbg                                    0x20000220   Data           4  vision.o(.data)
    ref_dbg                                  0x20000224   Data           2  vision.o(.data)
    system_mode                              0x20000226   Data           1  modeswitch.o(.data)
    JudgementDataLength                      0x20000228   Data           1  judgement.o(.data)
    clientHero                               0x2000022a   Data           2  judgement.o(.data)
    clientEngineer                           0x2000022c   Data           2  judgement.o(.data)
    clientInfantry3                          0x2000022e   Data           2  judgement.o(.data)
    clientInfantry4                          0x20000230   Data           2  judgement.o(.data)
    clientInfantry5                          0x20000232   Data           2  judgement.o(.data)
    clientPlane                              0x20000234   Data           2  judgement.o(.data)
    Hero                                     0x20000236   Data           2  judgement.o(.data)
    Engineer                                 0x20000238   Data           2  judgement.o(.data)
    Infantry3                                0x2000023a   Data           2  judgement.o(.data)
    Infantry4                                0x2000023c   Data           2  judgement.o(.data)
    Infantry5                                0x2000023e   Data           2  judgement.o(.data)
    Plane                                    0x20000240   Data           2  judgement.o(.data)
    Sentry                                   0x20000242   Data           2  judgement.o(.data)
    FrameHeader                              0x20000244   Data           5  judgement.o(.data)
    GameStateData                            0x20000249   Data           3  judgement.o(.data)
    GameResultData                           0x2000024c   Data           1  judgement.o(.data)
    RobotSurvivorsData                       0x2000024d   Data           2  judgement.o(.data)
    EventData                                0x2000024f   Data           4  judgement.o(.data)
    SupplyActionData                         0x20000253   Data           4  judgement.o(.data)
    SupplyBookData                           0x20000257   Data           3  judgement.o(.data)
    BuffMuskData                             0x2000025a   Data           1  judgement.o(.data)
    PlaneEnergyData                          0x2000025b   Data           2  judgement.o(.data)
    HurtData                                 0x2000025d   Data           1  judgement.o(.data)
    ShootData                                0x2000025e   Data           6  judgement.o(.data)
    Color                                    0x20000264   Data           1  judgement.o(.data)
    CRC_INIT                                 0x20000266   Data           2  judgement.o(.data)
    global_task                              0x2000026e   Data           4  keyboard.o(.data)
    flag_turn_around                         0x20000272   Data           1  keyboard.o(.data)
    flag_turn_left                           0x20000273   Data           1  keyboard.o(.data)
    flag_turn_right                          0x20000274   Data           1  keyboard.o(.data)
    flag_spin_around                         0x20000275   Data           1  keyboard.o(.data)
    flag_gyro_blow_up                        0x20000276   Data           1  keyboard.o(.data)
    flag_tube_claw_catch                     0x20000277   Data           1  keyboard.o(.data)
    flag_tube_claw_vision                    0x20000278   Data           1  keyboard.o(.data)
    flag_bomb_claw_catch                     0x20000279   Data           1  keyboard.o(.data)
    flag_bomb_claw_roll                      0x2000027a   Data           1  keyboard.o(.data)
    flag_bomb_claw_push                      0x2000027b   Data           1  keyboard.o(.data)
    flag_bomb_claw_triple                    0x2000027c   Data           1  keyboard.o(.data)
    flag_bomb_claw_penta                     0x2000027d   Data           1  keyboard.o(.data)
    flag_bomb_claw_vision                    0x2000027e   Data           1  keyboard.o(.data)
    flag_bomb_claw_scan                      0x2000027f   Data           1  keyboard.o(.data)
    flag_bomb_claw_CCTV                      0x20000280   Data           1  keyboard.o(.data)
    flag_get_bomb                            0x20000281   Data           1  keyboard.o(.data)
    get_bomb_clear_record                    0x20000282   Data           1  keyboard.o(.data)
    flag_electromagnet                       0x20000283   Data           1  keyboard.o(.data)
    flag_trailer_hook                        0x20000284   Data           1  keyboard.o(.data)
    flag_rescue_sight                        0x20000285   Data           1  keyboard.o(.data)
    flag_rescue                              0x20000286   Data           1  keyboard.o(.data)
    rescue_lock                              0x20000287   Data           1  keyboard.o(.data)
    flag_magazine_exit                       0x20000288   Data           1  keyboard.o(.data)
    flag_magazine_lifter                     0x20000289   Data           1  keyboard.o(.data)
    flag_feed_bomb_vision                    0x2000028a   Data           1  keyboard.o(.data)
    flag_feed_bomb_sight                     0x2000028b   Data           1  keyboard.o(.data)
    flag_feed_bomb                           0x2000028c   Data           1  keyboard.o(.data)
    flag_get_bomb_init                       0x200002a3   Data           1  get_bomb.o(.data)
    flag_push_aim_single_init                0x200002a4   Data           1  get_bomb.o(.data)
    flag_push_aim_multiple_init              0x200002a5   Data           1  get_bomb.o(.data)
    flag_push_aim_scan_init                  0x200002a6   Data           1  get_bomb.o(.data)
    flag_scan_safe_delay                     0x200002a7   Data           1  get_bomb.o(.data)
    flag_eject_push_Time_record              0x200002a8   Data           1  get_bomb.o(.data)
    flag_bomb_claw_record                    0x200002a9   Data           1  get_bomb.o(.data)
    feed_bomb                                0x200002ab   Data           8  feed_bomb.o(.data)
    SystemCoreClock                          0x200002c4   Data           4  system_stm32f4xx.o(.data)
    AHBPrescTable                            0x200002c8   Data          16  system_stm32f4xx.o(.data)
    mpu_buff                                 0x200002d8   Data           8  mpu6050_driver.o(.data)
    gx_sum                                   0x200002e0   Data           4  mpu6050_driver.o(.data)
    gy_sum                                   0x200002e4   Data           4  mpu6050_driver.o(.data)
    gz_sum                                   0x200002e8   Data           4  mpu6050_driver.o(.data)
    Temperature_Value                        0x20000324   Data           2  mpu_temperature.o(.data)
    TEMP_Error                               0x20000328   Data           4  mpu_temperature.o(.data)
    TEMP_Last_Error                          0x2000032c   Data           4  mpu_temperature.o(.data)
    TEMP_Pterm                               0x20000330   Data           4  mpu_temperature.o(.data)
    TEMP_Iterm                               0x20000334   Data           4  mpu_temperature.o(.data)
    TEMP_Dterm                               0x20000338   Data           4  mpu_temperature.o(.data)
    TEMP_PIDterm                             0x2000033c   Data           4  mpu_temperature.o(.data)
    TEMP_P                                   0x20000340   Data           4  mpu_temperature.o(.data)
    TEMP_I                                   0x20000344   Data           4  mpu_temperature.o(.data)
    TEMP_D                                   0x20000348   Data           4  mpu_temperature.o(.data)
    Overflow_check                           0x2000034c   Data          12  system.o(.bss)
    pid_imu_tmp                              0x20000358   Data          56  pidckz.o(.bss)
    pid_wheel_speed                          0x20000390   Data         224  pidckz.o(.bss)
    pid_chassis_angle                        0x20000470   Data          56  pidckz.o(.bss)
    pid_chassis_speed                        0x200004a8   Data          56  pidckz.o(.bss)
    pid_vision_chassis_vy                    0x200004e0   Data          56  pidckz.o(.bss)
    pid_fric_speed                           0x20000518   Data          56  pidckz.o(.bss)
    pid_fric_position                        0x20000550   Data          56  pidckz.o(.bss)
    pid_trailer_speed                        0x20000588   Data          56  pidckz.o(.bss)
    pid_trailer_position                     0x200005c0   Data          56  pidckz.o(.bss)
    pid_lifter_speed                         0x200005f8   Data         112  pidckz.o(.bss)
    pid_lifter_position                      0x20000668   Data         112  pidckz.o(.bss)
    pid_bomb_claw_speed                      0x200006d8   Data         224  pidckz.o(.bss)
    pid_bomb_claw_position                   0x200007b8   Data         224  pidckz.o(.bss)
    Motor_chassis                            0x20000898   Data          16  can1.o(.bss)
    CAN1_RxMessage                           0x200008a8   Data          20  can1.o(.bss)
    CAN1_TxMessage                           0x200008bc   Data          20  can1.o(.bss)
    CAN1_motor_check                         0x200008d0   Data          28  can1.o(.bss)
    CAN2_RxMessage                           0x200008ec   Data          20  can2.o(.bss)
    CAN2_TxMessage                           0x20000900   Data          20  can2.o(.bss)
    CAN2_motor_check                         0x20000914   Data          20  can2.o(.bss)
    USART6_RX_buf                            0x20000928   Data         128  ano_tc.o(.bss)
    USART6_TX_buf                            0x200009a8   Data         128  ano_tc.o(.bss)
    roboremo_pid                             0x20000a28   Data          24  roboremo.o(.bss)
    USART3_RX_buf                            0x20000a40   Data         128  roboremo.o(.bss)
    USART3_TX_buf                            0x20000ac0   Data         128  roboremo.o(.bss)
    RC_Ctl                                   0x20000b7c   Data          22  rc.o(.bss)
    rc                                       0x20000b94   Data          16  remote_ctrl.o(.bss)
    chassis                                  0x20000ba4   Data         108  chassis.o(.bss)
    optic_switch                             0x20000c10   Data          40  omron.o(.bss)
    assist_wheel                             0x20000c38   Data          33  assist_wheel.o(.bss)
    ducted                                   0x20000c59   Data           9  dutched.o(.bss)
    lifter                                   0x20000c64   Data         204  lifter.o(.bss)
    bomb_claw                                0x20000d30   Data         336  bomb_claw.o(.bss)
    trailer                                  0x20000e80   Data          61  trailer.o(.bss)
    uart4_rx_buffer                          0x20000ebd   Data         100  vision.o(.bss)
    uart4_recvdata                           0x20000f21   Data          10  vision.o(.bss)
    vision                                   0x20000f2b   Data          21  vision.o(.bss)
    JudgementRxBuffer                        0x20000f40   Data         200  judgement.o(.bss)
    ClientTxBuffer                           0x20001008   Data         200  judgement.o(.bss)
    TeammateTxBuffer                         0x200010d0   Data         200  judgement.o(.bss)
    RobotStateData                           0x20001198   Data          15  judgement.o(.bss)
    PowerHeatData                            0x200011a7   Data          14  judgement.o(.bss)
    RobotPositionData                        0x200011b5   Data          16  judgement.o(.bss)
    TeammateData                             0x200011c5   Data          16  judgement.o(.bss)
    SendClient                               0x200011d5   Data          28  judgement.o(.bss)
    CommuData                                0x200011f1   Data          25  judgement.o(.bss)
    data_for_client                          0x2000120a   Data          24  judgement.o(.bss)
    kb                                       0x20001222   Data          24  keyboard.o(.bss)
    check                                    0x2000123a   Data          16  sys_check.o(.bss)
    get_bomb                                 0x2000124a   Data          43  get_bomb.o(.bss)
    climb_tube                               0x20001278   Data          36  climb_tube.o(.bss)
    rescue                                   0x2000129c   Data          14  rescue.o(.bss)
    mpu_data                                 0x200012ac   Data          12  mpu6050_driver.o(.bss)
    imu                                      0x200012b8   Data          36  mpu6050_driver.o(.bss)
    __libspace_start                         0x200012ec   Data          96  libspace.o(.bss)
    __temporary_stack_top$libspace           0x2000134c   Data           0  libspace.o(.bss)



==============================================================================

Memory Map of the image

  Image Entry point : 0x08000189

  Load Region LR_IROM1 (Base: 0x08000000, Size: 0x000176dc, Max: 0x00080000, ABSOLUTE, COMPRESSED[0x000173e8])

    Execution Region ER_IROM1 (Base: 0x08000000, Size: 0x00017390, Max: 0x00080000, ABSOLUTE)

    Base Addr    Size         Type   Attr      Idx    E Section Name        Object

    0x08000000   0x00000188   Data   RO         1162    RESET               startup_stm32f40xx.o
    0x08000188   0x00000008   Code   RO         1569  * !!!main             c_w.l(__main.o)
    0x08000190   0x00000034   Code   RO         2144    !!!scatter          c_w.l(__scatter.o)
    0x080001c4   0x0000005a   Code   RO         2142    !!dczerorl2         c_w.l(__dczerorl2.o)
    0x0800021e   0x00000002   PAD
    0x08000220   0x0000001c   Code   RO         2146    !!handler_zi        c_w.l(__scatter_zi.o)
    0x0800023c   0x00000000   Code   RO         1758    .ARM.Collect$$_printf_percent$$00000000  c_w.l(_printf_percent.o)
    0x0800023c   0x00000006   Code   RO         1747    .ARM.Collect$$_printf_percent$$00000001  c_w.l(_printf_n.o)
    0x08000242   0x00000006   Code   RO         1749    .ARM.Collect$$_printf_percent$$00000002  c_w.l(_printf_p.o)
    0x08000248   0x00000006   Code   RO         1754    .ARM.Collect$$_printf_percent$$00000003  c_w.l(_printf_f.o)
    0x0800024e   0x00000006   Code   RO         1755    .ARM.Collect$$_printf_percent$$00000004  c_w.l(_printf_e.o)
    0x08000254   0x00000006   Code   RO         1756    .ARM.Collect$$_printf_percent$$00000005  c_w.l(_printf_g.o)
    0x0800025a   0x00000006   Code   RO         1757    .ARM.Collect$$_printf_percent$$00000006  c_w.l(_printf_a.o)
    0x08000260   0x0000000a   Code   RO         1762    .ARM.Collect$$_printf_percent$$00000007  c_w.l(_printf_ll.o)
    0x0800026a   0x00000006   Code   RO         1751    .ARM.Collect$$_printf_percent$$00000008  c_w.l(_printf_i.o)
    0x08000270   0x00000006   Code   RO         1752    .ARM.Collect$$_printf_percent$$00000009  c_w.l(_printf_d.o)
    0x08000276   0x00000006   Code   RO         1753    .ARM.Collect$$_printf_percent$$0000000A  c_w.l(_printf_u.o)
    0x0800027c   0x00000006   Code   RO         1750    .ARM.Collect$$_printf_percent$$0000000B  c_w.l(_printf_o.o)
    0x08000282   0x00000006   Code   RO         1748    .ARM.Collect$$_printf_percent$$0000000C  c_w.l(_printf_x.o)
    0x08000288   0x00000006   Code   RO         1759    .ARM.Collect$$_printf_percent$$0000000D  c_w.l(_printf_lli.o)
    0x0800028e   0x00000006   Code   RO         1760    .ARM.Collect$$_printf_percent$$0000000E  c_w.l(_printf_lld.o)
    0x08000294   0x00000006   Code   RO         1761    .ARM.Collect$$_printf_percent$$0000000F  c_w.l(_printf_llu.o)
    0x0800029a   0x00000006   Code   RO         1766    .ARM.Collect$$_printf_percent$$00000010  c_w.l(_printf_llo.o)
    0x080002a0   0x00000006   Code   RO         1767    .ARM.Collect$$_printf_percent$$00000011  c_w.l(_printf_llx.o)
    0x080002a6   0x0000000a   Code   RO         1763    .ARM.Collect$$_printf_percent$$00000012  c_w.l(_printf_l.o)
    0x080002b0   0x00000006   Code   RO         1745    .ARM.Collect$$_printf_percent$$00000013  c_w.l(_printf_c.o)
    0x080002b6   0x00000006   Code   RO         1746    .ARM.Collect$$_printf_percent$$00000014  c_w.l(_printf_s.o)
    0x080002bc   0x00000006   Code   RO         1764    .ARM.Collect$$_printf_percent$$00000015  c_w.l(_printf_lc.o)
    0x080002c2   0x00000006   Code   RO         1765    .ARM.Collect$$_printf_percent$$00000016  c_w.l(_printf_ls.o)
    0x080002c8   0x00000004   Code   RO         1929    .ARM.Collect$$_printf_percent$$00000017  c_w.l(_printf_percent_end.o)
    0x080002cc   0x00000002   Code   RO         2016    .ARM.Collect$$libinit$$00000000  c_w.l(libinit.o)
    0x080002ce   0x00000004   Code   RO         1774    .ARM.Collect$$libinit$$00000001  c_w.l(libinit2.o)
    0x080002d2   0x00000000   Code   RO         1777    .ARM.Collect$$libinit$$00000004  c_w.l(libinit2.o)
    0x080002d2   0x00000008   Code   RO         1778    .ARM.Collect$$libinit$$00000005  c_w.l(libinit2.o)
    0x080002da   0x00000000   Code   RO         1780    .ARM.Collect$$libinit$$0000000A  c_w.l(libinit2.o)
    0x080002da   0x00000000   Code   RO         1782    .ARM.Collect$$libinit$$0000000C  c_w.l(libinit2.o)
    0x080002da   0x00000000   Code   RO         1784    .ARM.Collect$$libinit$$0000000E  c_w.l(libinit2.o)
    0x080002da   0x00000006   Code   RO         1785    .ARM.Collect$$libinit$$0000000F  c_w.l(libinit2.o)
    0x080002e0   0x00000000   Code   RO         1787    .ARM.Collect$$libinit$$00000011  c_w.l(libinit2.o)
    0x080002e0   0x0000000c   Code   RO         1788    .ARM.Collect$$libinit$$00000012  c_w.l(libinit2.o)
    0x080002ec   0x00000000   Code   RO         1789    .ARM.Collect$$libinit$$00000013  c_w.l(libinit2.o)
    0x080002ec   0x00000000   Code   RO         1791    .ARM.Collect$$libinit$$00000015  c_w.l(libinit2.o)
    0x080002ec   0x0000000a   Code   RO         1792    .ARM.Collect$$libinit$$00000016  c_w.l(libinit2.o)
    0x080002f6   0x00000000   Code   RO         1793    .ARM.Collect$$libinit$$00000017  c_w.l(libinit2.o)
    0x080002f6   0x00000000   Code   RO         1795    .ARM.Collect$$libinit$$00000019  c_w.l(libinit2.o)
    0x080002f6   0x00000000   Code   RO         1797    .ARM.Collect$$libinit$$0000001B  c_w.l(libinit2.o)
    0x080002f6   0x00000000   Code   RO         1799    .ARM.Collect$$libinit$$0000001D  c_w.l(libinit2.o)
    0x080002f6   0x00000000   Code   RO         1801    .ARM.Collect$$libinit$$0000001F  c_w.l(libinit2.o)
    0x080002f6   0x00000000   Code   RO         1803    .ARM.Collect$$libinit$$00000021  c_w.l(libinit2.o)
    0x080002f6   0x00000000   Code   RO         1805    .ARM.Collect$$libinit$$00000023  c_w.l(libinit2.o)
    0x080002f6   0x00000000   Code   RO         1807    .ARM.Collect$$libinit$$00000025  c_w.l(libinit2.o)
    0x080002f6   0x00000000   Code   RO         1811    .ARM.Collect$$libinit$$0000002C  c_w.l(libinit2.o)
    0x080002f6   0x00000000   Code   RO         1813    .ARM.Collect$$libinit$$0000002E  c_w.l(libinit2.o)
    0x080002f6   0x00000000   Code   RO         1815    .ARM.Collect$$libinit$$00000030  c_w.l(libinit2.o)
    0x080002f6   0x00000000   Code   RO         1817    .ARM.Collect$$libinit$$00000032  c_w.l(libinit2.o)
    0x080002f6   0x00000002   Code   RO         1818    .ARM.Collect$$libinit$$00000033  c_w.l(libinit2.o)
    0x080002f8   0x00000002   Code   RO         2115    .ARM.Collect$$libshutdown$$00000000  c_w.l(libshutdown.o)
    0x080002fa   0x00000000   Code   RO         2040    .ARM.Collect$$libshutdown$$00000003  c_w.l(libshutdown2.o)
    0x080002fa   0x00000000   Code   RO         2043    .ARM.Collect$$libshutdown$$00000006  c_w.l(libshutdown2.o)
    0x080002fa   0x00000000   Code   RO         2046    .ARM.Collect$$libshutdown$$00000009  c_w.l(libshutdown2.o)
    0x080002fa   0x00000000   Code   RO         2048    .ARM.Collect$$libshutdown$$0000000B  c_w.l(libshutdown2.o)
    0x080002fa   0x00000000   Code   RO         2051    .ARM.Collect$$libshutdown$$0000000E  c_w.l(libshutdown2.o)
    0x080002fa   0x00000002   Code   RO         2052    .ARM.Collect$$libshutdown$$0000000F  c_w.l(libshutdown2.o)
    0x080002fc   0x00000000   Code   RO         1647    .ARM.Collect$$rtentry$$00000000  c_w.l(__rtentry.o)
    0x080002fc   0x00000000   Code   RO         1881    .ARM.Collect$$rtentry$$00000002  c_w.l(__rtentry2.o)
    0x080002fc   0x00000006   Code   RO         1893    .ARM.Collect$$rtentry$$00000004  c_w.l(__rtentry4.o)
    0x08000302   0x00000000   Code   RO         1883    .ARM.Collect$$rtentry$$00000009  c_w.l(__rtentry2.o)
    0x08000302   0x00000004   Code   RO         1884    .ARM.Collect$$rtentry$$0000000A  c_w.l(__rtentry2.o)
    0x08000306   0x00000000   Code   RO         1886    .ARM.Collect$$rtentry$$0000000C  c_w.l(__rtentry2.o)
    0x08000306   0x00000008   Code   RO         1887    .ARM.Collect$$rtentry$$0000000D  c_w.l(__rtentry2.o)
    0x0800030e   0x00000002   Code   RO         2021    .ARM.Collect$$rtexit$$00000000  c_w.l(rtexit.o)
    0x08000310   0x00000000   Code   RO         2073    .ARM.Collect$$rtexit$$00000002  c_w.l(rtexit2.o)
    0x08000310   0x00000004   Code   RO         2074    .ARM.Collect$$rtexit$$00000003  c_w.l(rtexit2.o)
    0x08000314   0x00000006   Code   RO         2075    .ARM.Collect$$rtexit$$00000004  c_w.l(rtexit2.o)
    0x0800031a   0x00000002   PAD
    0x0800031c   0x00000000   Code   RO         1906    .emb_text           c_w.l(maybetermalloc1.o)
    0x0800031c   0x0000000c   Code   RO            3    .text               main.o
    0x08000328   0x00000028   Code   RO          246    .text               stm32f4xx_it.o
    0x08000350   0x000003c4   Code   RO          269    .text               system.o
    0x08000714   0x0000017c   Code   RO          301    .text               pidckz.o
    0x08000890   0x00000138   Code   RO          327    .text               ramp.o
    0x080009c8   0x00000160   Code   RO          353    .text               my_math.o
    0x08000b28   0x00000328   Code   RO          373    .text               can1.o
    0x08000e50   0x000002e0   Code   RO          399    .text               can2.o
    0x08001130   0x000001a0   Code   RO          423    .text               led.o
    0x080012d0   0x00000224   Code   RO          443    .text               relay.o
    0x080014f4   0x00000100   Code   RO          469    .text               servo.o
    0x080015f4   0x00000022   Code   RO          495    .text               nvic.o
    0x08001616   0x00000002   PAD
    0x08001618   0x000003b8   Code   RO          515    .text               ano_tc.o
    0x080019d0   0x000004e4   Code   RO          539    .text               roboremo.o
    0x08001eb4   0x00000348   Code   RO          573    .text               rc.o
    0x080021fc   0x000000e8   Code   RO          608    .text               remote_ctrl.o
    0x080022e4   0x000010c0   Code   RO          634    .text               chassis.o
    0x080033a4   0x00000140   Code   RO          661    .text               omron.o
    0x080034e4   0x00000254   Code   RO          687    .text               assist_wheel.o
    0x08003738   0x000002e0   Code   RO          714    .text               dutched.o
    0x08003a18   0x00000b40   Code   RO          740    .text               lifter.o
    0x08004558   0x000015d0   Code   RO          767    .text               bomb_claw.o
    0x08005b28   0x000004ac   Code   RO          793    .text               trailer.o
    0x08005fd4   0x000005fc   Code   RO          820    .text               vision.o
    0x080065d0   0x000001a0   Code   RO          847    .text               modeswitch.o
    0x08006770   0x00000c54   Code   RO          873    .text               judgement.o
    0x080073c4   0x000017d0   Code   RO          901    .text               keyboard.o
    0x08008b94   0x00000794   Code   RO          928    .text               sys_check.o
    0x08009328   0x00001458   Code   RO          954    .text               get_bomb.o
    0x0800a780   0x00000d50   Code   RO          981    .text               climb_tube.o
    0x0800b4d0   0x00000230   Code   RO         1008    .text               feed_bomb.o
    0x0800b700   0x00000200   Code   RO         1034    .text               rescue.o
    0x0800b900   0x000000e0   Code   RO         1060    .text               misc.o
    0x0800b9e0   0x00000294   Code   RO         1080    .text               stm32f4xx_gpio.o
    0x0800bc74   0x00000634   Code   RO         1100    .text               stm32f4xx_rcc.o
    0x0800c2a8   0x00000ca2   Code   RO         1122    .text               stm32f4xx_tim.o
    0x0800cf4a   0x00000002   PAD
    0x0800cf4c   0x00000454   Code   RO         1142    .text               stm32f4xx_usart.o
    0x0800d3a0   0x00000040   Code   RO         1163    .text               startup_stm32f40xx.o
    0x0800d3e0   0x00000210   Code   RO         1169    .text               system_stm32f4xx.o
    0x0800d5f0   0x000009f0   Code   RO         1195    .text               stm32f4xx_can.o
    0x0800dfe0   0x000003a8   Code   RO         1215    .text               stm32f4xx_dma.o
    0x0800e388   0x00000064   Code   RO         1335    .text               stm32f4xx_dbgmcu.o
    0x0800e3ec   0x00000424   Code   RO         1355    .text               mpu6050_driver.o
    0x0800e810   0x00000258   Code   RO         1382    .text               mpu6050_iic.o
    0x0800ea68   0x00002244   Code   RO         1402    .text               inv_mpu.o
    0x08010cac   0x00000d90   Code   RO         1436    .text               inv_mpu_dmp_motion_driver.o
    0x08011a3c   0x000002bc   Code   RO         1465    .text               mpu_temperature.o
    0x08011cf8   0x0000005e   Code   RO         1495    .text               c_w.l(h1_alloc.o)
    0x08011d56   0x0000004e   Code   RO         1497    .text               c_w.l(h1_free.o)
    0x08011da4   0x00000048   Code   RO         1553    .text               c_w.l(llsdiv.o)
    0x08011dec   0x00000024   Code   RO         1555    .text               c_w.l(vsprintf.o)
    0x08011e10   0x00000058   Code   RO         1557    .text               c_w.l(memcmp.o)
    0x08011e68   0x0000008a   Code   RO         1559    .text               c_w.l(rt_memcpy_v6.o)
    0x08011ef2   0x00000010   Code   RO         1561    .text               c_w.l(aeabi_memset.o)
    0x08011f02   0x00000044   Code   RO         1563    .text               c_w.l(rt_memclr.o)
    0x08011f46   0x0000004e   Code   RO         1565    .text               c_w.l(rt_memclr_w.o)
    0x08011f94   0x00000006   Code   RO         1567    .text               c_w.l(heapauxi.o)
    0x08011f9a   0x00000002   PAD
    0x08011f9c   0x00000008   Code   RO         1651    .text               c_w.l(rt_heap_descriptor_intlibspace.o)
    0x08011fa4   0x00000004   Code   RO         1653    .text               c_w.l(hguard.o)
    0x08011fa8   0x0000008a   Code   RO         1655    .text               c_w.l(init_alloc.o)
    0x08012032   0x0000000e   Code   RO         1659    .text               c_w.l(h1_init.o)
    0x08012040   0x000000ee   Code   RO         1673    .text               c_w.l(lludivv7m.o)
    0x0801212e   0x00000016   Code   RO         1675    .text               c_w.l(_rserrno.o)
    0x08012144   0x0000004e   Code   RO         1679    .text               c_w.l(_printf_pad.o)
    0x08012192   0x00000024   Code   RO         1681    .text               c_w.l(_printf_truncate.o)
    0x080121b6   0x00000052   Code   RO         1683    .text               c_w.l(_printf_str.o)
    0x08012208   0x00000078   Code   RO         1685    .text               c_w.l(_printf_dec.o)
    0x08012280   0x00000028   Code   RO         1687    .text               c_w.l(_printf_charcount.o)
    0x080122a8   0x00000030   Code   RO         1689    .text               c_w.l(_printf_char_common.o)
    0x080122d8   0x0000000a   Code   RO         1691    .text               c_w.l(_sputc.o)
    0x080122e2   0x00000002   PAD
    0x080122e4   0x000000bc   Code   RO         1693    .text               c_w.l(_printf_wctomb.o)
    0x080123a0   0x0000007c   Code   RO         1696    .text               c_w.l(_printf_longlong_dec.o)
    0x0801241c   0x00000070   Code   RO         1702    .text               c_w.l(_printf_oct_int_ll.o)
    0x0801248c   0x00000094   Code   RO         1722    .text               c_w.l(_printf_hex_int_ll_ptr.o)
    0x08012520   0x00000188   Code   RO         1742    .text               c_w.l(__printf_flags_ss_wp.o)
    0x080126a8   0x000000a0   Code   RO         1768    .text               c_w.l(strtod.o)
    0x08012748   0x00000064   Code   RO         1770    .text               c_w.l(rt_memcpy_w.o)
    0x080127ac   0x00000008   Code   RO         1877    .text               c_w.l(libspace.o)
    0x080127b4   0x00000008   Code   RO         1902    .text               c_w.l(rt_errno_addr_intlibspace.o)
    0x080127bc   0x00000034   Code   RO         1908    .text               c_w.l(h1_extend.o)
    0x080127f0   0x0000008a   Code   RO         1912    .text               c_w.l(lludiv10.o)
    0x0801287a   0x00000012   Code   RO         1914    .text               c_w.l(isspace.o)
    0x0801288c   0x000000b2   Code   RO         1916    .text               c_w.l(_printf_intcommon.o)
    0x0801293e   0x0000041a   Code   RO         1918    .text               c_w.l(_printf_fp_dec.o)
    0x08012d58   0x000002fc   Code   RO         1920    .text               c_w.l(_printf_fp_hex.o)
    0x08013054   0x0000002c   Code   RO         1925    .text               c_w.l(_printf_char.o)
    0x08013080   0x0000002c   Code   RO         1927    .text               c_w.l(_printf_wchar.o)
    0x080130ac   0x00000040   Code   RO         1930    .text               c_w.l(_sgetc.o)
    0x080130ec   0x00000040   Code   RO         1932    .text               c_w.l(_wcrtomb.o)
    0x0801312c   0x0000000e   Code   RO         1937    .text               c_w.l(defsig_rtmem_outer.o)
    0x0801313a   0x00000002   Code   RO         1952    .text               c_w.l(use_no_semi.o)
    0x0801313c   0x00000000   Code   RO         1954    .text               c_w.l(indicate_semi.o)
    0x0801313c   0x0000004a   Code   RO         1955    .text               c_w.l(sys_stackheap_outer.o)
    0x08013186   0x00000002   PAD
    0x08013188   0x00000010   Code   RO         1957    .text               c_w.l(rt_ctype_table.o)
    0x08013198   0x00000008   Code   RO         1966    .text               c_w.l(rt_locale_intlibspace.o)
    0x080131a0   0x00000080   Code   RO         1970    .text               c_w.l(_printf_fp_infnan.o)
    0x08013220   0x000004a4   Code   RO         1972    .text               c_w.l(scanf_fp.o)
    0x080136c4   0x000000dc   Code   RO         1974    .text               c_w.l(bigflt0.o)
    0x080137a0   0x0000000c   Code   RO         1999    .text               c_w.l(exit.o)
    0x080137ac   0x0000000a   Code   RO         2001    .text               c_w.l(defsig_exit.o)
    0x080137b6   0x00000002   PAD
    0x080137b8   0x00000050   Code   RO         2003    .text               c_w.l(defsig_rtmem_inner.o)
    0x08013808   0x00000080   Code   RO         2005    .text               c_w.l(strcmpv7m.o)
    0x08013888   0x0000000c   Code   RO         2019    .text               c_w.l(sys_exit.o)
    0x08013894   0x00000032   Code   RO         2032    .text               c_w.l(defsig_general.o)
    0x080138c6   0x0000000e   Code   RO         2070    .text               c_w.l(sys_wrch.o)
    0x080138d4   0x00000318   Code   RO         2079    .text               c_w.l(scanf_hexfp.o)
    0x08013bec   0x00000134   Code   RO         2081    .text               c_w.l(scanf_infnan.o)
    0x08013d20   0x00000026   Code   RO         2095    .text               c_w.l(llshl.o)
    0x08013d46   0x0000001c   Code   RO         2097    .text               c_w.l(_chval.o)
    0x08013d62   0x0000003e   Code   RO         1977    CL$$btod_d2e        c_w.l(btod.o)
    0x08013da0   0x00000046   Code   RO         1979    CL$$btod_d2e_denorm_low  c_w.l(btod.o)
    0x08013de6   0x00000060   Code   RO         1978    CL$$btod_d2e_norm_op1  c_w.l(btod.o)
    0x08013e46   0x00000338   Code   RO         1987    CL$$btod_div_common  c_w.l(btod.o)
    0x0801417e   0x00000002   PAD
    0x08014180   0x00000054   Code   RO         1985    CL$$btod_e2d        c_w.l(btod.o)
    0x080141d4   0x000000c6   Code   RO         1984    CL$$btod_e2e        c_w.l(btod.o)
    0x0801429a   0x00000028   Code   RO         1981    CL$$btod_ediv       c_w.l(btod.o)
    0x080142c2   0x00000028   Code   RO         1983    CL$$btod_edivd      c_w.l(btod.o)
    0x080142ea   0x00000028   Code   RO         1980    CL$$btod_emul       c_w.l(btod.o)
    0x08014312   0x00000028   Code   RO         1982    CL$$btod_emuld      c_w.l(btod.o)
    0x0801433a   0x00000244   Code   RO         1986    CL$$btod_mult_common  c_w.l(btod.o)
    0x0801457e   0x00000030   Code   RO         1870    i.__ARM_fpclassify  m_wm.l(fpclassify.o)
    0x080145ae   0x00000002   PAD
    0x080145b0   0x00000360   Code   RO         1595    i.__hardfp_asin     m_wm.l(asin.o)
    0x08014910   0x000002d8   Code   RO         1842    i.__hardfp_atan     m_wm.l(atan.o)
    0x08014be8   0x000001f0   Code   RO         1609    i.__hardfp_atan2    m_wm.l(atan2.o)
    0x08014dd8   0x00000038   Code   RO         1621    i.__hardfp_atof     m_wm.l(atof.o)
    0x08014e10   0x00000014   Code   RO         1627    i.__hardfp_fabs     m_wm.l(fabs.o)
    0x08014e24   0x00000004   PAD
    0x08014e28   0x000000d0   Code   RO         2116    i.__hardfp_ldexp    m_wm.l(ldexp.o)
    0x08014ef8   0x0000007a   Code   RO         1633    i.__hardfp_sqrt     m_wm.l(sqrt.o)
    0x08014f72   0x000000f8   Code   RO         1872    i.__kernel_poly     m_wm.l(poly.o)
    0x0801506a   0x00000014   Code   RO         1857    i.__mathlib_dbl_infnan  m_wm.l(dunder.o)
    0x0801507e   0x00000014   Code   RO         1858    i.__mathlib_dbl_infnan2  m_wm.l(dunder.o)
    0x08015092   0x00000006   PAD
    0x08015098   0x00000020   Code   RO         1859    i.__mathlib_dbl_invalid  m_wm.l(dunder.o)
    0x080150b8   0x00000020   Code   RO         1860    i.__mathlib_dbl_overflow  m_wm.l(dunder.o)
    0x080150d8   0x00000020   Code   RO         1862    i.__mathlib_dbl_underflow  m_wm.l(dunder.o)
    0x080150f8   0x000000b8   Code   RO         2063    i.__mathlib_narrow  m_wm.l(narrow.o)
    0x080151b0   0x00000014   Code   RO         2118    i.__support_ldexp   m_wm.l(ldexp.o)
    0x080151c4   0x0000000e   Code   RO         1735    i._is_digit         c_w.l(__printf_wp.o)
    0x080151d2   0x00000010   Code   RO         1844    i.atan              m_wm.l(atan.o)
    0x080151e2   0x00000018   Code   RO         1629    i.fabs              m_wm.l(fabs.o)
    0x080151fa   0x00000006   PAD
    0x08015200   0x0000008c   Code   RO         2091    i.frexp             m_wm.l(frexp.o)
    0x0801528c   0x0000006e   Code   RO         1635    i.sqrt              m_wm.l(sqrt.o)
    0x080152fa   0x00000002   PAD
    0x080152fc   0x0000002c   Code   RO         1935    locale$$code        c_w.l(lc_numeric_c.o)
    0x08015328   0x0000002c   Code   RO         2028    locale$$code        c_w.l(lc_ctype_c.o)
    0x08015354   0x00000018   Code   RO         1819    x$fpl$basic         fz_wm.l(basic.o)
    0x0801536c   0x00000062   Code   RO         1571    x$fpl$d2f           fz_wm.l(d2f.o)
    0x080153ce   0x00000002   PAD
    0x080153d0   0x00000150   Code   RO         1573    x$fpl$dadd          fz_wm.l(daddsub_clz.o)
    0x08015520   0x00000010   Code   RO         2134    x$fpl$dcheck1       fz_wm.l(dcheck1.o)
    0x08015530   0x00000018   Code   RO         1946    x$fpl$dcmpinf       fz_wm.l(dcmpi.o)
    0x08015548   0x000002b0   Code   RO         1580    x$fpl$ddiv          fz_wm.l(ddiv.o)
    0x080157f8   0x00000078   Code   RO         2087    x$fpl$deqf          fz_wm.l(deqf.o)
    0x08015870   0x0000002e   Code   RO         1584    x$fpl$dflt          fz_wm.l(dflt_clz.o)
    0x0801589e   0x00000002   PAD
    0x080158a0   0x00000078   Code   RO         1821    x$fpl$dleqf         fz_wm.l(dleqf.o)
    0x08015918   0x00000154   Code   RO         1589    x$fpl$dmul          fz_wm.l(dmul.o)
    0x08015a6c   0x0000009c   Code   RO         1823    x$fpl$dnaninf       fz_wm.l(dnaninf.o)
    0x08015b08   0x0000000c   Code   RO         1825    x$fpl$dretinf       fz_wm.l(dretinf.o)
    0x08015b14   0x0000006c   Code   RO         1591    x$fpl$drleqf        fz_wm.l(drleqf.o)
    0x08015b80   0x00000016   Code   RO         1574    x$fpl$drsb          fz_wm.l(daddsub_clz.o)
    0x08015b96   0x00000002   PAD
    0x08015b98   0x00000198   Code   RO         1827    x$fpl$dsqrt         fz_wm.l(dsqrt_umaal.o)
    0x08015d30   0x000001d4   Code   RO         1575    x$fpl$dsub          fz_wm.l(daddsub_clz.o)
    0x08015f04   0x00000056   Code   RO         1593    x$fpl$f2d           fz_wm.l(f2d.o)
    0x08015f5a   0x0000008c   Code   RO         1829    x$fpl$fnaninf       fz_wm.l(fnaninf.o)
    0x08015fe6   0x0000000a   Code   RO         1948    x$fpl$fpinit        fz_wm.l(fpinit.o)
    0x08015ff0   0x0000000a   Code   RO         1831    x$fpl$fretinf       fz_wm.l(fretinf.o)
    0x08015ffa   0x00000004   Code   RO         1833    x$fpl$printf1       fz_wm.l(printf1.o)
    0x08015ffe   0x00000004   Code   RO         1835    x$fpl$printf2       fz_wm.l(printf2.o)
    0x08016002   0x00000064   Code   RO         2136    x$fpl$retnan        fz_wm.l(retnan.o)
    0x08016066   0x0000005c   Code   RO         2132    x$fpl$scalbn        fz_wm.l(scalbn.o)
    0x080160c2   0x00000004   Code   RO         1950    x$fpl$scanf1        fz_wm.l(scanf1.o)
    0x080160c6   0x00000008   Code   RO         2056    x$fpl$scanf2        fz_wm.l(scanf2.o)
    0x080160ce   0x00000030   Code   RO         2138    x$fpl$trapveneer    fz_wm.l(trapv.o)
    0x080160fe   0x00000000   Code   RO         1841    x$fpl$usenofp       fz_wm.l(usenofp.o)
    0x080160fe   0x00000302   Data   RO          875    .constdata          judgement.o
    0x08016400   0x00000050   Data   RO         1403    .constdata          inv_mpu.o
    0x08016450   0x00000bf6   Data   RO         1438    .constdata          inv_mpu_dmp_motion_driver.o
    0x08017046   0x00000002   PAD
    0x08017048   0x00000050   Data   RO         1598    .constdata          m_wm.l(asin.o)
    0x08017098   0x00000008   Data   RO         1694    .constdata          c_w.l(_printf_wctomb.o)
    0x080170a0   0x00000028   Data   RO         1723    .constdata          c_w.l(_printf_hex_int_ll_ptr.o)
    0x080170c8   0x00000011   Data   RO         1743    .constdata          c_w.l(__printf_flags_ss_wp.o)
    0x080170d9   0x00000007   PAD
    0x080170e0   0x00000098   Data   RO         1845    .constdata          m_wm.l(atan.o)
    0x08017178   0x00000008   Data   RO         1874    .constdata          m_wm.l(qnan.o)
    0x08017180   0x00000026   Data   RO         1921    .constdata          c_w.l(_printf_fp_hex.o)
    0x080171a6   0x00000002   PAD
    0x080171a8   0x00000094   Data   RO         1975    .constdata          c_w.l(bigflt0.o)
    0x0801723c   0x00000020   Data   RO         2140    Region$$Table       anon$$obj.o
    0x0801725c   0x00000008   Data   RO         2053    c$$dinf             fz_wm.l(fpconst.o)
    0x08017264   0x0000001c   Data   RO         1934    locale$$data        c_w.l(lc_numeric_c.o)
    0x08017280   0x00000110   Data   RO         2027    locale$$data        c_w.l(lc_ctype_c.o)


    Execution Region RW_IRAM1 (Base: 0x20000000, Size: 0x00001950, Max: 0x00020000, ABSOLUTE, COMPRESSED[0x00000058])

    Base Addr    Size         Type   Attr      Idx    E Section Name        Object

    0x20000000   0x00000004   Data   RW          247    .data               stm32f4xx_it.o
    0x20000004   0x00000030   Data   RW          271    .data               system.o
    0x20000034   0x00000188   Data   RW          328    .data               ramp.o
    0x200001bc   0x00000002   Data   RW          444    .data               relay.o
    0x200001be   0x00000001   Data   RW          470    .data               servo.o
    0x200001bf   0x00000002   Data   RW          517    .data               ano_tc.o
    0x200001c1   0x0000000b   Data   RW          541    .data               roboremo.o
    0x200001cc   0x00000008   Data   RW          575    .data               rc.o
    0x200001d4   0x0000001c   Data   RW          636    .data               chassis.o
    0x200001f0   0x00000002   Data   RW          689    .data               assist_wheel.o
    0x200001f2   0x0000000e   Data   RW          742    .data               lifter.o
    0x20000200   0x00000002   Data   RW          795    .data               trailer.o
    0x20000202   0x00000002   PAD
    0x20000204   0x00000022   Data   RW          822    .data               vision.o
    0x20000226   0x00000002   Data   RW          848    .data               modeswitch.o
    0x20000228   0x00000046   Data   RW          876    .data               judgement.o
    0x2000026e   0x00000035   Data   RW          903    .data               keyboard.o
    0x200002a3   0x00000007   Data   RW          956    .data               get_bomb.o
    0x200002aa   0x00000001   Data   RW          983    .data               climb_tube.o
    0x200002ab   0x00000008   Data   RW         1009    .data               feed_bomb.o
    0x200002b3   0x00000010   Data   RW         1101    .data               stm32f4xx_rcc.o
    0x200002c3   0x00000001   PAD
    0x200002c4   0x00000014   Data   RW         1170    .data               system_stm32f4xx.o
    0x200002d8   0x00000014   Data   RW         1357    .data               mpu6050_driver.o
    0x200002ec   0x00000035   Data   RW         1404    .data               inv_mpu.o
    0x20000321   0x00000003   PAD
    0x20000324   0x00000028   Data   RW         1466    .data               mpu_temperature.o
    0x2000034c   0x0000000c   Zero   RW          270    .bss                system.o
    0x20000358   0x00000540   Zero   RW          302    .bss                pidckz.o
    0x20000898   0x00000054   Zero   RW          374    .bss                can1.o
    0x200008ec   0x0000003c   Zero   RW          400    .bss                can2.o
    0x20000928   0x00000100   Zero   RW          516    .bss                ano_tc.o
    0x20000a28   0x00000118   Zero   RW          540    .bss                roboremo.o
    0x20000b40   0x00000052   Zero   RW          574    .bss                rc.o
    0x20000b92   0x00000002   PAD
    0x20000b94   0x00000010   Zero   RW          609    .bss                remote_ctrl.o
    0x20000ba4   0x0000006c   Zero   RW          635    .bss                chassis.o
    0x20000c10   0x00000028   Zero   RW          662    .bss                omron.o
    0x20000c38   0x00000021   Zero   RW          688    .bss                assist_wheel.o
    0x20000c59   0x00000009   Zero   RW          715    .bss                dutched.o
    0x20000c62   0x00000002   PAD
    0x20000c64   0x000000cc   Zero   RW          741    .bss                lifter.o
    0x20000d30   0x00000150   Zero   RW          768    .bss                bomb_claw.o
    0x20000e80   0x0000003d   Zero   RW          794    .bss                trailer.o
    0x20000ebd   0x00000083   Zero   RW          821    .bss                vision.o
    0x20000f40   0x000002e2   Zero   RW          874    .bss                judgement.o
    0x20001222   0x00000018   Zero   RW          902    .bss                keyboard.o
    0x2000123a   0x00000010   Zero   RW          929    .bss                sys_check.o
    0x2000124a   0x0000002b   Zero   RW          955    .bss                get_bomb.o
    0x20001275   0x00000003   PAD
    0x20001278   0x00000024   Zero   RW          982    .bss                climb_tube.o
    0x2000129c   0x0000000e   Zero   RW         1035    .bss                rescue.o
    0x200012aa   0x00000002   PAD
    0x200012ac   0x00000030   Zero   RW         1356    .bss                mpu6050_driver.o
    0x200012dc   0x00000010   Zero   RW         1437    .bss                inv_mpu_dmp_motion_driver.o
    0x200012ec   0x00000060   Zero   RW         1878    .bss                c_w.l(libspace.o)
    0x2000134c   0x00000004   PAD
    0x20001350   0x00000200   Zero   RW         1161    HEAP                startup_stm32f40xx.o
    0x20001550   0x00000400   Zero   RW         1160    STACK               startup_stm32f40xx.o


==============================================================================

Image component sizes


      Code (inc. data)   RO Data    RW Data    ZI Data      Debug   Object Name

       952         38          0          2        256       2922   ano_tc.o
       596         50          0          2         33       2421   assist_wheel.o
      5584        120          0          0        336       6798   bomb_claw.o
       808         40          0          0         84       2438   can1.o
       736         34          0          0         60       2434   can2.o
      4288        394          0         28        108       6760   chassis.o
      3408        278          0          1         36       3841   climb_tube.o
       736         26          0          0          9       1930   dutched.o
       560         66          0          8          0       1750   feed_bomb.o
      5208        480          0          7         43       5841   get_bomb.o
      8772        122         80         53          0      23637   inv_mpu.o
      3472        142       3062          0         16      15143   inv_mpu_dmp_motion_driver.o
      3156        358        770         70        738      11661   judgement.o
      6096        556          0         53         24      15215   keyboard.o
       416         26          0          0          0        784   led.o
      2880        142          0         14        204       5778   lifter.o
        12          0          0          0          0     302195   main.o
       224         20          0          0          0       1885   misc.o
       416         60          0          2          0       1405   modeswitch.o
      1060         42          0         20         48       6218   mpu6050_driver.o
       600         12          0          0          0       1916   mpu6050_iic.o
       700         82          0         40          0       1954   mpu_temperature.o
       352          4          0          0          0       2437   my_math.o
        34          0          0          0          0        654   nvic.o
       320         14          0          0         40       1943   omron.o
       380          4          0          0       1344       3911   pidckz.o
       312          6          0        392          0       3460   ramp.o
       840         44          0          8         82      34495   rc.o
       548         60          0          2          0       1216   relay.o
       232         28          0          0         16       1159   remote_ctrl.o
       512         56          0          0         14       1945   rescue.o
      1252        120          0         11        280       4734   roboremo.o
       256         20          0          1          0        935   servo.o
        64         26        392          0       1536        876   startup_stm32f40xx.o
      2544         38          0          0          0       8040   stm32f4xx_can.o
       100          4          0          0          0       1368   stm32f4xx_dbgmcu.o
       936         32          0          0          0       6365   stm32f4xx_dma.o
       660         44          0          0          0       4165   stm32f4xx_gpio.o
        40          4          0          4          0       1906   stm32f4xx_it.o
      1588         52          0         16          0      12826   stm32f4xx_rcc.o
      3234         60          0          0          0      22368   stm32f4xx_tim.o
      1108         34          0          0          0       7864   stm32f4xx_usart.o
      1940        156          0          0         16       2797   sys_check.o
       964        108          0         48         12      29508   system.o
       528         46          0         20          0       1955   system_stm32f4xx.o
      1196         56          0          2         61       3114   trailer.o
      1532        164          0         34        131       4539   vision.o

    ----------------------------------------------------------------------
     72156       4268       4338        844       5536     589506   Object Totals
         0          0         32          0          0          0   (incl. Generated)
         4          0          2          6          9          0   (incl. Padding)

    ----------------------------------------------------------------------

      Code (inc. data)   RO Data    RW Data    ZI Data      Debug   Library Member Name

        90          0          0          0          0          0   __dczerorl2.o
         8          0          0          0          0         68   __main.o
       392          4         17          0          0         92   __printf_flags_ss_wp.o
        14          0          0          0          0         68   __printf_wp.o
         0          0          0          0          0          0   __rtentry.o
        12          0          0          0          0          0   __rtentry2.o
         6          0          0          0          0          0   __rtentry4.o
        52          8          0          0          0          0   __scatter.o
        28          0          0          0          0          0   __scatter_zi.o
        28          0          0          0          0         68   _chval.o
         6          0          0          0          0          0   _printf_a.o
         6          0          0          0          0          0   _printf_c.o
        44          0          0          0          0        108   _printf_char.o
        48          6          0          0          0         96   _printf_char_common.o
        40          0          0          0          0         68   _printf_charcount.o
         6          0          0          0          0          0   _printf_d.o
       120         16          0          0          0         92   _printf_dec.o
         6          0          0          0          0          0   _printf_e.o
         6          0          0          0          0          0   _printf_f.o
      1050          0          0          0          0        216   _printf_fp_dec.o
       764         10         38          0          0        100   _printf_fp_hex.o
       128         16          0          0          0         84   _printf_fp_infnan.o
         6          0          0          0          0          0   _printf_g.o
       148          4         40          0          0        160   _printf_hex_int_ll_ptr.o
         6          0          0          0          0          0   _printf_i.o
       178          0          0          0          0         88   _printf_intcommon.o
        10          0          0          0          0          0   _printf_l.o
         6          0          0          0          0          0   _printf_lc.o
        10          0          0          0          0          0   _printf_ll.o
         6          0          0          0          0          0   _printf_lld.o
         6          0          0          0          0          0   _printf_lli.o
         6          0          0          0          0          0   _printf_llo.o
         6          0          0          0          0          0   _printf_llu.o
         6          0          0          0          0          0   _printf_llx.o
       124         16          0          0          0         92   _printf_longlong_dec.o
         6          0          0          0          0          0   _printf_ls.o
         6          0          0          0          0          0   _printf_n.o
         6          0          0          0          0          0   _printf_o.o
       112          8          0          0          0        124   _printf_oct_int_ll.o
         6          0          0          0          0          0   _printf_p.o
        78          0          0          0          0        108   _printf_pad.o
         0          0          0          0          0          0   _printf_percent.o
         4          0          0          0          0          0   _printf_percent_end.o
         6          0          0          0          0          0   _printf_s.o
        82          0          0          0          0         80   _printf_str.o
        36          0          0          0          0         84   _printf_truncate.o
         6          0          0          0          0          0   _printf_u.o
        44          0          0          0          0        108   _printf_wchar.o
       188          6          8          0          0         92   _printf_wctomb.o
         6          0          0          0          0          0   _printf_x.o
        22          0          0          0          0        100   _rserrno.o
        64          0          0          0          0         84   _sgetc.o
        10          0          0          0          0         68   _sputc.o
        64          0          0          0          0         92   _wcrtomb.o
        16          0          0          0          0         68   aeabi_memset.o
       220          4        148          0          0         96   bigflt0.o
      2074        132          0          0          0        940   btod.o
        10          0          0          0          0         68   defsig_exit.o
        50          0          0          0          0         88   defsig_general.o
        80         58          0          0          0         76   defsig_rtmem_inner.o
        14          0          0          0          0         80   defsig_rtmem_outer.o
        12          0          0          0          0         72   exit.o
        94          0          0          0          0         80   h1_alloc.o
        52          0          0          0          0         68   h1_extend.o
        78          0          0          0          0         80   h1_free.o
        14          0          0          0          0         84   h1_init.o
         6          0          0          0          0        152   heapauxi.o
         4          0          0          0          0        136   hguard.o
         0          0          0          0          0          0   indicate_semi.o
       138          0          0          0          0        168   init_alloc.o
        18          0          0          0          0         76   isspace.o
        44         10        272          0          0         76   lc_ctype_c.o
        44         10         28          0          0         76   lc_numeric_c.o
         2          0          0          0          0          0   libinit.o
        42          0          0          0          0          0   libinit2.o
         2          0          0          0          0          0   libshutdown.o
         2          0          0          0          0          0   libshutdown2.o
         8          4          0          0         96         68   libspace.o
        72          0          0          0          0         76   llsdiv.o
        38          0          0          0          0         68   llshl.o
       138          0          0          0          0         80   lludiv10.o
       238          0          0          0          0        100   lludivv7m.o
         0          0          0          0          0          0   maybetermalloc1.o
        88          0          0          0          0         76   memcmp.o
        16          4          0          0          0         76   rt_ctype_table.o
         8          4          0          0          0         68   rt_errno_addr_intlibspace.o
         8          4          0          0          0         68   rt_heap_descriptor_intlibspace.o
         8          4          0          0          0         68   rt_locale_intlibspace.o
        68          0          0          0          0         68   rt_memclr.o
        78          0          0          0          0         80   rt_memclr_w.o
       138          0          0          0          0         68   rt_memcpy_v6.o
       100          0          0          0          0         80   rt_memcpy_w.o
         2          0          0          0          0          0   rtexit.o
        10          0          0          0          0          0   rtexit2.o
      1188         12          0          0          0        148   scanf_fp.o
       792         14          0          0          0        100   scanf_hexfp.o
       308         16          0          0          0        100   scanf_infnan.o
       128          0          0          0          0         68   strcmpv7m.o
       160         12          0          0          0        120   strtod.o
        12          4          0          0          0         68   sys_exit.o
        74          0          0          0          0         80   sys_stackheap_outer.o
        14          0          0          0          0         76   sys_wrch.o
         2          0          0          0          0         68   use_no_semi.o
        36          4          0          0          0         76   vsprintf.o
        24          0          0          0          0        164   basic.o
        98          4          0          0          0        140   d2f.o
       826         16          0          0          0        492   daddsub_clz.o
        16          4          0          0          0        116   dcheck1.o
        24          0          0          0          0        116   dcmpi.o
       688        140          0          0          0        256   ddiv.o
       120          4          0          0          0        140   deqf.o
        46          0          0          0          0        116   dflt_clz.o
       120          4          0          0          0        140   dleqf.o
       340         12          0          0          0        152   dmul.o
       156          4          0          0          0        140   dnaninf.o
        12          0          0          0          0        116   dretinf.o
       108          0          0          0          0        128   drleqf.o
       408         56          0          0          0        168   dsqrt_umaal.o
        86          4          0          0          0        132   f2d.o
       140          4          0          0          0        132   fnaninf.o
         0          0          8          0          0          0   fpconst.o
        10          0          0          0          0        116   fpinit.o
        10          0          0          0          0        116   fretinf.o
         4          0          0          0          0        116   printf1.o
         4          0          0          0          0        116   printf2.o
       100          0          0          0          0        116   retnan.o
        92          0          0          0          0        116   scalbn.o
         4          0          0          0          0        116   scanf1.o
         8          0          0          0          0        132   scanf2.o
        48          0          0          0          0        116   trapv.o
         0          0          0          0          0          0   usenofp.o
       864         94         80          0          0        280   asin.o
       744        106        152          0          0        352   atan.o
       496         64          0          0          0        192   atan2.o
        56         12          0          0          0        132   atof.o
       136         24          0          0          0        620   dunder.o
        44          0          0          0          0        248   fabs.o
        48          0          0          0          0        124   fpclassify.o
       140         22          0          0          0        132   frexp.o
       228          8          0          0          0        308   ldexp.o
       184         18          0          0          0        152   narrow.o
       248          0          0          0          0        152   poly.o
         0          0          8          0          0          0   qnan.o
       232          0          0          0          0        296   sqrt.o

    ----------------------------------------------------------------------
     17818        992        808          0        100      13468   Library Totals
        40          2          9          0          4          0   (incl. Padding)

    ----------------------------------------------------------------------

      Code (inc. data)   RO Data    RW Data    ZI Data      Debug   Library Name

     10866        390        551          0         96       6772   c_w.l
      3492        252          8          0          0       3708   fz_wm.l
      3420        348        240          0          0       2988   m_wm.l

    ----------------------------------------------------------------------
     17818        992        808          0        100      13468   Library Totals

    ----------------------------------------------------------------------

==============================================================================


      Code (inc. data)   RO Data    RW Data    ZI Data      Debug   

     89974       5260       5146        844       5636     586326   Grand Totals
     89974       5260       5146         88       5636     586326   ELF Image Totals (compressed)
     89974       5260       5146         88          0          0   ROM Totals

==============================================================================

    Total RO  Size (Code + RO Data)                95120 (  92.89kB)
    Total RW  Size (RW Data + ZI Data)              6480 (   6.33kB)
    Total ROM Size (Code + RO Data + RW Data)      95208 (  92.98kB)

==============================================================================

